******************************************************************************
             TMS320C2000 Linker PC v22.6.0                     
******************************************************************************
>> Linked Tue May  9 14:46:36 2023

OUTPUT FILE NAME:   <proj_lab11.out>
ENTRY POINT SYMBOL: "_c_int00"  address: 0000adb0


MEMORY CONFIGURATION

         name            origin    length      used     unused   attr    fill
----------------------  --------  ---------  --------  --------  ----  --------
PAGE 0:
  BEGIN                 00000000   00000002  00000002  00000000  RWIX
  RAMM0                 00000050   000003b0  00000191  0000021f  RWIX
  RAML0_L8              00008000   0000b800  000035fb  00008205  RWIX
  FPUTABLES             003fd590   000006a0  00000000  000006a0  RWIX
  IQTABLES              003fdc30   00000b50  00000b50  00000000  RWIX
  IQTABLES2             003fe780   0000008c  00000000  0000008c  RWIX
  IQTABLES3             003fe80c   000000aa  00000000  000000aa  RWIX
  BOOTROM               003ff3b0   00000c10  00000000  00000c10  RWIX
  RESET                 003fffc0   00000002  00000000  00000002  RWIX

PAGE 1:
  BOOT_RSVD             00000002   0000004e  00000000  0000004e  RWIX
  RAMM1                 00000400   00000400  000003b0  00000050  RWIX
  USB_RAM               00040000   00000800  00000000  00000800  RWIX


SECTION ALLOCATION MAP

 output                                  attributes/
section   page    origin      length       input sections
--------  ----  ----------  ----------   ----------------
codestart 
*          0    00000000    00000002     
                  00000000    00000002     CodeStartBranch.obj (codestart)

.cinit     0    00000050    0000015b     
                  00000050    00000139     proj_lab11.obj (.cinit)
                  00000189    0000000e     rts2800_ml.lib : exit.c.obj (.cinit)
                  00000197    00000005                    : _lock.c.obj (.cinit:__lock)
                  0000019c    00000005                    : _lock.c.obj (.cinit:__unlock)
                  000001a1    00000004     drv8301.obj (.cinit)
                  000001a5    00000004     rts2800_ml.lib : errno.c.obj (.cinit)
                  000001a9    00000002     --HOLE-- [fill = 0]

ramfuncs   0    000001ab    00000036     
                  000001ab    00000032     flash.obj (ramfuncs)
                  000001dd    00000004     usDelay.obj (ramfuncs)

.text      0    00008000    0000310e     
                  00008000    00000b9e     hal.obj (.text)
                  00008b9e    00000431     user.obj (.text)
                  00008fcf    0000041e     rts2800_ml.lib : e_powf.c.obj (.text)
                  000093ed    00000406     proj_lab11.obj (.text)
                  000097f3    0000036b     proj_lab11.obj (.text:retain)
                  00009b5e    000002f7     pwm.obj (.text)
                  00009e55    000002d1     drv8301.obj (.text)
                  0000a126    000001ed     adc.obj (.text)
                  0000a313    0000018a     clk.obj (.text)
                  0000a49d    00000187     rts2800_ml.lib : e_logf.c.obj (.text)
                  0000a624    0000017f     gpio.obj (.text)
                  0000a7a3    00000101     pie.obj (.text)
                  0000a8a4    000000f5     sci.obj (.text)
                  0000a999    000000a9     spi.obj (.text)
                  0000aa42    00000083     rts2800_ml.lib : fd_mpy28.asm.obj (.text)
                  0000aac5    00000083                    : fs_div28.asm.obj (.text)
                  0000ab48    00000078                    : fs_add28.asm.obj (.text)
                  0000abc0    00000075                    : e_sqrtf.c.obj (.text)
                  0000ac35    00000069                    : s_ceilf.c.obj (.text)
                  0000ac9e    0000005d                    : s_scalbnf.c.obj (.text)
                  0000acfb    0000005b     pll.obj (.text)
                  0000ad56    0000005a     rts2800_ml.lib : fs_mpy28.asm.obj (.text)
                  0000adb0    00000054                    : boot28.asm.obj (.text)
                  0000ae04    00000046     wdog.obj (.text)
                  0000ae4a    00000043     pwr.obj (.text)
                  0000ae8d    00000032     timer.obj (.text)
                  0000aebf    0000002d     osc.obj (.text)
                  0000aeec    00000029     rts2800_ml.lib : exit.c.obj (.text)
                  0000af15    00000025     cpu.obj (.text)
                  0000af3a    00000025     rts2800_ml.lib : fs_toi28.asm.obj (.text)
                  0000af5f    00000024                    : cpy_tbl.c.obj (.text)
                  0000af83    00000021                    : fs_toul28.asm.obj (.text)
                  0000afa4    00000020     flash.obj (.text)
                  0000afc4    0000001f     rts2800_ml.lib : fd_tol28.asm.obj (.text)
                  0000afe3    0000001d                    : fs_tou28.asm.obj (.text)
                  0000b000    0000001d                    : memcpy.c.obj (.text)
                  0000b01d    0000001c                    : fs_tofd28.asm.obj (.text)
                  0000b039    0000001a                    : i_tofs28.asm.obj (.text)
                  0000b053    0000001a                    : l_tofs28.asm.obj (.text)
                  0000b06d    00000017                    : fs_cmp28.asm.obj (.text)
                  0000b084    00000013                    : ul_tofs28.asm.obj (.text)
                  0000b097    00000011                    : args_main.c.obj (.text)
                  0000b0a8    00000010                    : u_tofs28.asm.obj (.text)
                  0000b0b8    0000000e     EST_getIdq_pu.lib : EST_getIdq_pu.obj (.text)
                  0000b0c6    0000000d     pid.obj (.text)
                  0000b0d3    0000000a     rts2800_ml.lib : s_copysignf.c.obj (.text)
                  0000b0dd    00000009                    : _lock.c.obj (.text)
                  0000b0e6    00000008     CodeStartBranch.obj (.text)
                  0000b0ee    00000007     svgen.obj (.text)
                  0000b0f5    00000006     clarke.obj (.text)
                  0000b0fb    00000006     ipark.obj (.text)
                  0000b101    00000005     pie.obj (.text:retain)
                  0000b106    00000005     rts2800_ml.lib : fs_neg28.asm.obj (.text)
                  0000b10b    00000002                    : pre_init.c.obj (.text)
                  0000b10d    00000001                    : startup.c.obj (.text)

.pinit     0    00000050    00000000     UNINITIALIZED

.reset     0    003fffc0    00000002     DSECT
                  003fffc0    00000002     rts2800_ml.lib : boot28.asm.obj (.reset)

.ebss      0    0000b10e    00000382     UNINITIALIZED
                  0000b10e    0000000a     proj_lab11.obj (.ebss:_pidHandle)
                  0000b118    00000006     rts2800_ml.lib : exit.c.obj (.ebss)
                  0000b11e    00000002                    : _lock.c.obj (.ebss:__lock)
                  0000b120    00000002                    : _lock.c.obj (.ebss:__unlock)
                  0000b122    00000002     drv8301.obj (.ebss)
                  0000b124    00000001     cpu.obj (.ebss)
                  0000b125    00000001     rts2800_ml.lib : errno.c.obj (.ebss)
                  0000b126    0000001a     --HOLE--
                  0000b140    0000022c     proj_lab11.obj (.ebss)
                  0000b36c    00000014     --HOLE--
                  0000b380    000000ac     hal.obj (.ebss)
                  0000b42c    00000014     --HOLE--
                  0000b440    00000050     proj_lab11.obj (.ebss:_pid)

.econst    0    0000b592    0000006a     
                  0000b592    00000032     rts2800_ml.lib : e_powf.c.obj (.econst)
                  0000b5c4    00000010                    : e_logf.c.obj (.econst)
                  0000b5d4    00000008     user.obj (.econst)
                  0000b5dc    00000006     rts2800_ml.lib : s_scalbnf.c.obj (.econst)
                  0000b5e2    00000004                    : e_powf.c.obj (.econst:_bp)
                  0000b5e6    00000004                    : e_powf.c.obj (.econst:_dp_h)
                  0000b5ea    00000004                    : e_powf.c.obj (.econst:_dp_l)
                  0000b5ee    00000004     hal.obj (.econst)
                  0000b5f2    00000004     proj_lab11.obj (.econst)
                  0000b5f6    00000004     rts2800_ml.lib : e_sqrtf.c.obj (.econst)
                  0000b5fa    00000002                    : s_ceilf.c.obj (.econst)

.stack     1    00000400    000003b0     UNINITIALIZED
                  00000400    000003b0     --HOLE--

IQmath     0    0000b490    00000101     
                  0000b490    00000047     IQmath.lib : IQ24div.obj (IQmath)
                  0000b4d7    00000042                : IQ24sqrt.obj (IQmath)
                  0000b519    00000029                : IQ24sinPU.obj (IQmath)
                  0000b542    00000027                : IQ24cosPU.obj (IQmath)
                  0000b569    00000014                : IQ24toF.obj (IQmath)
                  0000b57d    00000014                : IQ30toF.obj (IQmath)

IQmathTables 
*          0    003fdc30    00000b50     NOLOAD SECTION
                  003fdc30    00000b50     IQmath.lib : IQmathTables.obj (IQmathTables)

MODULE SUMMARY

       Module                code    initialized data   uninitialized data
       ------                ----    ----------------   ------------------
    .\
       hal.obj               2974    4                  172               
       proj_lab11.obj        1905    317                646               
       user.obj              1073    8                  0                 
       pwm.obj               759     0                  0                 
       drv8301.obj           721     4                  2                 
       adc.obj               493     0                  0                 
       clk.obj               394     0                  0                 
       gpio.obj              383     0                  0                 
       pie.obj               262     0                  0                 
       sci.obj               245     0                  0                 
       spi.obj               169     0                  0                 
       pll.obj               91      0                  0                 
       flash.obj             82      0                  0                 
       wdog.obj              70      0                  0                 
       pwr.obj               67      0                  0                 
       timer.obj             50      0                  0                 
       osc.obj               45      0                  0                 
       cpu.obj               37      0                  1                 
       pid.obj               13      0                  0                 
       CodeStartBranch.obj   10      0                  0                 
       svgen.obj             7       0                  0                 
       clarke.obj            6       0                  0                 
       ipark.obj             6       0                  0                 
       usDelay.obj           4       0                  0                 
    +--+---------------------+-------+------------------+--------------------+
       Total:                9866    333                821               
                                                                          
    C:/ti/ccs1220/ccs/tools/compiler/ti-cgt-c2000_22.6.0.LTS/lib/rts2800_ml.lib
       e_powf.c.obj          1054    62                 0                 
       e_logf.c.obj          391     16                 0                 
       fd_mpy28.asm.obj      131     0                  0                 
       fs_div28.asm.obj      131     0                  0                 
       e_sqrtf.c.obj         117     4                  0                 
       fs_add28.asm.obj      120     0                  0                 
       s_ceilf.c.obj         105     2                  0                 
       s_scalbnf.c.obj       93      6                  0                 
       fs_mpy28.asm.obj      90      0                  0                 
       boot28.asm.obj        84      0                  0                 
       exit.c.obj            41      14                 6                 
       fs_toi28.asm.obj      37      0                  0                 
       cpy_tbl.c.obj         36      0                  0                 
       fs_toul28.asm.obj     33      0                  0                 
       fd_tol28.asm.obj      31      0                  0                 
       fs_tou28.asm.obj      29      0                  0                 
       memcpy.c.obj          29      0                  0                 
       fs_tofd28.asm.obj     28      0                  0                 
       i_tofs28.asm.obj      26      0                  0                 
       l_tofs28.asm.obj      26      0                  0                 
       _lock.c.obj           9       10                 4                 
       fs_cmp28.asm.obj      23      0                  0                 
       ul_tofs28.asm.obj     19      0                  0                 
       args_main.c.obj       17      0                  0                 
       u_tofs28.asm.obj      16      0                  0                 
       s_copysignf.c.obj     10      0                  0                 
       errno.c.obj           0       4                  1                 
       fs_neg28.asm.obj      5       0                  0                 
       pre_init.c.obj        2       0                  0                 
       startup.c.obj         1       0                  0                 
    +--+---------------------+-------+------------------+--------------------+
       Total:                2734    118                11                
                                                                          
    D:/GIANT/GiantNEO/motorware/motorware_1_01_00_18/sw/modules/fast/lib/32b/f28x/EST_getIdq_pu.lib
       EST_getIdq_pu.obj     14      0                  0                 
    +--+---------------------+-------+------------------+--------------------+
       Total:                14      0                  0                 
                                                                          
    D:/GIANT/GiantNEO/motorware/motorware_1_01_00_18/sw/modules/iqmath/lib/f28x/32b/IQmath.lib
       IQmathTables.obj      0       2896               0                 
       IQ24div.obj           0       71                 0                 
       IQ24sqrt.obj          0       66                 0                 
       IQ24sinPU.obj         0       41                 0                 
       IQ24cosPU.obj         0       39                 0                 
       IQ24toF.obj           0       20                 0                 
       IQ30toF.obj           0       20                 0                 
    +--+---------------------+-------+------------------+--------------------+
       Total:                0       3153               0                 
                                                                          
       Stack:                0       0                  944               
    +--+---------------------+-------+------------------+--------------------+
       Grand Total:          12614   3604               1776              


GLOBAL DATA SYMBOLS: SORTED BY DATA PAGE

address     data page           name
--------    ----------------    ----
00000400      10 (00000400)     __stack

0000b10e     2c4 (0000b100)     _pidHandle
0000b118     2c4 (0000b100)     ___TI_enable_exit_profile_output
0000b11a     2c4 (0000b100)     ___TI_cleanup_ptr
0000b11c     2c4 (0000b100)     ___TI_dtors_ptr
0000b11e     2c4 (0000b100)     __lock
0000b120     2c4 (0000b100)     __unlock
0000b124     2c4 (0000b100)     _cpu
0000b125     2c4 (0000b100)     _errno

0000b140     2c5 (0000b140)     _Protect_dcbus
0000b141     2c5 (0000b140)     _Flag_enableDcBusProtect
0000b142     2c5 (0000b140)     _success
0000b143     2c5 (0000b140)     _dataTx_speed
0000b144     2c5 (0000b140)     _dataTx_torque
0000b145     2c5 (0000b140)     _dataTx_current
0000b146     2c5 (0000b140)     _dataRx
0000b147     2c5 (0000b140)     _pidCntSpeed
0000b148     2c5 (0000b140)     _gCmpOffset
0000b149     2c5 (0000b140)     _gIavg_shift
0000b14a     2c5 (0000b140)     _xPotentiometer
0000b14c     2c5 (0000b140)     _yPotentiometer
0000b14e     2c5 (0000b140)     _fPotentiometer
0000b150     2c5 (0000b140)     _gPotentiometer
0000b152     2c5 (0000b140)     _torque_head
0000b154     2c5 (0000b140)     _pre_torque_head
0000b156     2c5 (0000b140)     _torque_head_comm
0000b158     2c5 (0000b140)     _refspeed
0000b15a     2c5 (0000b140)     _VDCSET
0000b15c     2c5 (0000b140)     _VDCPORTECT
0000b15e     2c5 (0000b140)     _pu_to_khz_sf
0000b160     2c5 (0000b140)     _khz_to_krpm_sf
0000b162     2c5 (0000b140)     _Iq_Amp
0000b164     2c5 (0000b140)     _Speed_kRPM
0000b166     2c5 (0000b140)     _clarkeHandle_I
0000b168     2c5 (0000b140)     _clarkeHandle_V
0000b16a     2c5 (0000b140)     _estHandle
0000b16c     2c5 (0000b140)     _iparkHandle
0000b16e     2c5 (0000b140)     _svgenHandle
0000b170     2c5 (0000b140)     _svgen
0000b172     2c5 (0000b140)     _halHandle
0000b174     2c5 (0000b140)     _fsHandle
0000b176     2c5 (0000b140)     _cpu_timeHandle
0000b178     2c5 (0000b140)     _gFlux_pu_to_Wb_sf
0000b17a     2c5 (0000b140)     _gFlux_pu_to_VpHz_sf
0000b17c     2c5 (0000b140)     _gTorque_Ls_Id_Iq_pu_to_Nm_sf
0000b17e     2c5 (0000b140)     _gTorque_Flux_Iq_pu_to_Nm_sf

0000b180     2c6 (0000b180)     _gSpeed_krpm_to_pu_sf
0000b182     2c6 (0000b180)     _gSpeed_hz_to_krpm_sf
0000b184     2c6 (0000b180)     _ipark
0000b188     2c6 (0000b180)     _gIdq_ref_pu
0000b18c     2c6 (0000b180)     _gVdq_out_pu
0000b190     2c6 (0000b180)     _gIdq_pu
0000b194     2c6 (0000b180)     _clarke_I
0000b19a     2c6 (0000b180)     _clarke_V
0000b1a0     2c6 (0000b180)     _gPwmData
0000b1a6     2c6 (0000b180)     _gOffsets_I_pu
0000b1ac     2c6 (0000b180)     _gOffsets_V_pu
0000b1b2     2c6 (0000b180)     _gIavg
0000b1b8     2c6 (0000b180)     _gPwmData_prev

0000b1c0     2c7 (0000b1c0)     _gAdcData
0000b1ce     2c7 (0000b1c0)     _fs
0000b1e0     2c7 (0000b1c0)     _cpu_time

0000b200     2c8 (0000b200)     _gDrvSpi8301Vars
0000b218     2c8 (0000b200)     _gDacData

0000b240     2c9 (0000b240)     _gMotorVars

0000b2c0     2cb (0000b2c0)     _gUserParams

0000b380     2ce (0000b380)     _hal

0000b440     2d1 (0000b440)     _pid

0000b490     2d2 (0000b480)     __IQ24div

0000b4d7     2d3 (0000b4c0)     __IQ24sqrt

0000b519     2d4 (0000b500)     __IQ24sinPU

0000b542     2d5 (0000b540)     __IQ24cosPU
0000b569     2d5 (0000b540)     __IQ24toF
0000b57d     2d5 (0000b540)     __IQ30toF

003fdc30    ff70 (003fdc00)     _IQsinTable

003fdd30    ff74 (003fdd00)     _IQcosTable

003fe030    ff80 (003fe000)     _IQsinTableEnd

003fe132    ff84 (003fe100)     _IQcosTableEnd
003fe132    ff84 (003fe100)     _IQdivRoundSatTable

003fe140    ff85 (003fe140)     _IQdivTable

003fe342    ff8d (003fe340)     _IQdivTableEnd
003fe342    ff8d (003fe340)     _IQisqrtRoundSatTable
003fe342    ff8d (003fe340)     _IQsqrtRoundSatTable
003fe352    ff8d (003fe340)     _IQisqrtTable
003fe352    ff8d (003fe340)     _IQsqrtTable

003fe454    ff91 (003fe440)     _IQatan2HalfPITable
003fe454    ff91 (003fe440)     _IQisqrtTableEnd
003fe454    ff91 (003fe440)     _IQsqrtTableEnd

003fe492    ff92 (003fe480)     _IQatan2Table

003fe618    ff98 (003fe600)     _IQ30mpyRndSatTable
003fe618    ff98 (003fe600)     _IQatan2TableEnd
003fe618    ff98 (003fe600)     _IQmpyRndSatTable
003fe624    ff98 (003fe600)     _IQ29mpyRndSatTable
003fe630    ff98 (003fe600)     _IQ28mpyRndSatTable
003fe63c    ff98 (003fe600)     _IQ27mpyRndSatTable

003fe648    ff99 (003fe640)     _IQ26mpyRndSatTable
003fe654    ff99 (003fe640)     _IQ25mpyRndSatTable
003fe660    ff99 (003fe640)     _IQ24mpyRndSatTable
003fe66c    ff99 (003fe640)     _IQ23mpyRndSatTable
003fe678    ff99 (003fe640)     _IQ22mpyRndSatTable

003fe684    ff9a (003fe680)     _IQ21mpyRndSatTable
003fe690    ff9a (003fe680)     _IQ20mpyRndSatTable
003fe69c    ff9a (003fe680)     _IQ19mpyRndSatTable
003fe6a8    ff9a (003fe680)     _IQ18mpyRndSatTable
003fe6b4    ff9a (003fe680)     _IQ17mpyRndSatTable

003fe6c0    ff9b (003fe6c0)     _IQ16mpyRndSatTable
003fe6cc    ff9b (003fe6c0)     _IQ15mpyRndSatTable
003fe6d8    ff9b (003fe6c0)     _IQ14mpyRndSatTable
003fe6e4    ff9b (003fe6c0)     _IQ13mpyRndSatTable
003fe6f0    ff9b (003fe6c0)     _IQ12mpyRndSatTable
003fe6fc    ff9b (003fe6c0)     _IQ11mpyRndSatTable

003fe708    ff9c (003fe700)     _IQ10mpyRndSatTable
003fe714    ff9c (003fe700)     _IQ9mpyRndSatTable
003fe720    ff9c (003fe700)     _IQ8mpyRndSatTable
003fe72c    ff9c (003fe700)     _IQ7mpyRndSatTable
003fe738    ff9c (003fe700)     _IQ6mpyRndSatTable

003fe744    ff9d (003fe740)     _IQ5mpyRndSatTable
003fe750    ff9d (003fe740)     _IQ4mpyRndSatTable
003fe75c    ff9d (003fe740)     _IQ3mpyRndSatTable
003fe768    ff9d (003fe740)     _IQ2mpyRndSatTable
003fe774    ff9d (003fe740)     _IQ1mpyRndSatTable

003fe780    ff9e (003fe780)     _IQmpyRndSatTableEnd


GLOBAL SYMBOLS: SORTED ALPHABETICALLY BY Name 

page  address   name                                             
----  -------   ----                                             
0     00008000  .text                                            
0     0000aeec  C$$EXIT                                          
0     0000aa42  FD$$MPY                                          
0     0000afc4  FD$$TOL                                          
0     0000ab4d  FS$$ADD                                          
0     0000b06d  FS$$CMP                                          
0     0000aac5  FS$$DIV                                          
0     0000ad56  FS$$MPY                                          
0     0000b106  FS$$NEG                                          
0     0000ab48  FS$$SUB                                          
0     0000b01d  FS$$TOFD                                         
0     0000af3a  FS$$TOI                                          
0     0000afe3  FS$$TOU                                          
0     0000af83  FS$$TOUL                                         
0     0000b039  I$$TOFS                                          
0     0000b053  L$$TOFS                                          
0     0000b0a8  U$$TOFS                                          
0     0000b084  UL$$TOFS                                         
0     0000a309  _ADC_disable                                     
0     0000a2ff  _ADC_disableBandGap                              
0     0000a2e8  _ADC_disableInt                                  
0     0000a2de  _ADC_disableNoOverlapMode                        
0     0000a2d4  _ADC_disableRefBuffers                           
0     0000a2ca  _ADC_disableVoltRefLoConv                        
0     0000a2c0  _ADC_enable                                      
0     0000a2b6  _ADC_enableBandGap                               
0     0000a2a0  _ADC_enableInt                                   
0     0000a296  _ADC_enableNoOverlapMode                         
0     0000a28c  _ADC_enableRefBuffers                            
0     0000a282  _ADC_enableVoltRefLoConv                         
0     0000a27a  _ADC_getDivideSelect                             
0     0000a273  _ADC_init                                        
0     0000a269  _ADC_powerDown                                   
0     0000a25f  _ADC_powerUp                                     
0     0000a255  _ADC_reset                                       
0     0000a244  _ADC_setDivideSelect                             
0     0000a223  _ADC_setIntMode                                  
0     0000a212  _ADC_setIntPulseGenMode                          
0     0000a1f1  _ADC_setIntSrc                                   
0     0000a1ea  _ADC_setOffTrim                                  
0     0000a1d3  _ADC_setSampleMode                               
0     0000a1c0  _ADC_setSampleOverlapMode                        
0     0000a1ac  _ADC_setSocChanNumber                            
0     0000a1a2  _ADC_setSocFrc                                   
0     0000a19b  _ADC_setSocFrcWord                               
0     0000a187  _ADC_setSocSampleDelay                           
0     0000a173  _ADC_setSocTrigSrc                               
0     0000a162  _ADC_setTempSensorSrc                            
0     0000a151  _ADC_setVoltRefSrc                               
0     0000a126  _ADC_setupSocTrigSrc                             
0     0000b0f5  _CLARKE_init                                     
0     0000a496  _CLK_disableAdcClock                             
0     0000a48f  _CLK_disableClaClock                             
0     0000a489  _CLK_disableClkIn                                
0     0000a485  _CLK_disableCompClock                            
0     0000a47e  _CLK_disableCpuTimerClock                        
0     0000a478  _CLK_disableCrystalOsc                           
0     0000a471  _CLK_disableEcanaClock                           
0     0000a46a  _CLK_disableEcap1Clock                           
0     0000a463  _CLK_disableEqep1Clock                           
0     0000a45c  _CLK_disableEqep2Clock                           
0     0000a455  _CLK_disableGpioInputClock                       
0     0000a44e  _CLK_disableHrPwmClock                           
0     0000a447  _CLK_disableI2cClock                             
0     0000a440  _CLK_disableLinAClock                            
0     0000a43a  _CLK_disableOsc1                                 
0     0000a434  _CLK_disableOsc1HaltMode                         
0     0000a42e  _CLK_disableOsc2                                 
0     0000a428  _CLK_disableOsc2HaltMode                         
0     0000a41e  _CLK_disablePwmClock                             
0     0000a417  _CLK_disableSciaClock                            
0     0000a410  _CLK_disableScibClock                            
0     0000a409  _CLK_disableSpiaClock                            
0     0000a405  _CLK_disableSpibClock                            
0     0000a3fe  _CLK_disableTbClockSync                          
0     0000a3f8  _CLK_disableWatchDogHaltMode                     
0     0000a3f1  _CLK_enableAdcClock                              
0     0000a3ea  _CLK_enableClaClock                              
0     0000a3e4  _CLK_enableClkIn                                 
0     0000a3de  _CLK_enableCompClock                             
0     0000a3d8  _CLK_enableCpuTimerClock                         
0     0000a3d2  _CLK_enableCrystalOsc                            
0     0000a3cb  _CLK_enableEcanaClock                            
0     0000a3c4  _CLK_enableEcap1Clock                            
0     0000a3bd  _CLK_enableEqep1Clock                            
0     0000a3b6  _CLK_enableEqep2Clock                            
0     0000a3af  _CLK_enableGpioInputClock                        
0     0000a3a8  _CLK_enableHrPwmClock                            
0     0000a3a1  _CLK_enableI2cClock                              
0     0000a39a  _CLK_enableLinAClock                             
0     0000a394  _CLK_enableOsc1                                  
0     0000a38e  _CLK_enableOsc1HaltMode                          
0     0000a388  _CLK_enableOsc2                                  
0     0000a382  _CLK_enableOsc2HaltMode                          
0     0000a379  _CLK_enablePwmClock                              
0     0000a372  _CLK_enableSciaClock                             
0     0000a36b  _CLK_enableScibClock                             
0     0000a364  _CLK_enableSpiaClock                             
0     0000a35d  _CLK_enableSpibClock                             
0     0000a356  _CLK_enableTbClockSync                           
0     0000a350  _CLK_enableWatchDogHaltMode                      
0     0000a34a  _CLK_init                                        
0     0000a343  _CLK_setClkOutPreScaler                          
0     0000a33d  _CLK_setLowSpdPreScaler                          
0     0000a336  _CLK_setOsc2Src                                  
0     0000a32f  _CLK_setOscSrc                                   
0     0000a328  _CLK_setTimer2PreScale                           
0     0000a321  _CLK_setTimer2Src                                
0     0000a31a  _CLK_setWatchDogSrc                              
0     0000a313  _CLK_setXClkInSrc                                
0     0000af37  _CPU_clearIntFlags                               
0     0000af34  _CPU_disableDebugInt                             
0     0000af31  _CPU_disableGlobalInts                           
0     0000af2c  _CPU_disableInt                                  
0     0000af29  _CPU_disableInts                                 
0     0000af26  _CPU_disableProtectedRegisterWrite               
0     0000af23  _CPU_enableDebugInt                              
0     0000af20  _CPU_enableGlobalInts                            
0     0000af1c  _CPU_enableInt                                   
0     0000af19  _CPU_enableProtectedRegisterWrite                
0     0000af15  _CPU_init                                        
abs   003fa69d  _CTRL_init                                       
abs   003fa83e  _CTRL_setGains                                   
abs   003fa866  _CTRL_setParams                                  
abs   003f9d31  _CTRL_setUserMotorParams                         
abs   003f99a5  _CTRL_setupEstIdleState                          
0     0000a104  _DRV8301_enable                                  
0     0000a0f2  _DRV8301_getDcCalMode                            
0     0000a0d7  _DRV8301_getFaultType                            
0     0000a0d1  _DRV8301_getId                                   
0     0000a0ca  _DRV8301_getOcLevel                              
0     0000a0c3  _DRV8301_getOcMode                               
0     0000a0bc  _DRV8301_getOcOffTimeMode                        
0     0000a0b5  _DRV8301_getOcTwMode                             
0     0000a0ae  _DRV8301_getPeakCurrent                          
0     0000a0a7  _DRV8301_getPwmMode                              
0     0000a0a0  _DRV8301_getShuntAmpGain                         
0     0000a097  _DRV8301_init                                    
0     0000a091  _DRV8301_isFault                                 
0     0000a08a  _DRV8301_isReset                                 
0     0000a014  _DRV8301_readData                                
0     00009e95  _DRV8301_readSpi                                 
0     0000a005  _DRV8301_reset                                   
0     00009fe6  _DRV8301_setDcCalMode                            
0     00009fe4  _DRV8301_setGpioHandle                           
0     00009fe2  _DRV8301_setGpioNumber                           
0     00009fce  _DRV8301_setOcLevel                              
0     00009fba  _DRV8301_setOcMode                               
0     00009fa6  _DRV8301_setOcOffTimeMode                        
0     00009f92  _DRV8301_setOcTwMode                             
0     00009f7e  _DRV8301_setPeakCurrent                          
0     00009f6a  _DRV8301_setPwmMode                              
0     00009f56  _DRV8301_setShuntAmpGain                         
0     00009f54  _DRV8301_setSpiHandle                            
0     00009ecd  _DRV8301_setupSpi                                
0     00009e6c  _DRV8301_writeData                               
0     00009e55  _DRV8301_writeSpi                                
abs   003f8c0d  _EST_getAngle_pu                                 
abs   003f96be  _EST_getFlux_VpHz                                
abs   003f96ab  _EST_getFlux_pu                                  
abs   003f968e  _EST_getFm_pu                                    
abs   003f9632  _EST_getIdRated                                  
0     0000b0b8  _EST_getIdq_pu                                   
abs   003f95ff  _EST_getLs_coarse_max_pu                         
abs   003f95f5  _EST_getLs_d_H                                   
abs   003f95f0  _EST_getLs_d_pu                                  
abs   003f95ce  _EST_getLs_q_H                                   
abs   003f95c9  _EST_getLs_q_pu                                  
abs   003f95b3  _EST_getOneOverDcBus_pu                          
abs   003f95ad  _EST_getRr_Ohm                                   
abs   003f9513  _EST_getRs_Ohm                                   
abs   003f94c6  _EST_getSpeed_krpm                               
abs   003f861b  _EST_getState                                    
abs   003f9393  _EST_init                                        
abs   003f927b  _EST_run                                         
abs   003f8bdb  _EST_setFlag_enableForceAngle                    
abs   003f8bd3  _EST_setFlag_enableRsRecalc                      
abs   003f8b7a  _EST_setIdle                                     
abs   003f8b45  _EST_setLs_d_pu                                  
abs   003f8af1  _EST_setLs_qFmt                                  
abs   003f8ae7  _EST_setLs_q_pu                                  
abs   003f8713  _EST_updateState                                 
0     0000afbe  _FLASH_clear3VStatus                             
0     000001d7  _FLASH_disablePipelineMode                       
0     000001d1  _FLASH_enablePipelineMode                        
0     0000afbb  _FLASH_get3VStatus                               
0     0000afb8  _FLASH_getActiveWaitCount                        
0     0000afb4  _FLASH_getActiveWaitStatus                       
0     0000afb1  _FLASH_getPowerMode                              
0     0000afae  _FLASH_getStandbyWaitCount                       
0     0000afaa  _FLASH_getStandbyWaitStatus                      
0     0000afa4  _FLASH_init                                      
0     000001cc  _FLASH_setActiveWaitCount                        
0     000001c5  _FLASH_setNumPagedReadWaitStates                 
0     000001be  _FLASH_setNumRandomReadWaitStates                
0     000001b7  _FLASH_setOtpWaitStates                          
0     000001b0  _FLASH_setPowerMode                              
0     000001ab  _FLASH_setStandbyWaitCount                       
0     0000b141  _Flag_enableDcBusProtect                         
0     0000a795  _GPIO_getData                                    
0     0000a78a  _GPIO_getPortData                                
0     0000a784  _GPIO_init                                       
0     0000a77a  _GPIO_lpmSelect                                  
0     0000a767  _GPIO_read                                       
0     0000a74d  _GPIO_setDirection                               
0     0000a742  _GPIO_setExtInt                                  
0     0000a732  _GPIO_setHigh                                    
0     0000a722  _GPIO_setLow                                     
0     0000a6ee  _GPIO_setMode                                    
0     0000a6e0  _GPIO_setPortData                                
0     0000a6c6  _GPIO_setPullup                                  
0     0000a689  _GPIO_setQualification                           
0     0000a634  _GPIO_setQualificationPeriod                     
0     0000a624  _GPIO_toggle                                     
0     00008646  _HAL_AdcCalChanSelect                            
0     0000869d  _HAL_AdcCalConversion                            
0     000087f5  _HAL_AdcOffsetSelfCal                            
0     000088bb  _HAL_OscTempComp                                 
0     0000890f  _HAL_cal                                         
0     00008b9a  _HAL_disableGlobalInts                           
0     00008a6a  _HAL_disableWdog                                 
0     00008b89  _HAL_enableAdcInts                               
0     00008b85  _HAL_enableDebugInt                              
0     00008b80  _HAL_enableDrv                                   
0     00008b7c  _HAL_enableGlobalInts                            
0     00008b6b  _HAL_enablePwmInt                                
0     00008b58  _HAL_enableSciInts                               
0     00008b48  _HAL_enableTimer0Int                             
0     00008828  _HAL_getOscTrimValue                             
0     00008a6f  _HAL_init                                        
0     0000883b  _HAL_osc1Comp                                    
0     0000887b  _HAL_osc2Comp                                    
0     00008a65  _HAL_readDrvData                                 
0     00008a4a  _HAL_setDacParameters                            
0     00008926  _HAL_setParams                                   
0     0000856e  _HAL_setupAdcs                                   
0     00008552  _HAL_setupClks                                   
0     0000854d  _HAL_setupDrvSpi                                 
0     0000852f  _HAL_setupFaults                                 
0     00008511  _HAL_setupFlash                                  
0     000084fc  _HAL_setupGate                                   
0     00008342  _HAL_setupGpios                                  
0     000082f2  _HAL_setupPeripheralClks                         
0     000082d6  _HAL_setupPie                                    
0     00008297  _HAL_setupPll                                    
0     0000820a  _HAL_setupPwmDacs                                
0     00008132  _HAL_setupPwms                                   
0     00008106  _HAL_setupSciA                                   
0     000080da  _HAL_setupSciB                                   
0     00008094  _HAL_setupSpiA                                   
0     0000805e  _HAL_setupSpiB                                   
0     00008005  _HAL_setupTimers                                 
0     00008000  _HAL_writeDrvData                                
0     0000b0fb  _IPARK_init                                      
0     003fe708  _IQ10mpyRndSatTable                              
0     003fe6fc  _IQ11mpyRndSatTable                              
0     003fe6f0  _IQ12mpyRndSatTable                              
0     003fe6e4  _IQ13mpyRndSatTable                              
0     003fe6d8  _IQ14mpyRndSatTable                              
0     003fe6cc  _IQ15mpyRndSatTable                              
0     003fe6c0  _IQ16mpyRndSatTable                              
0     003fe6b4  _IQ17mpyRndSatTable                              
0     003fe6a8  _IQ18mpyRndSatTable                              
0     003fe69c  _IQ19mpyRndSatTable                              
0     003fe774  _IQ1mpyRndSatTable                               
0     003fe690  _IQ20mpyRndSatTable                              
0     003fe684  _IQ21mpyRndSatTable                              
0     003fe678  _IQ22mpyRndSatTable                              
0     003fe66c  _IQ23mpyRndSatTable                              
0     003fe660  _IQ24mpyRndSatTable                              
0     003fe654  _IQ25mpyRndSatTable                              
0     003fe648  _IQ26mpyRndSatTable                              
0     003fe63c  _IQ27mpyRndSatTable                              
0     003fe630  _IQ28mpyRndSatTable                              
0     003fe624  _IQ29mpyRndSatTable                              
0     003fe768  _IQ2mpyRndSatTable                               
0     003fe618  _IQ30mpyRndSatTable                              
0     003fe75c  _IQ3mpyRndSatTable                               
0     003fe750  _IQ4mpyRndSatTable                               
0     003fe744  _IQ5mpyRndSatTable                               
0     003fe738  _IQ6mpyRndSatTable                               
0     003fe72c  _IQ7mpyRndSatTable                               
0     003fe720  _IQ8mpyRndSatTable                               
0     003fe714  _IQ9mpyRndSatTable                               
0     003fe454  _IQatan2HalfPITable                              
0     003fe492  _IQatan2Table                                    
0     003fe618  _IQatan2TableEnd                                 
0     003fdd30  _IQcosTable                                      
0     003fe132  _IQcosTableEnd                                   
0     003fe132  _IQdivRoundSatTable                              
0     003fe140  _IQdivTable                                      
0     003fe342  _IQdivTableEnd                                   
0     003fe342  _IQisqrtRoundSatTable                            
0     003fe352  _IQisqrtTable                                    
0     003fe454  _IQisqrtTableEnd                                 
0     003fe618  _IQmpyRndSatTable                                
0     003fe780  _IQmpyRndSatTableEnd                             
0     003fdc30  _IQsinTable                                      
0     003fe030  _IQsinTableEnd                                   
0     003fe342  _IQsqrtRoundSatTable                             
0     003fe352  _IQsqrtTable                                     
0     003fe454  _IQsqrtTableEnd                                  
0     0000b162  _Iq_Amp                                          
abs   003fb4dc  _OFFSET_init                                     
abs   003fb4c6  _OFFSET_setBeta                                  
abs   003fb4bd  _OFFSET_setInitCond                              
abs   003fb4bb  _OFFSET_setOffset                                
0     0000aee6  _OSC_init                                        
0     0000aed9  _OSC_setCoarseTrim                               
0     0000aec8  _OSC_setFineTrim                                 
0     0000aebf  _OSC_setTrim                                     
0     0000b0c6  _PID_init                                        
0     0000a89d  _PIE_clearAllFlags                               
0     0000a89a  _PIE_clearAllInts                                
0     0000a897  _PIE_disable                                     
0     0000a890  _PIE_disableAllInts                              
0     0000a88c  _PIE_disableCaptureInt                           
0     0000a883  _PIE_disableExtInt                               
0     0000a879  _PIE_disableInt                                  
0     0000a876  _PIE_enable                                      
0     0000a85a  _PIE_enableAdcInt                                
0     0000a856  _PIE_enableCaptureInt                            
0     0000a839  _PIE_enableExtInt                                
0     0000a830  _PIE_enableInt                                   
0     0000a82b  _PIE_enablePwmInt                                
0     0000a826  _PIE_enablePwmTzInt                              
0     0000a823  _PIE_enableTimer0Int                             
0     0000a81a  _PIE_forceInt                                    
0     0000a812  _PIE_getExtIntCount                              
0     0000a80b  _PIE_getIntEnables                               
0     0000a804  _PIE_getIntFlags                                 
0     0000b101  _PIE_illegalIsr                                  
0     0000a7fd  _PIE_init                                        
0     0000a7eb  _PIE_registerPieIntHandler                       
0     0000a7e0  _PIE_registerSystemIntHandler                    
0     0000a7d5  _PIE_setDefaultIntVectorTable                    
0     0000a7c4  _PIE_setExtIntPolarity                           
0     0000a7b0  _PIE_unregisterPieIntHandler                     
0     0000a7a3  _PIE_unregisterSystemIntHandler                  
0     0000ad50  _PLL_disable                                     
0     0000ad4a  _PLL_disableClkDetect                            
0     0000ad44  _PLL_disableNormRdy                              
0     0000ad3e  _PLL_disableOsc                                  
0     0000ad38  _PLL_enable                                      
0     0000ad32  _PLL_enableClkDetect                             
0     0000ad2c  _PLL_enableNormRdy                               
0     0000ad26  _PLL_enableOsc                                   
0     0000ad22  _PLL_getClkFreq                                  
0     0000ad1f  _PLL_getClkStatus                                
0     0000ad1c  _PLL_getDivideSelect                             
0     0000ad19  _PLL_getLockStatus                               
0     0000ad13  _PLL_init                                        
0     0000ad0d  _PLL_resetClkDetect                              
0     0000ad07  _PLL_setClkFreq                                  
0     0000ad00  _PLL_setDivideSelect                             
0     0000acfb  _PLL_setLockPeriod                               
0     00009e4f  _PWM_clearTripZone                               
0     00009e4c  _PWM_decrementDeadBandFallingEdgeDelay           
0     00009e49  _PWM_decrementDeadBandRisingEdgeDelay            
0     00009e42  _PWM_disableAutoConvert                          
0     00009e3e  _PWM_disableChopping                             
0     00009e3b  _PWM_disableCounterLoad                          
0     00009e38  _PWM_disableDeadBand                             
0     00009e34  _PWM_disableDeadBandHalfCycle                    
0     00009e2d  _PWM_disableDigitalCompareBlankingWindow         
0     00009e26  _PWM_disableDigitalCompareBlankingWindowInversion
0     00009e1f  _PWM_disableHrPeriod                             
0     00009e18  _PWM_disableHrPhaseSync                          
0     00009e14  _PWM_disableInt                                  
0     00009e10  _PWM_disableSocAPulse                            
0     00009e0c  _PWM_disableSocBPulse                            
0     00009e05  _PWM_disableTripZoneInt                          
0     00009dfe  _PWM_disableTripZoneSrc                          
0     00009df8  _PWM_disableTripZones                            
0     00009df1  _PWM_enableAutoConvert                           
0     00009ded  _PWM_enableChopping                              
0     00009dea  _PWM_enableCounterLoad                           
0     00009de6  _PWM_enableDeadBandHalfCycle                     
0     00009ddf  _PWM_enableDigitalCompareBlankingWindow          
0     00009dd8  _PWM_enableDigitalCompareBlankingWindowInversion 
0     00009dd1  _PWM_enableHrPeriod                              
0     00009dca  _PWM_enableHrPhaseSync                           
0     00009dc6  _PWM_enableInt                                   
0     00009dc2  _PWM_enableSocAPulse                             
0     00009dbe  _PWM_enableSocBPulse                             
0     00009db8  _PWM_enableTripZoneInt                           
0     00009db2  _PWM_enableTripZoneSrc                           
0     00009daf  _PWM_getDeadBandFallingEdgeDelay                 
0     00009dac  _PWM_getDeadBandRisingEdgeDelay                  
0     00009da8  _PWM_getIntCount                                 
0     00009da4  _PWM_getShadowStatus_CmpA                        
0     00009da0  _PWM_getShadowStatus_CmpB                        
0     00009d9b  _PWM_getSocACount                                
0     00009d96  _PWM_getSocBCount                                
0     00009d93  _PWM_incrementDeadBandFallingEdgeDelay           
0     00009d90  _PWM_incrementDeadBandRisingEdgeDelay            
0     00009d8a  _PWM_init                                        
0     00009d83  _PWM_setActionQualContSWForce_PwmA               
0     00009d7a  _PWM_setActionQualContSWForce_PwmB               
0     00009d71  _PWM_setActionQual_CntDown_CmpA_PwmA             
0     00009d68  _PWM_setActionQual_CntDown_CmpA_PwmB             
0     00009d5f  _PWM_setActionQual_CntDown_CmpB_PwmA             
0     00009d56  _PWM_setActionQual_CntDown_CmpB_PwmB             
0     00009d4d  _PWM_setActionQual_CntUp_CmpA_PwmA               
0     00009d44  _PWM_setActionQual_CntUp_CmpA_PwmB               
0     00009d3b  _PWM_setActionQual_CntUp_CmpB_PwmA               
0     00009d32  _PWM_setActionQual_CntUp_CmpB_PwmB               
0     00009d29  _PWM_setActionQual_Period_PwmA                   
0     00009d20  _PWM_setActionQual_Period_PwmB                   
0     00009d19  _PWM_setActionQual_Zero_PwmA                     
0     00009d12  _PWM_setActionQual_Zero_PwmB                     
0     00009d0b  _PWM_setChoppingClkFreq                          
0     00009d04  _PWM_setChoppingDutyCycle                        
0     00009cfd  _PWM_setChoppingPulseWidth                       
0     00009cf9  _PWM_setClkDiv                                   
0     00009cf7  _PWM_setCount                                    
0     00009cf3  _PWM_setCounterMode                              
0     00009cf0  _PWM_setDeadBandFallingEdgeDelay                 
0     00009ce9  _PWM_setDeadBandInputMode                        
0     00009ce2  _PWM_setDeadBandOutputMode                       
0     00009cdb  _PWM_setDeadBandPolarity                         
0     00009cd8  _PWM_setDeadBandRisingEdgeDelay                  
0     00009cbe  _PWM_setDigitalCompareAEvent1                    
0     00009cae  _PWM_setDigitalCompareAEvent2                    
0     00009c94  _PWM_setDigitalCompareBEvent1                    
0     00009c84  _PWM_setDigitalCompareBEvent2                    
0     00009c78  _PWM_setDigitalCompareBlankingPulse              
0     00009c75  _PWM_setDigitalCompareFilterOffset               
0     00009c6b  _PWM_setDigitalCompareFilterSource               
0     00009c68  _PWM_setDigitalCompareFilterWindow               
0     00009c59  _PWM_setDigitalCompareInput                      
0     00009c55  _PWM_setHighSpeedClkDiv                          
0     00009c4b  _PWM_setHrControlMode                            
0     00009c41  _PWM_setHrEdgeMode                               
0     00009c37  _PWM_setHrShadowMode                             
0     00009c30  _PWM_setIntMode                                  
0     00009c29  _PWM_setIntPeriod                                
0     00009c25  _PWM_setLoadMode_CmpA                            
0     00009c1f  _PWM_setLoadMode_CmpB                            
0     00009c1d  _PWM_setPeriod                                   
0     00009c18  _PWM_setPeriodHr                                 
0     00009c14  _PWM_setPeriodLoad                               
0     00009c12  _PWM_setPhase                                    
0     00009c0e  _PWM_setPhaseDir                                 
0     00009c0a  _PWM_setRunMode                                  
0     00009c04  _PWM_setShadowMode_CmpA                          
0     00009bfe  _PWM_setShadowMode_CmpB                          
0     00009bf5  _PWM_setSocAPeriod                               
0     00009beb  _PWM_setSocAPulseSrc                             
0     00009be2  _PWM_setSocBPeriod                               
0     00009bd9  _PWM_setSocBPulseSrc                             
0     00009bd6  _PWM_setSwSync                                   
0     00009bd2  _PWM_setSyncMode                                 
0     00009bc8  _PWM_setTripZoneDCEventSelect_DCAEVT1            
0     00009bbc  _PWM_setTripZoneDCEventSelect_DCAEVT2            
0     00009bb0  _PWM_setTripZoneDCEventSelect_DCBEVT1            
0     00009ba4  _PWM_setTripZoneDCEventSelect_DCBEVT2            
0     00009b98  _PWM_setTripZoneState_DCAEVT1                    
0     00009b8c  _PWM_setTripZoneState_DCAEVT2                    
0     00009b80  _PWM_setTripZoneState_DCBEVT1                    
0     00009b74  _PWM_setTripZoneState_DCBEVT2                    
0     00009b6a  _PWM_setTripZoneState_TZA                        
0     00009b5e  _PWM_setTripZoneState_TZB                        
0     0000ae8a  _PWR_disableBrownOutReset                        
0     0000ae80  _PWR_disableWatchDogInt                          
0     0000ae7d  _PWR_enableBrownOutReset                         
0     0000ae73  _PWR_enableWatchDogInt                           
0     0000ae6c  _PWR_init                                        
0     0000ae5b  _PWR_setLowPowerMode                             
0     0000ae4a  _PWR_setNumStandByClocks                         
0     0000b140  _Protect_dcbus                                   
0     000001e1  _RamfuncsLoadEnd                                 
abs   00000036  _RamfuncsLoadSize                                
0     000001ab  _RamfuncsLoadStart                               
0     000001ab  _RamfuncsRunStart                                
0     0000a995  _SCI_clearAutoBaudDetect                         
0     0000a991  _SCI_clearRxFifoInt                              
0     0000a98d  _SCI_clearRxFifoOvf                              
0     0000a989  _SCI_clearTxFifoInt                              
0     0000a986  _SCI_disable                                     
0     0000a982  _SCI_disableAutoBaudAlign                        
0     0000a97f  _SCI_disableLoopBack                             
0     0000a97c  _SCI_disableParity                               
0     0000a979  _SCI_disableRx                                   
0     0000a976  _SCI_disableRxErrorInt                           
0     0000a972  _SCI_disableRxFifoInt                            
0     0000a96f  _SCI_disableRxInt                                
0     0000a96c  _SCI_disableSleep                                
0     0000a969  _SCI_disableTx                                   
0     0000a965  _SCI_disableTxFifoEnh                            
0     0000a961  _SCI_disableTxFifoInt                            
0     0000a95e  _SCI_disableTxInt                                
0     0000a95b  _SCI_disableTxWake                               
0     0000a958  _SCI_enable                                      
0     0000a954  _SCI_enableAutoBaudAlign                         
0     0000a950  _SCI_enableChannels                              
0     0000a94d  _SCI_enableLoopBack                              
0     0000a94a  _SCI_enableParity                                
0     0000a947  _SCI_enableRx                                    
0     0000a944  _SCI_enableRxErrorInt                            
0     0000a940  _SCI_enableRxFifo                                
0     0000a93c  _SCI_enableRxFifoInt                             
0     0000a939  _SCI_enableRxInt                                 
0     0000a936  _SCI_enableSleep                                 
0     0000a933  _SCI_enableTx                                    
0     0000a92f  _SCI_enableTxFifo                                
0     0000a92b  _SCI_enableTxFifoEnh                             
0     0000a927  _SCI_enableTxFifoInt                             
0     0000a924  _SCI_enableTxInt                                 
0     0000a921  _SCI_enableTxWake                                
0     0000a91b  _SCI_getDataBlocking                             
0     0000a912  _SCI_getDataNonBlocking                          
0     0000a90e  _SCI_getRxFifoStatus                             
0     0000a90a  _SCI_getTxFifoStatus                             
0     0000a904  _SCI_init                                        
0     0000a8fd  _SCI_putDataBlocking                             
0     0000a8f3  _SCI_putDataNonBlocking                          
0     0000a8f0  _SCI_reset                                       
0     0000a8e6  _SCI_resetChannels                               
0     0000a8dc  _SCI_resetRxFifo                                 
0     0000a8d2  _SCI_resetTxFifo                                 
0     0000a8cc  _SCI_setBaudRate                                 
0     0000a8c8  _SCI_setCharLength                               
0     0000a8c4  _SCI_setMode                                     
0     0000a8c0  _SCI_setNumStopBits                              
0     0000a8bc  _SCI_setParity                                   
0     0000a8b9  _SCI_setPriority                                 
0     0000a8b2  _SCI_setRxFifoIntLevel                           
0     0000a8ab  _SCI_setTxDelay                                  
0     0000a8a4  _SCI_setTxFifoIntLevel                           
0     0000aa3e  _SPI_clearRxFifoInt                              
0     0000aa3a  _SPI_clearRxFifoOvf                              
0     0000aa36  _SPI_clearTxFifoInt                              
0     0000aa33  _SPI_disableInt                                  
0     0000aa30  _SPI_disableLoopBack                             
0     0000aa2d  _SPI_disableOverRunInt                           
0     0000aa29  _SPI_disableRxFifoInt                            
0     0000aa26  _SPI_disableTx                                   
0     0000aa22  _SPI_disableTxFifoEnh                            
0     0000aa1e  _SPI_disableTxFifoInt                            
0     0000aa1b  _SPI_enable                                      
0     0000aa17  _SPI_enableChannels                              
0     0000aa14  _SPI_enableInt                                   
0     0000aa11  _SPI_enableLoopBack                              
0     0000aa0e  _SPI_enableOverRunInt                            
0     0000aa0a  _SPI_enableRxFifo                                
0     0000aa06  _SPI_enableRxFifoInt                             
0     0000aa03  _SPI_enableTx                                    
0     0000a9ff  _SPI_enableTxFifo                                
0     0000a9fb  _SPI_enableTxFifoEnh                             
0     0000a9f7  _SPI_enableTxFifoInt                             
0     0000a9f4  _SPI_getIntFlagStatus                            
0     0000a9f0  _SPI_getRxFifoStatus                             
0     0000a9ed  _SPI_getTxBufferStatus                           
0     0000a9e9  _SPI_getTxFifoStatus                             
0     0000a9e3  _SPI_init                                        
0     0000a9e0  _SPI_reset                                       
0     0000a9dc  _SPI_resetChannels                               
0     0000a9d8  _SPI_resetRxFifo                                 
0     0000a9d4  _SPI_resetTxFifo                                 
0     0000a9d2  _SPI_setBaudRate                                 
0     0000a9ce  _SPI_setCharLength                               
0     0000a9cc  _SPI_setClkPhase                                 
0     0000a9c8  _SPI_setClkPolarity                              
0     0000a9c6  _SPI_setMode                                     
0     0000a9bf  _SPI_setPriority                                 
0     0000a9b8  _SPI_setRxFifoIntLevel                           
0     0000a9b1  _SPI_setSteInv                                   
0     0000a9aa  _SPI_setSuspend                                  
0     0000a9a3  _SPI_setTriWire                                  
0     0000a9a0  _SPI_setTxDelay                                  
0     0000a999  _SPI_setTxFifoIntLevel                           
0     0000b0ef  _SVGEN_init                                      
0     0000b0ee  _SVGEN_setup                                     
0     0000b164  _Speed_kRPM                                      
0     0000aebc  _TIMER_clearFlag                                 
0     0000aeb9  _TIMER_disableInt                                
0     0000aeb6  _TIMER_enableInt                                 
0     0000aeb3  _TIMER_getStatus                                 
0     0000aead  _TIMER_init                                      
0     0000ae9f  _TIMER_setDecimationFactor                       
0     0000ae9b  _TIMER_setEmulationMode                          
0     0000ae8d  _TIMER_setPreScaler                              
0     00008f0c  _USER_calcPIgains                                
0     00008f08  _USER_checkForErrors                             
0     00008efa  _USER_computeFlux                                
0     00008ebe  _USER_computeFlux_pu_to_VpHz_sf                  
0     00008e82  _USER_computeFlux_pu_to_Wb_sf                    
0     00008e46  _USER_computeTorque_Flux_Iq_pu_to_Nm_sf          
0     00008e0c  _USER_computeTorque_Ls_Id_Iq_pu_to_Nm_sf         
0     00008dbf  _USER_computeTorque_Nm                           
0     00008d67  _USER_computeTorque_lbin                         
0     00008d64  _USER_getErrorCode                               
0     00008d61  _USER_setErrorCode                               
0     00008c21  _USER_setParams                                  
0     00008b9e  _USER_softwareUpdate1p6                          
0     0000b15c  _VDCPORTECT                                      
0     0000b15a  _VDCSET                                          
0     0000ae42  _WDOG_clearCounter                               
0     0000ae3a  _WDOG_disable                                    
0     0000ae34  _WDOG_disableInt                                 
0     0000ae2e  _WDOG_disableOverRide                            
0     0000ae25  _WDOG_enable                                     
0     0000ae1f  _WDOG_enableInt                                  
0     0000ae19  _WDOG_enableOverRide                             
0     0000ae16  _WDOG_getIntStatus                               
0     0000ae10  _WDOG_init                                       
0     0000ae0e  _WDOG_setCount                                   
0     0000ae04  _WDOG_setPreScaler                               
0     0000b542  __IQ24cosPU                                      
0     0000b490  __IQ24div                                        
0     0000b519  __IQ24sinPU                                      
0     0000b4d7  __IQ24sqrt                                       
0     0000b569  __IQ24toF                                        
0     0000b57d  __IQ30toF                                        
1     000007b0  __STACK_END                                      
abs   000003b0  __STACK_SIZE                                     
0     0000b11a  ___TI_cleanup_ptr                                
0     0000b11c  ___TI_dtors_ptr                                  
0     0000b118  ___TI_enable_exit_profile_output                 
abs   ffffffff  ___TI_pprof_out_hndl                             
abs   ffffffff  ___TI_prof_data_size                             
abs   ffffffff  ___TI_prof_data_start                            
abs   ffffffff  ___binit__                                       
abs   ffffffff  ___c_args__                                      
0     00000050  ___cinit__                                       
0     0000b10e  ___etext__                                       
abs   ffffffff  ___pinit__                                       
0     00008000  ___text__                                        
0     0000b097  __args_main                                      
0     0000b11e  __lock                                           
0     0000b0e5  __nop                                            
0     0000b0e1  __register_lock                                  
0     0000b0dd  __register_unlock                                
1     00000400  __stack                                          
0     0000b10d  __system_post_cinit                              
0     0000b10b  __system_pre_init                                
0     0000b120  __unlock                                         
0     0000aeec  _abort                                           
0     00009556  _angleDelayComp                                  
0     0000adb0  _c_int00                                         
0     0000ac35  _ceil                                            
0     0000ac35  _ceilf                                           
0     0000b166  _clarkeHandle_I                                  
0     0000b168  _clarkeHandle_V                                  
0     0000b194  _clarke_I                                        
0     0000b19a  _clarke_V                                        
0     0000af5f  _copy_in                                         
0     0000b0d3  _copysign                                        
0     0000b0d3  _copysignf                                       
0     0000b124  _cpu                                             
0     0000b1e0  _cpu_time                                        
0     0000b176  _cpu_timeHandle                                  
0     0000b146  _dataRx                                          
0     0000b145  _dataTx_current                                  
0     0000b143  _dataTx_speed                                    
0     0000b144  _dataTx_torque                                   
0     0000b125  _errno                                           
0     0000b16a  _estHandle                                       
0     0000aeee  _exit                                            
0     0000b14e  _fPotentiometer                                  
0     0000b1ce  _fs                                              
0     0000b174  _fsHandle                                        
0     0000b1c0  _gAdcData                                        
0     0000b148  _gCmpOffset                                      
0     0000b218  _gDacData                                        
0     0000b200  _gDrvSpi8301Vars                                 
0     0000b17a  _gFlux_pu_to_VpHz_sf                             
0     0000b178  _gFlux_pu_to_Wb_sf                               
0     0000b1b2  _gIavg                                           
0     0000b149  _gIavg_shift                                     
0     0000b190  _gIdq_pu                                         
0     0000b188  _gIdq_ref_pu                                     
0     0000b240  _gMotorVars                                      
0     0000b1a6  _gOffsets_I_pu                                   
0     0000b1ac  _gOffsets_V_pu                                   
0     0000b150  _gPotentiometer                                  
0     0000b1a0  _gPwmData                                        
0     0000b1b8  _gPwmData_prev                                   
0     0000b182  _gSpeed_hz_to_krpm_sf                            
0     0000b180  _gSpeed_krpm_to_pu_sf                            
0     0000b17e  _gTorque_Flux_Iq_pu_to_Nm_sf                     
0     0000b17c  _gTorque_Ls_Id_Iq_pu_to_Nm_sf                    
0     0000b2c0  _gUserParams                                     
0     0000b18c  _gVdq_out_pu                                     
0     0000b380  _hal                                             
0     0000b172  _halHandle                                       
0     0000b184  _ipark                                           
0     0000b16c  _iparkHandle                                     
0     0000b160  _khz_to_krpm_sf                                  
0     0000ac9e  _ldexp                                           
0     0000ac9e  _ldexpf                                          
0     0000a49d  _log                                             
0     0000a49d  _logf                                            
0     00009573  _main                                            
0     00009815  _mainISR                                         
0     0000b000  _memcpy                                          
0     0000b440  _pid                                             
0     0000b147  _pidCntSpeed                                     
0     0000b10e  _pidHandle                                       
0     00008fcf  _pow                                             
0     00008fcf  _powf                                            
0     0000b154  _pre_torque_head                                 
0     0000b15e  _pu_to_khz_sf                                    
0     0000b158  _refspeed                                        
0     0000ac9e  _scalbn                                          
0     0000ac9e  _scalbnf                                         
0     000097f3  _sciBRxISR                                       
0     0000953e  _setupClarke_I                                   
0     0000952c  _setupClarke_V                                   
0     000094c4  _softwareUpdate1p6                               
0     0000abc0  _sqrt                                            
0     0000abc0  _sqrtf                                           
0     0000b142  _success                                         
0     0000b170  _svgen                                           
0     0000b16e  _svgenHandle                                     
0     0000b152  _torque_head                                     
0     0000b156  _torque_head_comm                                
0     000093ed  _updateGlobalVariables                           
0     000001dd  _usDelay                                         
0     0000b14a  _xPotentiometer                                  
0     0000b14c  _yPotentiometer                                  
abs   ffffffff  binit                                            
0     00000050  cinit                                            
0     00000000  code_start                                       
0     0000b10e  etext                                            
abs   ffffffff  pinit                                            


GLOBAL SYMBOLS: SORTED BY Symbol Address 

page  address   name                                             
----  -------   ----                                             
0     00000000  code_start                                       
0     00000050  ___cinit__                                       
0     00000050  cinit                                            
0     000001ab  _FLASH_setStandbyWaitCount                       
0     000001ab  _RamfuncsLoadStart                               
0     000001ab  _RamfuncsRunStart                                
0     000001b0  _FLASH_setPowerMode                              
0     000001b7  _FLASH_setOtpWaitStates                          
0     000001be  _FLASH_setNumRandomReadWaitStates                
0     000001c5  _FLASH_setNumPagedReadWaitStates                 
0     000001cc  _FLASH_setActiveWaitCount                        
0     000001d1  _FLASH_enablePipelineMode                        
0     000001d7  _FLASH_disablePipelineMode                       
0     000001dd  _usDelay                                         
0     000001e1  _RamfuncsLoadEnd                                 
0     00008000  .text                                            
0     00008000  _HAL_writeDrvData                                
0     00008000  ___text__                                        
0     00008005  _HAL_setupTimers                                 
0     0000805e  _HAL_setupSpiB                                   
0     00008094  _HAL_setupSpiA                                   
0     000080da  _HAL_setupSciB                                   
0     00008106  _HAL_setupSciA                                   
0     00008132  _HAL_setupPwms                                   
0     0000820a  _HAL_setupPwmDacs                                
0     00008297  _HAL_setupPll                                    
0     000082d6  _HAL_setupPie                                    
0     000082f2  _HAL_setupPeripheralClks                         
0     00008342  _HAL_setupGpios                                  
0     000084fc  _HAL_setupGate                                   
0     00008511  _HAL_setupFlash                                  
0     0000852f  _HAL_setupFaults                                 
0     0000854d  _HAL_setupDrvSpi                                 
0     00008552  _HAL_setupClks                                   
0     0000856e  _HAL_setupAdcs                                   
0     00008646  _HAL_AdcCalChanSelect                            
0     0000869d  _HAL_AdcCalConversion                            
0     000087f5  _HAL_AdcOffsetSelfCal                            
0     00008828  _HAL_getOscTrimValue                             
0     0000883b  _HAL_osc1Comp                                    
0     0000887b  _HAL_osc2Comp                                    
0     000088bb  _HAL_OscTempComp                                 
0     0000890f  _HAL_cal                                         
0     00008926  _HAL_setParams                                   
0     00008a4a  _HAL_setDacParameters                            
0     00008a65  _HAL_readDrvData                                 
0     00008a6a  _HAL_disableWdog                                 
0     00008a6f  _HAL_init                                        
0     00008b48  _HAL_enableTimer0Int                             
0     00008b58  _HAL_enableSciInts                               
0     00008b6b  _HAL_enablePwmInt                                
0     00008b7c  _HAL_enableGlobalInts                            
0     00008b80  _HAL_enableDrv                                   
0     00008b85  _HAL_enableDebugInt                              
0     00008b89  _HAL_enableAdcInts                               
0     00008b9a  _HAL_disableGlobalInts                           
0     00008b9e  _USER_softwareUpdate1p6                          
0     00008c21  _USER_setParams                                  
0     00008d61  _USER_setErrorCode                               
0     00008d64  _USER_getErrorCode                               
0     00008d67  _USER_computeTorque_lbin                         
0     00008dbf  _USER_computeTorque_Nm                           
0     00008e0c  _USER_computeTorque_Ls_Id_Iq_pu_to_Nm_sf         
0     00008e46  _USER_computeTorque_Flux_Iq_pu_to_Nm_sf          
0     00008e82  _USER_computeFlux_pu_to_Wb_sf                    
0     00008ebe  _USER_computeFlux_pu_to_VpHz_sf                  
0     00008efa  _USER_computeFlux                                
0     00008f08  _USER_checkForErrors                             
0     00008f0c  _USER_calcPIgains                                
0     00008fcf  _pow                                             
0     00008fcf  _powf                                            
0     000093ed  _updateGlobalVariables                           
0     000094c4  _softwareUpdate1p6                               
0     0000952c  _setupClarke_V                                   
0     0000953e  _setupClarke_I                                   
0     00009556  _angleDelayComp                                  
0     00009573  _main                                            
0     000097f3  _sciBRxISR                                       
0     00009815  _mainISR                                         
0     00009b5e  _PWM_setTripZoneState_TZB                        
0     00009b6a  _PWM_setTripZoneState_TZA                        
0     00009b74  _PWM_setTripZoneState_DCBEVT2                    
0     00009b80  _PWM_setTripZoneState_DCBEVT1                    
0     00009b8c  _PWM_setTripZoneState_DCAEVT2                    
0     00009b98  _PWM_setTripZoneState_DCAEVT1                    
0     00009ba4  _PWM_setTripZoneDCEventSelect_DCBEVT2            
0     00009bb0  _PWM_setTripZoneDCEventSelect_DCBEVT1            
0     00009bbc  _PWM_setTripZoneDCEventSelect_DCAEVT2            
0     00009bc8  _PWM_setTripZoneDCEventSelect_DCAEVT1            
0     00009bd2  _PWM_setSyncMode                                 
0     00009bd6  _PWM_setSwSync                                   
0     00009bd9  _PWM_setSocBPulseSrc                             
0     00009be2  _PWM_setSocBPeriod                               
0     00009beb  _PWM_setSocAPulseSrc                             
0     00009bf5  _PWM_setSocAPeriod                               
0     00009bfe  _PWM_setShadowMode_CmpB                          
0     00009c04  _PWM_setShadowMode_CmpA                          
0     00009c0a  _PWM_setRunMode                                  
0     00009c0e  _PWM_setPhaseDir                                 
0     00009c12  _PWM_setPhase                                    
0     00009c14  _PWM_setPeriodLoad                               
0     00009c18  _PWM_setPeriodHr                                 
0     00009c1d  _PWM_setPeriod                                   
0     00009c1f  _PWM_setLoadMode_CmpB                            
0     00009c25  _PWM_setLoadMode_CmpA                            
0     00009c29  _PWM_setIntPeriod                                
0     00009c30  _PWM_setIntMode                                  
0     00009c37  _PWM_setHrShadowMode                             
0     00009c41  _PWM_setHrEdgeMode                               
0     00009c4b  _PWM_setHrControlMode                            
0     00009c55  _PWM_setHighSpeedClkDiv                          
0     00009c59  _PWM_setDigitalCompareInput                      
0     00009c68  _PWM_setDigitalCompareFilterWindow               
0     00009c6b  _PWM_setDigitalCompareFilterSource               
0     00009c75  _PWM_setDigitalCompareFilterOffset               
0     00009c78  _PWM_setDigitalCompareBlankingPulse              
0     00009c84  _PWM_setDigitalCompareBEvent2                    
0     00009c94  _PWM_setDigitalCompareBEvent1                    
0     00009cae  _PWM_setDigitalCompareAEvent2                    
0     00009cbe  _PWM_setDigitalCompareAEvent1                    
0     00009cd8  _PWM_setDeadBandRisingEdgeDelay                  
0     00009cdb  _PWM_setDeadBandPolarity                         
0     00009ce2  _PWM_setDeadBandOutputMode                       
0     00009ce9  _PWM_setDeadBandInputMode                        
0     00009cf0  _PWM_setDeadBandFallingEdgeDelay                 
0     00009cf3  _PWM_setCounterMode                              
0     00009cf7  _PWM_setCount                                    
0     00009cf9  _PWM_setClkDiv                                   
0     00009cfd  _PWM_setChoppingPulseWidth                       
0     00009d04  _PWM_setChoppingDutyCycle                        
0     00009d0b  _PWM_setChoppingClkFreq                          
0     00009d12  _PWM_setActionQual_Zero_PwmB                     
0     00009d19  _PWM_setActionQual_Zero_PwmA                     
0     00009d20  _PWM_setActionQual_Period_PwmB                   
0     00009d29  _PWM_setActionQual_Period_PwmA                   
0     00009d32  _PWM_setActionQual_CntUp_CmpB_PwmB               
0     00009d3b  _PWM_setActionQual_CntUp_CmpB_PwmA               
0     00009d44  _PWM_setActionQual_CntUp_CmpA_PwmB               
0     00009d4d  _PWM_setActionQual_CntUp_CmpA_PwmA               
0     00009d56  _PWM_setActionQual_CntDown_CmpB_PwmB             
0     00009d5f  _PWM_setActionQual_CntDown_CmpB_PwmA             
0     00009d68  _PWM_setActionQual_CntDown_CmpA_PwmB             
0     00009d71  _PWM_setActionQual_CntDown_CmpA_PwmA             
0     00009d7a  _PWM_setActionQualContSWForce_PwmB               
0     00009d83  _PWM_setActionQualContSWForce_PwmA               
0     00009d8a  _PWM_init                                        
0     00009d90  _PWM_incrementDeadBandRisingEdgeDelay            
0     00009d93  _PWM_incrementDeadBandFallingEdgeDelay           
0     00009d96  _PWM_getSocBCount                                
0     00009d9b  _PWM_getSocACount                                
0     00009da0  _PWM_getShadowStatus_CmpB                        
0     00009da4  _PWM_getShadowStatus_CmpA                        
0     00009da8  _PWM_getIntCount                                 
[...]
0     0000a9f0  _SPI_getRxFifoStatus                             
0     0000a9f4  _SPI_getIntFlagStatus                            
0     0000a9f7  _SPI_enableTxFifoInt                             
0     0000a9fb  _SPI_enableTxFifoEnh                             
0     0000a9ff  _SPI_enableTxFifo                                
0     0000aa03  _SPI_enableTx                                    
0     0000aa06  _SPI_enableRxFifoInt                             
0     0000aa0a  _SPI_enableRxFifo                                
0     0000aa0e  _SPI_enableOverRunInt                            
0     0000aa11  _SPI_enableLoopBack                              
0     0000aa14  _SPI_enableInt                                   
0     0000aa17  _SPI_enableChannels                              
0     0000aa1b  _SPI_enable                                      
0     0000aa1e  _SPI_disableTxFifoInt                            
0     0000aa22  _SPI_disableTxFifoEnh                            
0     0000aa26  _SPI_disableTx                                   
0     0000aa29  _SPI_disableRxFifoInt                            
0     0000aa2d  _SPI_disableOverRunInt                           
0     0000aa30  _SPI_disableLoopBack                             
0     0000aa33  _SPI_disableInt                                  
0     0000aa36  _SPI_clearTxFifoInt                              
0     0000aa3a  _SPI_clearRxFifoOvf                              
0     0000aa3e  _SPI_clearRxFifoInt                              
0     0000aa42  FD$$MPY                                          
0     0000aac5  FS$$DIV                                          
0     0000ab48  FS$$SUB                                          
0     0000ab4d  FS$$ADD                                          
0     0000abc0  _sqrt                                            
0     0000abc0  _sqrtf                                           
0     0000ac35  _ceil                                            
0     0000ac35  _ceilf                                           
0     0000ac9e  _ldexp                                           
0     0000ac9e  _ldexpf                                          
0     0000ac9e  _scalbn                                          
0     0000ac9e  _scalbnf                                         
0     0000acfb  _PLL_setLockPeriod                               
0     0000ad00  _PLL_setDivideSelect                             
0     0000ad07  _PLL_setClkFreq                                  
0     0000ad0d  _PLL_resetClkDetect                              
0     0000ad13  _PLL_init                                        
0     0000ad19  _PLL_getLockStatus                               
0     0000ad1c  _PLL_getDivideSelect                             
0     0000ad1f  _PLL_getClkStatus                                
0     0000ad22  _PLL_getClkFreq                                  
0     0000ad26  _PLL_enableOsc                                   
0     0000ad2c  _PLL_enableNormRdy                               
0     0000ad32  _PLL_enableClkDetect                             
0     0000ad38  _PLL_enable                                      
0     0000ad3e  _PLL_disableOsc                                  
0     0000ad44  _PLL_disableNormRdy                              
0     0000ad4a  _PLL_disableClkDetect                            
0     0000ad50  _PLL_disable                                     
0     0000ad56  FS$$MPY                                          
0     0000adb0  _c_int00                                         
0     0000ae04  _WDOG_setPreScaler                               
0     0000ae0e  _WDOG_setCount                                   
0     0000ae10  _WDOG_init                                       
0     0000ae16  _WDOG_getIntStatus                               
0     0000ae19  _WDOG_enableOverRide                             
0     0000ae1f  _WDOG_enableInt                                  
0     0000ae25  _WDOG_enable                                     
0     0000ae2e  _WDOG_disableOverRide                            
0     0000ae34  _WDOG_disableInt                                 
0     0000ae3a  _WDOG_disable                                    
0     0000ae42  _WDOG_clearCounter                               
0     0000ae4a  _PWR_setNumStandByClocks                         
0     0000ae5b  _PWR_setLowPowerMode                             
0     0000ae6c  _PWR_init                                        
0     0000ae73  _PWR_enableWatchDogInt                           
0     0000ae7d  _PWR_enableBrownOutReset                         
0     0000ae80  _PWR_disableWatchDogInt                          
0     0000ae8a  _PWR_disableBrownOutReset                        
0     0000ae8d  _TIMER_setPreScaler                              
0     0000ae9b  _TIMER_setEmulationMode                          
0     0000ae9f  _TIMER_setDecimationFactor                       
0     0000aead  _TIMER_init                                      
0     0000aeb3  _TIMER_getStatus                                 
0     0000aeb6  _TIMER_enableInt                                 
0     0000aeb9  _TIMER_disableInt                                
0     0000aebc  _TIMER_clearFlag                                 
0     0000aebf  _OSC_setTrim                                     
0     0000aec8  _OSC_setFineTrim                                 
0     0000aed9  _OSC_setCoarseTrim                               
0     0000aee6  _OSC_init                                        
0     0000aeec  C$$EXIT                                          
0     0000aeec  _abort                                           
0     0000aeee  _exit                                            
0     0000af15  _CPU_init                                        
0     0000af19  _CPU_enableProtectedRegisterWrite                
0     0000af1c  _CPU_enableInt                                   
0     0000af20  _CPU_enableGlobalInts                            
0     0000af23  _CPU_enableDebugInt                              
0     0000af26  _CPU_disableProtectedRegisterWrite               
0     0000af29  _CPU_disableInts                                 
0     0000af2c  _CPU_disableInt                                  
0     0000af31  _CPU_disableGlobalInts                           
0     0000af34  _CPU_disableDebugInt                             
0     0000af37  _CPU_clearIntFlags                               
0     0000af3a  FS$$TOI                                          
0     0000af5f  _copy_in                                         
0     0000af83  FS$$TOUL                                         
0     0000afa4  _FLASH_init                                      
0     0000afaa  _FLASH_getStandbyWaitStatus                      
0     0000afae  _FLASH_getStandbyWaitCount                       
0     0000afb1  _FLASH_getPowerMode                              
0     0000afb4  _FLASH_getActiveWaitStatus                       
0     0000afb8  _FLASH_getActiveWaitCount                        
0     0000afbb  _FLASH_get3VStatus                               
0     0000afbe  _FLASH_clear3VStatus                             
0     0000afc4  FD$$TOL                                          
0     0000afe3  FS$$TOU                                          
0     0000b000  _memcpy                                          
0     0000b01d  FS$$TOFD                                         
0     0000b039  I$$TOFS                                          
0     0000b053  L$$TOFS                                          
0     0000b06d  FS$$CMP                                          
0     0000b084  UL$$TOFS                                         
0     0000b097  __args_main                                      
0     0000b0a8  U$$TOFS                                          
0     0000b0b8  _EST_getIdq_pu                                   
0     0000b0c6  _PID_init                                        
0     0000b0d3  _copysign                                        
0     0000b0d3  _copysignf                                       
0     0000b0dd  __register_unlock                                
0     0000b0e1  __register_lock                                  
0     0000b0e5  __nop                                            
0     0000b0ee  _SVGEN_setup                                     
0     0000b0ef  _SVGEN_init                                      
0     0000b0f5  _CLARKE_init                                     
0     0000b0fb  _IPARK_init                                      
0     0000b101  _PIE_illegalIsr                                  
0     0000b106  FS$$NEG                                          
0     0000b10b  __system_pre_init                                
0     0000b10d  __system_post_cinit                              
0     0000b10e  ___etext__                                       
0     0000b10e  _pidHandle                                       
0     0000b10e  etext                                            
0     0000b118  ___TI_enable_exit_profile_output                 
0     0000b11a  ___TI_cleanup_ptr                                
0     0000b11c  ___TI_dtors_ptr                                  
0     0000b11e  __lock                                           
0     0000b120  __unlock                                         
0     0000b124  _cpu                                             
0     0000b125  _errno                                           
0     0000b140  _Protect_dcbus                                   
0     0000b141  _Flag_enableDcBusProtect                         
0     0000b142  _success                                         
0     0000b143  _dataTx_speed                                    
0     0000b144  _dataTx_torque                                   
0     0000b145  _dataTx_current                                  
0     0000b146  _dataRx                                          
0     0000b147  _pidCntSpeed                                     
0     0000b148  _gCmpOffset                                      
0     0000b149  _gIavg_shift                                     
0     0000b14a  _xPotentiometer                                  
0     0000b14c  _yPotentiometer                                  
0     0000b14e  _fPotentiometer                                  
0     0000b150  _gPotentiometer                                  
0     0000b152  _torque_head                                     
0     0000b154  _pre_torque_head                                 
0     0000b156  _torque_head_comm                                
0     0000b158  _refspeed                                        
0     0000b15a  _VDCSET                                          
0     0000b15c  _VDCPORTECT                                      
0     0000b15e  _pu_to_khz_sf                                    
0     0000b160  _khz_to_krpm_sf                                  
0     0000b162  _Iq_Amp                                          
0     0000b164  _Speed_kRPM                                      
0     0000b166  _clarkeHandle_I                                  
0     0000b168  _clarkeHandle_V                                  
0     0000b16a  _estHandle                                       
0     0000b16c  _iparkHandle                                     
0     0000b16e  _svgenHandle                                     
0     0000b170  _svgen                                           
0     0000b172  _halHandle                                       
0     0000b174  _fsHandle                                        
0     0000b176  _cpu_timeHandle                                  
0     0000b178  _gFlux_pu_to_Wb_sf                               
0     0000b17a  _gFlux_pu_to_VpHz_sf                             
0     0000b17c  _gTorque_Ls_Id_Iq_pu_to_Nm_sf                    
0     0000b17e  _gTorque_Flux_Iq_pu_to_Nm_sf                     
0     0000b180  _gSpeed_krpm_to_pu_sf                            
0     0000b182  _gSpeed_hz_to_krpm_sf                            
0     0000b184  _ipark                                           
0     0000b188  _gIdq_ref_pu                                     
0     0000b18c  _gVdq_out_pu                                     
0     0000b190  _gIdq_pu                                         
0     0000b194  _clarke_I                                        
0     0000b19a  _clarke_V                                        
0     0000b1a0  _gPwmData                                        
0     0000b1a6  _gOffsets_I_pu                                   
0     0000b1ac  _gOffsets_V_pu                                   
0     0000b1b2  _gIavg                                           
0     0000b1b8  _gPwmData_prev                                   
0     0000b1c0  _gAdcData                                        
0     0000b1ce  _fs                                              
0     0000b1e0  _cpu_time                                        
0     0000b200  _gDrvSpi8301Vars                                 
0     0000b218  _gDacData                                        
0     0000b240  _gMotorVars                                      
0     0000b2c0  _gUserParams                                     
0     0000b380  _hal                                             
0     0000b440  _pid                                             
0     0000b490  __IQ24div                                        
0     0000b4d7  __IQ24sqrt                                       
0     0000b519  __IQ24sinPU                                      
0     0000b542  __IQ24cosPU                                      
0     0000b569  __IQ24toF                                        
0     0000b57d  __IQ30toF                                        
0     003fdc30  _IQsinTable                                      
0     003fdd30  _IQcosTable                                      
0     003fe030  _IQsinTableEnd                                   
0     003fe132  _IQcosTableEnd                                   
0     003fe132  _IQdivRoundSatTable                              
0     003fe140  _IQdivTable                                      
0     003fe342  _IQdivTableEnd                                   
0     003fe342  _IQisqrtRoundSatTable                            
0     003fe342  _IQsqrtRoundSatTable                             
0     003fe352  _IQisqrtTable                                    
0     003fe352  _IQsqrtTable                                     
0     003fe454  _IQatan2HalfPITable                              
0     003fe454  _IQisqrtTableEnd                                 
0     003fe454  _IQsqrtTableEnd                                  
0     003fe492  _IQatan2Table                                    
0     003fe618  _IQ30mpyRndSatTable                              
0     003fe618  _IQatan2TableEnd                                 
0     003fe618  _IQmpyRndSatTable                                
0     003fe624  _IQ29mpyRndSatTable                              
0     003fe630  _IQ28mpyRndSatTable                              
0     003fe63c  _IQ27mpyRndSatTable                              
0     003fe648  _IQ26mpyRndSatTable                              
0     003fe654  _IQ25mpyRndSatTable                              
0     003fe660  _IQ24mpyRndSatTable                              
0     003fe66c  _IQ23mpyRndSatTable                              
0     003fe678  _IQ22mpyRndSatTable                              
0     003fe684  _IQ21mpyRndSatTable                              
0     003fe690  _IQ20mpyRndSatTable                              
0     003fe69c  _IQ19mpyRndSatTable                              
0     003fe6a8  _IQ18mpyRndSatTable                              
0     003fe6b4  _IQ17mpyRndSatTable                              
0     003fe6c0  _IQ16mpyRndSatTable                              
0     003fe6cc  _IQ15mpyRndSatTable                              
0     003fe6d8  _IQ14mpyRndSatTable                              
0     003fe6e4  _IQ13mpyRndSatTable                              
0     003fe6f0  _IQ12mpyRndSatTable                              
0     003fe6fc  _IQ11mpyRndSatTable                              
0     003fe708  _IQ10mpyRndSatTable                              
0     003fe714  _IQ9mpyRndSatTable                               
0     003fe720  _IQ8mpyRndSatTable                               
0     003fe72c  _IQ7mpyRndSatTable                               
0     003fe738  _IQ6mpyRndSatTable                               
0     003fe744  _IQ5mpyRndSatTable                               
0     003fe750  _IQ4mpyRndSatTable                               
0     003fe75c  _IQ3mpyRndSatTable                               
0     003fe768  _IQ2mpyRndSatTable                               
0     003fe774  _IQ1mpyRndSatTable                               
0     003fe780  _IQmpyRndSatTableEnd                             
1     00000400  __stack                                          
1     000007b0  __STACK_END                                      
abs   00000036  _RamfuncsLoadSize                                
abs   000003b0  __STACK_SIZE                                     
abs   003f861b  _EST_getState                                    
abs   003f8713  _EST_updateState                                 
abs   003f8ae7  _EST_setLs_q_pu                                  
abs   003f8af1  _EST_setLs_qFmt                                  
abs   003f8b45  _EST_setLs_d_pu                                  
abs   003f8b7a  _EST_setIdle                                     
abs   003f8bd3  _EST_setFlag_enableRsRecalc                      
abs   003f8bdb  _EST_setFlag_enableForceAngle                    
abs   003f8c0d  _EST_getAngle_pu                                 
abs   003f927b  _EST_run                                         
abs   003f9393  _EST_init                                        
abs   003f94c6  _EST_getSpeed_krpm                               
abs   003f9513  _EST_getRs_Ohm                                   
abs   003f95ad  _EST_getRr_Ohm                                   
abs   003f95b3  _EST_getOneOverDcBus_pu                          
abs   003f95c9  _EST_getLs_q_pu                                  
abs   003f95ce  _EST_getLs_q_H                                   
abs   003f95f0  _EST_getLs_d_pu                                  
abs   003f95f5  _EST_getLs_d_H                                   
abs   003f95ff  _EST_getLs_coarse_max_pu                         
abs   003f9632  _EST_getIdRated                                  
abs   003f968e  _EST_getFm_pu                                    
abs   003f96ab  _EST_getFlux_pu                                  
abs   003f96be  _EST_getFlux_VpHz                                
abs   003f99a5  _CTRL_setupEstIdleState                          
abs   003f9d31  _CTRL_setUserMotorParams                         
abs   003fa69d  _CTRL_init                                       
abs   003fa83e  _CTRL_setGains                                   
abs   003fa866  _CTRL_setParams                                  
abs   003fb4bb  _OFFSET_setOffset                                
abs   003fb4bd  _OFFSET_setInitCond                              
abs   003fb4c6  _OFFSET_setBeta                                  
abs   003fb4dc  _OFFSET_init                                     
abs   ffffffff  ___TI_pprof_out_hndl                             
abs   ffffffff  ___TI_prof_data_size                             
abs   ffffffff  ___TI_prof_data_start                            
abs   ffffffff  ___binit__                                       
abs   ffffffff  ___c_args__                                      
abs   ffffffff  ___pinit__                                       
abs   ffffffff  binit                                            
abs   ffffffff  pinit                                            

[727 symbols]
