<?xml version="1.0" encoding="ISO-8859-1" ?>
<link_info>
   <banner>TMS320C2000 Linker PC v22.6.0.LTS</banner>
   <copyright>Copyright (c) 1996-2018 Texas Instruments Incorporated</copyright>
   <link_time>0x641c0eed</link_time>
   <link_errors>0x0</link_errors>
   <output_file>proj_lab21.out</output_file>
   <entry_point>
      <name>_c_int00</name>
      <address>0xc05b</address>
   </entry_point>
   <input_file_list>
      <input_file id="fl-4">
         <path>.\</path>
         <kind>object</kind>
         <file>CodeStartBranch.obj</file>
         <name>CodeStartBranch.obj</name>
      </input_file>
      <input_file id="fl-5">
         <path>.\</path>
         <kind>object</kind>
         <file>adc.obj</file>
         <name>adc.obj</name>
      </input_file>
      <input_file id="fl-6">
         <path>.\</path>
         <kind>object</kind>
         <file>clarke.obj</file>
         <name>clarke.obj</name>
      </input_file>
      <input_file id="fl-7">
         <path>.\</path>
         <kind>object</kind>
         <file>clk.obj</file>
         <name>clk.obj</name>
      </input_file>
      <input_file id="fl-8">
         <path>.\</path>
         <kind>object</kind>
         <file>cpu.obj</file>
         <name>cpu.obj</name>
      </input_file>
      <input_file id="fl-9">
         <path>.\</path>
         <kind>object</kind>
         <file>ctrl.obj</file>
         <name>ctrl.obj</name>
      </input_file>
      <input_file id="fl-a">
         <path>.\</path>
         <kind>object</kind>
         <file>drv8301.obj</file>
         <name>drv8301.obj</name>
      </input_file>
      <input_file id="fl-b">
         <path>.\</path>
         <kind>object</kind>
         <file>filter_fo.obj</file>
         <name>filter_fo.obj</name>
      </input_file>
      <input_file id="fl-c">
         <path>.\</path>
         <kind>object</kind>
         <file>flash.obj</file>
         <name>flash.obj</name>
      </input_file>
      <input_file id="fl-d">
         <path>.\</path>
         <kind>object</kind>
         <file>gpio.obj</file>
         <name>gpio.obj</name>
      </input_file>
      <input_file id="fl-e">
         <path>.\</path>
         <kind>object</kind>
         <file>hal.obj</file>
         <name>hal.obj</name>
      </input_file>
      <input_file id="fl-f">
         <path>.\</path>
         <kind>object</kind>
         <file>ipark.obj</file>
         <name>ipark.obj</name>
      </input_file>
      <input_file id="fl-10">
         <path>.\</path>
         <kind>object</kind>
         <file>offset.obj</file>
         <name>offset.obj</name>
      </input_file>
      <input_file id="fl-11">
         <path>.\</path>
         <kind>object</kind>
         <file>osc.obj</file>
         <name>osc.obj</name>
      </input_file>
      <input_file id="fl-12">
         <path>.\</path>
         <kind>object</kind>
         <file>park.obj</file>
         <name>park.obj</name>
      </input_file>
      <input_file id="fl-13">
         <path>.\</path>
         <kind>object</kind>
         <file>pid.obj</file>
         <name>pid.obj</name>
      </input_file>
      <input_file id="fl-14">
         <path>.\</path>
         <kind>object</kind>
         <file>pie.obj</file>
         <name>pie.obj</name>
      </input_file>
      <input_file id="fl-15">
         <path>.\</path>
         <kind>object</kind>
         <file>pll.obj</file>
         <name>pll.obj</name>
      </input_file>
      <input_file id="fl-16">
         <path>.\</path>
         <kind>object</kind>
         <file>proj_lab21.obj</file>
         <name>proj_lab21.obj</name>
      </input_file>
      <input_file id="fl-17">
         <path>.\</path>
         <kind>object</kind>
         <file>pwm.obj</file>
         <name>pwm.obj</name>
      </input_file>
      <input_file id="fl-18">
         <path>.\</path>
         <kind>object</kind>
         <file>pwr.obj</file>
         <name>pwr.obj</name>
      </input_file>
      <input_file id="fl-19">
         <path>.\</path>
         <kind>object</kind>
         <file>sci.obj</file>
         <name>sci.obj</name>
      </input_file>
      <input_file id="fl-1a">
         <path>.\</path>
         <kind>object</kind>
         <file>spi.obj</file>
         <name>spi.obj</name>
      </input_file>
      <input_file id="fl-1b">
         <path>.\</path>
         <kind>object</kind>
         <file>svgen.obj</file>
         <name>svgen.obj</name>
      </input_file>
      <input_file id="fl-1c">
         <path>.\</path>
         <kind>object</kind>
         <file>timer.obj</file>
         <name>timer.obj</name>
      </input_file>
      <input_file id="fl-1d">
         <path>.\</path>
         <kind>object</kind>
         <file>traj.obj</file>
         <name>traj.obj</name>
      </input_file>
      <input_file id="fl-1e">
         <path>.\</path>
         <kind>object</kind>
         <file>usDelay.obj</file>
         <name>usDelay.obj</name>
      </input_file>
      <input_file id="fl-1f">
         <path>.\</path>
         <kind>object</kind>
         <file>user.obj</file>
         <name>user.obj</name>
      </input_file>
      <input_file id="fl-20">
         <path>.\</path>
         <kind>object</kind>
         <file>wdog.obj</file>
         <name>wdog.obj</name>
      </input_file>
      <input_file id="fl-27">
         <kind>object</kind>
         <file>&lt;internal&gt;</file>
         <name>&lt;internal&gt;</name>
      </input_file>
      <input_file id="fl-28">
         <path>C:\ti\ccs1200\ccs\tools\compiler\ti-cgt-c2000_22.6.0.LTS\lib\</path>
         <kind>archive</kind>
         <file>rts2800_ml.lib</file>
         <name>fd_mpy28.asm.obj</name>
      </input_file>
      <input_file id="fl-29">
         <path>C:\ti\ccs1200\ccs\tools\compiler\ti-cgt-c2000_22.6.0.LTS\lib\</path>
         <kind>archive</kind>
         <file>rts2800_ml.lib</file>
         <name>fd_tol28.asm.obj</name>
      </input_file>
      <input_file id="fl-2a">
         <path>C:\ti\ccs1200\ccs\tools\compiler\ti-cgt-c2000_22.6.0.LTS\lib\</path>
         <kind>archive</kind>
         <file>rts2800_ml.lib</file>
         <name>fs_add28.asm.obj</name>
      </input_file>
      <input_file id="fl-2b">
         <path>C:\ti\ccs1200\ccs\tools\compiler\ti-cgt-c2000_22.6.0.LTS\lib\</path>
         <kind>archive</kind>
         <file>rts2800_ml.lib</file>
         <name>fs_div28.asm.obj</name>
      </input_file>
      <input_file id="fl-2c">
         <path>C:\ti\ccs1200\ccs\tools\compiler\ti-cgt-c2000_22.6.0.LTS\lib\</path>
         <kind>archive</kind>
         <file>rts2800_ml.lib</file>
         <name>fs_mpy28.asm.obj</name>
      </input_file>
      <input_file id="fl-2d">
         <path>C:\ti\ccs1200\ccs\tools\compiler\ti-cgt-c2000_22.6.0.LTS\lib\</path>
         <kind>archive</kind>
         <file>rts2800_ml.lib</file>
         <name>fs_neg28.asm.obj</name>
      </input_file>
      <input_file id="fl-2e">
         <path>C:\ti\ccs1200\ccs\tools\compiler\ti-cgt-c2000_22.6.0.LTS\lib\</path>
         <kind>archive</kind>
         <file>rts2800_ml.lib</file>
         <name>fs_tofd28.asm.obj</name>
      </input_file>
      <input_file id="fl-2f">
         <path>C:\ti\ccs1200\ccs\tools\compiler\ti-cgt-c2000_22.6.0.LTS\lib\</path>
         <kind>archive</kind>
         <file>rts2800_ml.lib</file>
         <name>fs_toi28.asm.obj</name>
      </input_file>
      <input_file id="fl-30">
         <path>C:\ti\ccs1200\ccs\tools\compiler\ti-cgt-c2000_22.6.0.LTS\lib\</path>
         <kind>archive</kind>
         <file>rts2800_ml.lib</file>
         <name>fs_tou28.asm.obj</name>
      </input_file>
      <input_file id="fl-31">
         <path>C:\ti\ccs1200\ccs\tools\compiler\ti-cgt-c2000_22.6.0.LTS\lib\</path>
         <kind>archive</kind>
         <file>rts2800_ml.lib</file>
         <name>fs_toul28.asm.obj</name>
      </input_file>
      <input_file id="fl-32">
         <path>C:\ti\ccs1200\ccs\tools\compiler\ti-cgt-c2000_22.6.0.LTS\lib\</path>
         <kind>archive</kind>
         <file>rts2800_ml.lib</file>
         <name>i_tofs28.asm.obj</name>
      </input_file>
      <input_file id="fl-33">
         <path>C:\ti\ccs1200\ccs\tools\compiler\ti-cgt-c2000_22.6.0.LTS\lib\</path>
         <kind>archive</kind>
         <file>rts2800_ml.lib</file>
         <name>u_tofs28.asm.obj</name>
      </input_file>
      <input_file id="fl-34">
         <path>C:\ti\ccs1200\ccs\tools\compiler\ti-cgt-c2000_22.6.0.LTS\lib\</path>
         <kind>archive</kind>
         <file>rts2800_ml.lib</file>
         <name>ul_tofs28.asm.obj</name>
      </input_file>
      <input_file id="fl-35">
         <path>D:\GIANT\TI_instaspin_indoor_smart_trainer\motorware\motorware_1_01_00_18\sw\modules\afsel\lib\32b\f28x\</path>
         <kind>archive</kind>
         <file>afsel.lib</file>
         <name>afsel_priv.obj</name>
      </input_file>
      <input_file id="fl-36">
         <path>D:\GIANT\TI_instaspin_indoor_smart_trainer\motorware\motorware_1_01_00_18\sw\modules\fast\lib\32b\f28x\f2806x\</path>
         <kind>archive</kind>
         <file>2806xRevB_FastSpinROMSymbols.lib</file>
         <name>TMS320x2806x_REVB_boot_rom_out__CTRL_getVersion_tmp.obj</name>
      </input_file>
      <input_file id="fl-37">
         <path>D:\GIANT\TI_instaspin_indoor_smart_trainer\motorware\motorware_1_01_00_18\sw\modules\fast\lib\32b\f28x\f2806x\</path>
         <kind>archive</kind>
         <file>2806xRevB_FastSpinROMSymbols.lib</file>
         <name>TMS320x2806x_REVB_boot_rom_out__CTRL_initCtrl_tmp.obj</name>
      </input_file>
      <input_file id="fl-38">
         <path>D:\GIANT\TI_instaspin_indoor_smart_trainer\motorware\motorware_1_01_00_18\sw\modules\fast\lib\32b\f28x\f2806x\</path>
         <kind>archive</kind>
         <file>2806xRevB_FastSpinROMSymbols.lib</file>
         <name>TMS320x2806x_REVB_boot_rom_out__CTRL_runTraj_tmp.obj</name>
      </input_file>
      <input_file id="fl-39">
         <path>D:\GIANT\TI_instaspin_indoor_smart_trainer\motorware\motorware_1_01_00_18\sw\modules\fast\lib\32b\f28x\f2806x\</path>
         <kind>archive</kind>
         <file>2806xRevB_FastSpinROMSymbols.lib</file>
         <name>TMS320x2806x_REVB_boot_rom_out__CTRL_setEstParams_tmp.obj</name>
      </input_file>
      <input_file id="fl-3a">
         <path>D:\GIANT\TI_instaspin_indoor_smart_trainer\motorware\motorware_1_01_00_18\sw\modules\fast\lib\32b\f28x\f2806x\</path>
         <kind>archive</kind>
         <file>2806xRevB_FastSpinROMSymbols.lib</file>
         <name>TMS320x2806x_REVB_boot_rom_out__CTRL_setUserMotorParams_tmp.obj</name>
      </input_file>
      <input_file id="fl-3b">
         <path>D:\GIANT\TI_instaspin_indoor_smart_trainer\motorware\motorware_1_01_00_18\sw\modules\fast\lib\32b\f28x\f2806x\</path>
         <kind>archive</kind>
         <file>2806xRevB_FastSpinROMSymbols.lib</file>
         <name>TMS320x2806x_REVB_boot_rom_out__CTRL_setupCtrl_tmp.obj</name>
      </input_file>
      <input_file id="fl-3c">
         <path>D:\GIANT\TI_instaspin_indoor_smart_trainer\motorware\motorware_1_01_00_18\sw\modules\fast\lib\32b\f28x\f2806x\</path>
         <kind>archive</kind>
         <file>2806xRevB_FastSpinROMSymbols.lib</file>
         <name>TMS320x2806x_REVB_boot_rom_out__CTRL_setupEstIdleState_tmp.obj</name>
      </input_file>
      <input_file id="fl-3d">
         <path>D:\GIANT\TI_instaspin_indoor_smart_trainer\motorware\motorware_1_01_00_18\sw\modules\fast\lib\32b\f28x\f2806x\</path>
         <kind>archive</kind>
         <file>2806xRevB_FastSpinROMSymbols.lib</file>
         <name>TMS320x2806x_REVB_boot_rom_out__CTRL_setupEstOnLineState_tmp.obj</name>
      </input_file>
      <input_file id="fl-3e">
         <path>D:\GIANT\TI_instaspin_indoor_smart_trainer\motorware\motorware_1_01_00_18\sw\modules\fast\lib\32b\f28x\f2806x\</path>
         <kind>archive</kind>
         <file>2806xRevB_FastSpinROMSymbols.lib</file>
         <name>TMS320x2806x_REVB_boot_rom_out__CTRL_setupTraj_tmp.obj</name>
      </input_file>
      <input_file id="fl-3f">
         <path>D:\GIANT\TI_instaspin_indoor_smart_trainer\motorware\motorware_1_01_00_18\sw\modules\fast\lib\32b\f28x\f2806x\</path>
         <kind>archive</kind>
         <file>2806xRevB_FastSpinROMSymbols.lib</file>
         <name>TMS320x2806x_REVB_boot_rom_out__EST_doCurrentCtrl_tmp.obj</name>
      </input_file>
      <input_file id="fl-40">
         <path>D:\GIANT\TI_instaspin_indoor_smart_trainer\motorware\motorware_1_01_00_18\sw\modules\fast\lib\32b\f28x\f2806x\</path>
         <kind>archive</kind>
         <file>2806xRevB_FastSpinROMSymbols.lib</file>
         <name>TMS320x2806x_REVB_boot_rom_out__EST_doSpeedCtrl_tmp.obj</name>
      </input_file>
      <input_file id="fl-41">
         <path>D:\GIANT\TI_instaspin_indoor_smart_trainer\motorware\motorware_1_01_00_18\sw\modules\fast\lib\32b\f28x\f2806x\</path>
         <kind>archive</kind>
         <file>2806xRevB_FastSpinROMSymbols.lib</file>
         <name>TMS320x2806x_REVB_boot_rom_out__EST_getAngle_pu_tmp.obj</name>
      </input_file>
      <input_file id="fl-42">
         <path>D:\GIANT\TI_instaspin_indoor_smart_trainer\motorware\motorware_1_01_00_18\sw\modules\fast\lib\32b\f28x\f2806x\</path>
         <kind>archive</kind>
         <file>2806xRevB_FastSpinROMSymbols.lib</file>
         <name>TMS320x2806x_REVB_boot_rom_out__EST_getFlux_VpHz_tmp.obj</name>
      </input_file>
      <input_file id="fl-43">
         <path>D:\GIANT\TI_instaspin_indoor_smart_trainer\motorware\motorware_1_01_00_18\sw\modules\fast\lib\32b\f28x\f2806x\</path>
         <kind>archive</kind>
         <file>2806xRevB_FastSpinROMSymbols.lib</file>
         <name>TMS320x2806x_REVB_boot_rom_out__EST_getFlux_pu_tmp.obj</name>
      </input_file>
      <input_file id="fl-44">
         <path>D:\GIANT\TI_instaspin_indoor_smart_trainer\motorware\motorware_1_01_00_18\sw\modules\fast\lib\32b\f28x\f2806x\</path>
         <kind>archive</kind>
         <file>2806xRevB_FastSpinROMSymbols.lib</file>
         <name>TMS320x2806x_REVB_boot_rom_out__EST_getFm_pu_tmp.obj</name>
      </input_file>
      <input_file id="fl-45">
         <path>D:\GIANT\TI_instaspin_indoor_smart_trainer\motorware\motorware_1_01_00_18\sw\modules\fast\lib\32b\f28x\f2806x\</path>
         <kind>archive</kind>
         <file>2806xRevB_FastSpinROMSymbols.lib</file>
         <name>TMS320x2806x_REVB_boot_rom_out__EST_getIdRated_tmp.obj</name>
      </input_file>
      <input_file id="fl-46">
         <path>D:\GIANT\TI_instaspin_indoor_smart_trainer\motorware\motorware_1_01_00_18\sw\modules\fast\lib\32b\f28x\f2806x\</path>
         <kind>archive</kind>
         <file>2806xRevB_FastSpinROMSymbols.lib</file>
         <name>TMS320x2806x_REVB_boot_rom_out__EST_getLs_coarse_max_pu_tmp.obj</name>
      </input_file>
      <input_file id="fl-47">
         <path>D:\GIANT\TI_instaspin_indoor_smart_trainer\motorware\motorware_1_01_00_18\sw\modules\fast\lib\32b\f28x\f2806x\</path>
         <kind>archive</kind>
         <file>2806xRevB_FastSpinROMSymbols.lib</file>
         <name>TMS320x2806x_REVB_boot_rom_out__EST_getLs_d_H_tmp.obj</name>
      </input_file>
      <input_file id="fl-48">
         <path>D:\GIANT\TI_instaspin_indoor_smart_trainer\motorware\motorware_1_01_00_18\sw\modules\fast\lib\32b\f28x\f2806x\</path>
         <kind>archive</kind>
         <file>2806xRevB_FastSpinROMSymbols.lib</file>
         <name>TMS320x2806x_REVB_boot_rom_out__EST_getLs_d_pu_tmp.obj</name>
      </input_file>
      <input_file id="fl-49">
         <path>D:\GIANT\TI_instaspin_indoor_smart_trainer\motorware\motorware_1_01_00_18\sw\modules\fast\lib\32b\f28x\f2806x\</path>
         <kind>archive</kind>
         <file>2806xRevB_FastSpinROMSymbols.lib</file>
         <name>TMS320x2806x_REVB_boot_rom_out__EST_getLs_q_H_tmp.obj</name>
      </input_file>
      <input_file id="fl-4a">
         <path>D:\GIANT\TI_instaspin_indoor_smart_trainer\motorware\motorware_1_01_00_18\sw\modules\fast\lib\32b\f28x\f2806x\</path>
         <kind>archive</kind>
         <file>2806xRevB_FastSpinROMSymbols.lib</file>
         <name>TMS320x2806x_REVB_boot_rom_out__EST_getLs_q_pu_tmp.obj</name>
      </input_file>
      <input_file id="fl-4b">
         <path>D:\GIANT\TI_instaspin_indoor_smart_trainer\motorware\motorware_1_01_00_18\sw\modules\fast\lib\32b\f28x\f2806x\</path>
         <kind>archive</kind>
         <file>2806xRevB_FastSpinROMSymbols.lib</file>
         <name>TMS320x2806x_REVB_boot_rom_out__EST_getMaxCurrentSlope_pu_tmp.obj</name>
      </input_file>
      <input_file id="fl-4c">
         <path>D:\GIANT\TI_instaspin_indoor_smart_trainer\motorware\motorware_1_01_00_18\sw\modules\fast\lib\32b\f28x\f2806x\</path>
         <kind>archive</kind>
         <file>2806xRevB_FastSpinROMSymbols.lib</file>
         <name>TMS320x2806x_REVB_boot_rom_out__EST_getOneOverDcBus_pu_tmp.obj</name>
      </input_file>
      <input_file id="fl-4d">
         <path>D:\GIANT\TI_instaspin_indoor_smart_trainer\motorware\motorware_1_01_00_18\sw\modules\fast\lib\32b\f28x\f2806x\</path>
         <kind>archive</kind>
         <file>2806xRevB_FastSpinROMSymbols.lib</file>
         <name>TMS320x2806x_REVB_boot_rom_out__EST_getRr_Ohm_tmp.obj</name>
      </input_file>
      <input_file id="fl-4e">
         <path>D:\GIANT\TI_instaspin_indoor_smart_trainer\motorware\motorware_1_01_00_18\sw\modules\fast\lib\32b\f28x\f2806x\</path>
         <kind>archive</kind>
         <file>2806xRevB_FastSpinROMSymbols.lib</file>
         <name>TMS320x2806x_REVB_boot_rom_out__EST_getRs_Ohm_tmp.obj</name>
      </input_file>
      <input_file id="fl-4f">
         <path>D:\GIANT\TI_instaspin_indoor_smart_trainer\motorware\motorware_1_01_00_18\sw\modules\fast\lib\32b\f28x\f2806x\</path>
         <kind>archive</kind>
         <file>2806xRevB_FastSpinROMSymbols.lib</file>
         <name>TMS320x2806x_REVB_boot_rom_out__EST_getSpeed_krpm_tmp.obj</name>
      </input_file>
      <input_file id="fl-50">
         <path>D:\GIANT\TI_instaspin_indoor_smart_trainer\motorware\motorware_1_01_00_18\sw\modules\fast\lib\32b\f28x\f2806x\</path>
         <kind>archive</kind>
         <file>2806xRevB_FastSpinROMSymbols.lib</file>
         <name>TMS320x2806x_REVB_boot_rom_out__EST_getState_tmp.obj</name>
      </input_file>
      <input_file id="fl-51">
         <path>D:\GIANT\TI_instaspin_indoor_smart_trainer\motorware\motorware_1_01_00_18\sw\modules\fast\lib\32b\f28x\f2806x\</path>
         <kind>archive</kind>
         <file>2806xRevB_FastSpinROMSymbols.lib</file>
         <name>TMS320x2806x_REVB_boot_rom_out__EST_get_krpm_to_pu_sf_tmp.obj</name>
      </input_file>
      <input_file id="fl-52">
         <path>D:\GIANT\TI_instaspin_indoor_smart_trainer\motorware\motorware_1_01_00_18\sw\modules\fast\lib\32b\f28x\f2806x\</path>
         <kind>archive</kind>
         <file>2806xRevB_FastSpinROMSymbols.lib</file>
         <name>TMS320x2806x_REVB_boot_rom_out__EST_get_pu_to_krpm_sf_tmp.obj</name>
      </input_file>
      <input_file id="fl-53">
         <path>D:\GIANT\TI_instaspin_indoor_smart_trainer\motorware\motorware_1_01_00_18\sw\modules\fast\lib\32b\f28x\f2806x\</path>
         <kind>archive</kind>
         <file>2806xRevB_FastSpinROMSymbols.lib</file>
         <name>TMS320x2806x_REVB_boot_rom_out__EST_isError_tmp.obj</name>
      </input_file>
      <input_file id="fl-54">
         <path>D:\GIANT\TI_instaspin_indoor_smart_trainer\motorware\motorware_1_01_00_18\sw\modules\fast\lib\32b\f28x\f2806x\</path>
         <kind>archive</kind>
         <file>2806xRevB_FastSpinROMSymbols.lib</file>
         <name>TMS320x2806x_REVB_boot_rom_out__EST_isIdle_tmp.obj</name>
      </input_file>
      <input_file id="fl-55">
         <path>D:\GIANT\TI_instaspin_indoor_smart_trainer\motorware\motorware_1_01_00_18\sw\modules\fast\lib\32b\f28x\f2806x\</path>
         <kind>archive</kind>
         <file>2806xRevB_FastSpinROMSymbols.lib</file>
         <name>TMS320x2806x_REVB_boot_rom_out__EST_isLockRotor_tmp.obj</name>
      </input_file>
      <input_file id="fl-56">
         <path>D:\GIANT\TI_instaspin_indoor_smart_trainer\motorware\motorware_1_01_00_18\sw\modules\fast\lib\32b\f28x\f2806x\</path>
         <kind>archive</kind>
         <file>2806xRevB_FastSpinROMSymbols.lib</file>
         <name>TMS320x2806x_REVB_boot_rom_out__EST_isMotorIdentified_tmp.obj</name>
      </input_file>
      <input_file id="fl-57">
         <path>D:\GIANT\TI_instaspin_indoor_smart_trainer\motorware\motorware_1_01_00_18\sw\modules\fast\lib\32b\f28x\f2806x\</path>
         <kind>archive</kind>
         <file>2806xRevB_FastSpinROMSymbols.lib</file>
         <name>TMS320x2806x_REVB_boot_rom_out__EST_isOnLine_tmp.obj</name>
      </input_file>
      <input_file id="fl-58">
         <path>D:\GIANT\TI_instaspin_indoor_smart_trainer\motorware\motorware_1_01_00_18\sw\modules\fast\lib\32b\f28x\f2806x\</path>
         <kind>archive</kind>
         <file>2806xRevB_FastSpinROMSymbols.lib</file>
         <name>TMS320x2806x_REVB_boot_rom_out__EST_run_tmp.obj</name>
      </input_file>
      <input_file id="fl-59">
         <path>D:\GIANT\TI_instaspin_indoor_smart_trainer\motorware\motorware_1_01_00_18\sw\modules\fast\lib\32b\f28x\f2806x\</path>
         <kind>archive</kind>
         <file>2806xRevB_FastSpinROMSymbols.lib</file>
         <name>TMS320x2806x_REVB_boot_rom_out__EST_setFlag_enableForceAngle_tmp.obj</name>
      </input_file>
      <input_file id="fl-5a">
         <path>D:\GIANT\TI_instaspin_indoor_smart_trainer\motorware\motorware_1_01_00_18\sw\modules\fast\lib\32b\f28x\f2806x\</path>
         <kind>archive</kind>
         <file>2806xRevB_FastSpinROMSymbols.lib</file>
         <name>TMS320x2806x_REVB_boot_rom_out__EST_setFlag_enableRsRecalc_tmp.obj</name>
      </input_file>
      <input_file id="fl-5b">
         <path>D:\GIANT\TI_instaspin_indoor_smart_trainer\motorware\motorware_1_01_00_18\sw\modules\fast\lib\32b\f28x\f2806x\</path>
         <kind>archive</kind>
         <file>2806xRevB_FastSpinROMSymbols.lib</file>
         <name>TMS320x2806x_REVB_boot_rom_out__EST_setId_ref_pu_tmp.obj</name>
      </input_file>
      <input_file id="fl-5c">
         <path>D:\GIANT\TI_instaspin_indoor_smart_trainer\motorware\motorware_1_01_00_18\sw\modules\fast\lib\32b\f28x\f2806x\</path>
         <kind>archive</kind>
         <file>2806xRevB_FastSpinROMSymbols.lib</file>
         <name>TMS320x2806x_REVB_boot_rom_out__EST_setIdle_tmp.obj</name>
      </input_file>
      <input_file id="fl-5d">
         <path>D:\GIANT\TI_instaspin_indoor_smart_trainer\motorware\motorware_1_01_00_18\sw\modules\fast\lib\32b\f28x\f2806x\</path>
         <kind>archive</kind>
         <file>2806xRevB_FastSpinROMSymbols.lib</file>
         <name>TMS320x2806x_REVB_boot_rom_out__EST_setIdle_all_tmp.obj</name>
      </input_file>
      <input_file id="fl-5e">
         <path>D:\GIANT\TI_instaspin_indoor_smart_trainer\motorware\motorware_1_01_00_18\sw\modules\fast\lib\32b\f28x\f2806x\</path>
         <kind>archive</kind>
         <file>2806xRevB_FastSpinROMSymbols.lib</file>
         <name>TMS320x2806x_REVB_boot_rom_out__EST_setIq_ref_pu_tmp.obj</name>
      </input_file>
      <input_file id="fl-5f">
         <path>D:\GIANT\TI_instaspin_indoor_smart_trainer\motorware\motorware_1_01_00_18\sw\modules\fast\lib\32b\f28x\f2806x\</path>
         <kind>archive</kind>
         <file>2806xRevB_FastSpinROMSymbols.lib</file>
         <name>TMS320x2806x_REVB_boot_rom_out__EST_setLs_d_pu_tmp.obj</name>
      </input_file>
      <input_file id="fl-60">
         <path>D:\GIANT\TI_instaspin_indoor_smart_trainer\motorware\motorware_1_01_00_18\sw\modules\fast\lib\32b\f28x\f2806x\</path>
         <kind>archive</kind>
         <file>2806xRevB_FastSpinROMSymbols.lib</file>
         <name>TMS320x2806x_REVB_boot_rom_out__EST_setLs_qFmt_tmp.obj</name>
      </input_file>
      <input_file id="fl-61">
         <path>D:\GIANT\TI_instaspin_indoor_smart_trainer\motorware\motorware_1_01_00_18\sw\modules\fast\lib\32b\f28x\f2806x\</path>
         <kind>archive</kind>
         <file>2806xRevB_FastSpinROMSymbols.lib</file>
         <name>TMS320x2806x_REVB_boot_rom_out__EST_setLs_q_pu_tmp.obj</name>
      </input_file>
      <input_file id="fl-62">
         <path>D:\GIANT\TI_instaspin_indoor_smart_trainer\motorware\motorware_1_01_00_18\sw\modules\fast\lib\32b\f28x\f2806x\</path>
         <kind>archive</kind>
         <file>2806xRevB_FastSpinROMSymbols.lib</file>
         <name>TMS320x2806x_REVB_boot_rom_out__EST_setMaxCurrentSlope_pu_tmp.obj</name>
      </input_file>
      <input_file id="fl-63">
         <path>D:\GIANT\TI_instaspin_indoor_smart_trainer\motorware\motorware_1_01_00_18\sw\modules\fast\lib\32b\f28x\f2806x\</path>
         <kind>archive</kind>
         <file>2806xRevB_FastSpinROMSymbols.lib</file>
         <name>TMS320x2806x_REVB_boot_rom_out__EST_setRs_pu_tmp.obj</name>
      </input_file>
      <input_file id="fl-64">
         <path>D:\GIANT\TI_instaspin_indoor_smart_trainer\motorware\motorware_1_01_00_18\sw\modules\fast\lib\32b\f28x\f2806x\</path>
         <kind>archive</kind>
         <file>2806xRevB_FastSpinROMSymbols.lib</file>
         <name>TMS320x2806x_REVB_boot_rom_out__EST_updateId_ref_pu_tmp.obj</name>
      </input_file>
      <input_file id="fl-65">
         <path>D:\GIANT\TI_instaspin_indoor_smart_trainer\motorware\motorware_1_01_00_18\sw\modules\fast\lib\32b\f28x\f2806x\</path>
         <kind>archive</kind>
         <file>2806xRevB_FastSpinROMSymbols.lib</file>
         <name>TMS320x2806x_REVB_boot_rom_out__EST_updateState_tmp.obj</name>
      </input_file>
      <input_file id="fl-66">
         <path>D:\GIANT\TI_instaspin_indoor_smart_trainer\motorware\motorware_1_01_00_18\sw\modules\fast\lib\32b\f28x\f2806x\</path>
         <kind>archive</kind>
         <file>2806xRevB_FastSpinROMSymbols.lib</file>
         <name>TMS320x2806x_REVB_boot_rom_out__EST_useZeroIq_ref_tmp.obj</name>
      </input_file>
      <input_file id="fl-67">
         <path>D:\GIANT\TI_instaspin_indoor_smart_trainer\motorware\motorware_1_01_00_18\sw\modules\fstart\lib\32b\f28x\</path>
         <kind>archive</kind>
         <file>fstart.lib</file>
         <name>fstart_priv.obj</name>
      </input_file>
      <input_file id="fl-68">
         <path>C:\ti\ccs1200\ccs\tools\compiler\ti-cgt-c2000_22.6.0.LTS\lib\</path>
         <kind>archive</kind>
         <file>rts2800_ml.lib</file>
         <name>fs_cmp28.asm.obj</name>
      </input_file>
      <input_file id="fl-69">
         <path>D:\GIANT\TI_instaspin_indoor_smart_trainer\motorware\motorware_1_01_00_18\sw\modules\ipd\lib\32b\f28x\</path>
         <kind>archive</kind>
         <file>ipd_hfi.lib</file>
         <name>ipd_hfi_priv.obj</name>
      </input_file>
      <input_file id="fl-6a">
         <path>D:\GIANT\TI_instaspin_indoor_smart_trainer\motorware\motorware_1_01_00_18\sw\modules\iqmath\lib\f28x\32b\</path>
         <kind>archive</kind>
         <file>IQmath.lib</file>
         <name>IQ24cosPU.obj</name>
      </input_file>
      <input_file id="fl-6b">
         <path>D:\GIANT\TI_instaspin_indoor_smart_trainer\motorware\motorware_1_01_00_18\sw\modules\iqmath\lib\f28x\32b\</path>
         <kind>archive</kind>
         <file>IQmath.lib</file>
         <name>IQmathTables.obj</name>
      </input_file>
      <input_file id="fl-6c">
         <path>D:\GIANT\TI_instaspin_indoor_smart_trainer\motorware\motorware_1_01_00_18\sw\modules\iqmath\lib\f28x\32b\</path>
         <kind>archive</kind>
         <file>IQmath.lib</file>
         <name>IQ24div.obj</name>
      </input_file>
      <input_file id="fl-6d">
         <path>D:\GIANT\TI_instaspin_indoor_smart_trainer\motorware\motorware_1_01_00_18\sw\modules\iqmath\lib\f28x\32b\</path>
         <kind>archive</kind>
         <file>IQmath.lib</file>
         <name>IQ24exp.obj</name>
      </input_file>
      <input_file id="fl-6e">
         <path>D:\GIANT\TI_instaspin_indoor_smart_trainer\motorware\motorware_1_01_00_18\sw\modules\iqmath\lib\f28x\32b\</path>
         <kind>archive</kind>
         <file>IQmath.lib</file>
         <name>IQNexpTable.obj</name>
      </input_file>
      <input_file id="fl-6f">
         <path>D:\GIANT\TI_instaspin_indoor_smart_trainer\motorware\motorware_1_01_00_18\sw\modules\iqmath\lib\f28x\32b\</path>
         <kind>archive</kind>
         <file>IQmath.lib</file>
         <name>IQ24sinPU.obj</name>
      </input_file>
      <input_file id="fl-70">
         <path>D:\GIANT\TI_instaspin_indoor_smart_trainer\motorware\motorware_1_01_00_18\sw\modules\iqmath\lib\f28x\32b\</path>
         <kind>archive</kind>
         <file>IQmath.lib</file>
         <name>IQ24sqrt.obj</name>
      </input_file>
      <input_file id="fl-71">
         <path>D:\GIANT\TI_instaspin_indoor_smart_trainer\motorware\motorware_1_01_00_18\sw\modules\iqmath\lib\f28x\32b\</path>
         <kind>archive</kind>
         <file>IQmath.lib</file>
         <name>IQ24toF.obj</name>
      </input_file>
      <input_file id="fl-72">
         <path>D:\GIANT\TI_instaspin_indoor_smart_trainer\motorware\motorware_1_01_00_18\sw\modules\iqmath\lib\f28x\32b\</path>
         <kind>archive</kind>
         <file>IQmath.lib</file>
         <name>IQ30toF.obj</name>
      </input_file>
      <input_file id="fl-73">
         <path>C:\ti\ccs1200\ccs\tools\compiler\ti-cgt-c2000_22.6.0.LTS\lib\</path>
         <kind>archive</kind>
         <file>rts2800_ml.lib</file>
         <name>boot28.asm.obj</name>
      </input_file>
      <input_file id="fl-74">
         <path>C:\ti\ccs1200\ccs\tools\compiler\ti-cgt-c2000_22.6.0.LTS\lib\</path>
         <kind>archive</kind>
         <file>rts2800_ml.lib</file>
         <name>args_main.c.obj</name>
      </input_file>
      <input_file id="fl-75">
         <path>C:\ti\ccs1200\ccs\tools\compiler\ti-cgt-c2000_22.6.0.LTS\lib\</path>
         <kind>archive</kind>
         <file>rts2800_ml.lib</file>
         <name>startup.c.obj</name>
      </input_file>
      <input_file id="fl-76">
         <path>C:\ti\ccs1200\ccs\tools\compiler\ti-cgt-c2000_22.6.0.LTS\lib\</path>
         <kind>archive</kind>
         <file>rts2800_ml.lib</file>
         <name>pre_init.c.obj</name>
      </input_file>
      <input_file id="fl-77">
         <path>C:\ti\ccs1200\ccs\tools\compiler\ti-cgt-c2000_22.6.0.LTS\lib\</path>
         <kind>archive</kind>
         <file>rts2800_ml.lib</file>
         <name>s_ceilf.c.obj</name>
      </input_file>
      <input_file id="fl-78">
         <path>C:\ti\ccs1200\ccs\tools\compiler\ti-cgt-c2000_22.6.0.LTS\lib\</path>
         <kind>archive</kind>
         <file>rts2800_ml.lib</file>
         <name>cpy_tbl.c.obj</name>
      </input_file>
      <input_file id="fl-79">
         <path>C:\ti\ccs1200\ccs\tools\compiler\ti-cgt-c2000_22.6.0.LTS\lib\</path>
         <kind>archive</kind>
         <file>rts2800_ml.lib</file>
         <name>exit.c.obj</name>
      </input_file>
      <input_file id="fl-7a">
         <path>C:\ti\ccs1200\ccs\tools\compiler\ti-cgt-c2000_22.6.0.LTS\lib\</path>
         <kind>archive</kind>
         <file>rts2800_ml.lib</file>
         <name>_lock.c.obj</name>
      </input_file>
      <input_file id="fl-7b">
         <path>C:\ti\ccs1200\ccs\tools\compiler\ti-cgt-c2000_22.6.0.LTS\lib\</path>
         <kind>archive</kind>
         <file>rts2800_ml.lib</file>
         <name>e_logf.c.obj</name>
      </input_file>
      <input_file id="fl-7c">
         <path>C:\ti\ccs1200\ccs\tools\compiler\ti-cgt-c2000_22.6.0.LTS\lib\</path>
         <kind>archive</kind>
         <file>rts2800_ml.lib</file>
         <name>l_tofs28.asm.obj</name>
      </input_file>
      <input_file id="fl-7d">
         <path>C:\ti\ccs1200\ccs\tools\compiler\ti-cgt-c2000_22.6.0.LTS\lib\</path>
         <kind>archive</kind>
         <file>rts2800_ml.lib</file>
         <name>errno.c.obj</name>
      </input_file>
      <input_file id="fl-7e">
         <path>C:\ti\ccs1200\ccs\tools\compiler\ti-cgt-c2000_22.6.0.LTS\lib\</path>
         <kind>archive</kind>
         <file>rts2800_ml.lib</file>
         <name>memcpy.c.obj</name>
      </input_file>
      <input_file id="fl-7f">
         <path>C:\ti\ccs1200\ccs\tools\compiler\ti-cgt-c2000_22.6.0.LTS\lib\</path>
         <kind>archive</kind>
         <file>rts2800_ml.lib</file>
         <name>s_modff.c.obj</name>
      </input_file>
      <input_file id="fl-80">
         <path>C:\ti\ccs1200\ccs\tools\compiler\ti-cgt-c2000_22.6.0.LTS\lib\</path>
         <kind>archive</kind>
         <file>rts2800_ml.lib</file>
         <name>e_powf.c.obj</name>
      </input_file>
      <input_file id="fl-81">
         <path>C:\ti\ccs1200\ccs\tools\compiler\ti-cgt-c2000_22.6.0.LTS\lib\</path>
         <kind>archive</kind>
         <file>rts2800_ml.lib</file>
         <name>s_scalbnf.c.obj</name>
      </input_file>
      <input_file id="fl-82">
         <path>C:\ti\ccs1200\ccs\tools\compiler\ti-cgt-c2000_22.6.0.LTS\lib\</path>
         <kind>archive</kind>
         <file>rts2800_ml.lib</file>
         <name>s_copysignf.c.obj</name>
      </input_file>
      <input_file id="fl-83">
         <path>C:\ti\ccs1200\ccs\tools\compiler\ti-cgt-c2000_22.6.0.LTS\lib\</path>
         <kind>archive</kind>
         <file>rts2800_ml.lib</file>
         <name>e_sqrtf.c.obj</name>
      </input_file>
   </input_file_list>
   <object_component_list>
      <object_component id="oc-47">
         <name>codestart</name>
         <load_address>0x0</load_address>
         <run_address>0x0</run_address>
         <size>0x2</size>
         <input_file_ref idref="fl-4"/>
      </object_component>
      <object_component id="oc-1be">
         <name>ramfuncs</name>
         <load_address>0x177</load_address>
         <run_address>0x177</run_address>
         <size>0x32</size>
         <input_file_ref idref="fl-c"/>
      </object_component>
      <object_component id="oc-d3">
         <name>ramfuncs</name>
         <load_address>0x1a9</load_address>
         <run_address>0x1a9</run_address>
         <size>0x4</size>
         <input_file_ref idref="fl-1e"/>
      </object_component>
      <object_component id="oc-1ac">
         <name>.text</name>
         <load_address>0x8000</load_address>
         <run_address>0x8000</run_address>
         <size>0xb8b</size>
         <input_file_ref idref="fl-e"/>
      </object_component>
      <object_component id="oc-19d">
         <name>.text</name>
         <load_address>0x8b8b</load_address>
         <run_address>0x8b8b</run_address>
         <size>0x994</size>
         <input_file_ref idref="fl-9"/>
      </object_component>
      <object_component id="oc-ab">
         <name>.text:retain</name>
         <load_address>0x951f</load_address>
         <run_address>0x951f</run_address>
         <size>0x59e</size>
         <input_file_ref idref="fl-16"/>
      </object_component>
      <object_component id="oc-19f">
         <name>.text</name>
         <load_address>0x9abd</load_address>
         <run_address>0x9abd</run_address>
         <size>0x54e</size>
         <input_file_ref idref="fl-16"/>
      </object_component>
      <object_component id="oc-1aa">
         <name>.text</name>
         <load_address>0xa00b</load_address>
         <run_address>0xa00b</run_address>
         <size>0x42d</size>
         <input_file_ref idref="fl-1f"/>
      </object_component>
      <object_component id="oc-1b6">
         <name>.text</name>
         <load_address>0xa438</load_address>
         <run_address>0xa438</run_address>
         <size>0x41e</size>
         <input_file_ref idref="fl-80"/>
      </object_component>
      <object_component id="oc-19b">
         <name>.text</name>
         <load_address>0xa856</load_address>
         <run_address>0xa856</run_address>
         <size>0x3d6</size>
         <input_file_ref idref="fl-69"/>
      </object_component>
      <object_component id="oc-1bb">
         <name>.text</name>
         <load_address>0xac2c</load_address>
         <run_address>0xac2c</run_address>
         <size>0x2f7</size>
         <input_file_ref idref="fl-17"/>
      </object_component>
      <object_component id="oc-1b7">
         <name>.text</name>
         <load_address>0xaf23</load_address>
         <run_address>0xaf23</run_address>
         <size>0x2d1</size>
         <input_file_ref idref="fl-a"/>
      </object_component>
      <object_component id="oc-1bf">
         <name>.text</name>
         <load_address>0xb1f4</load_address>
         <run_address>0xb1f4</run_address>
         <size>0x1ed</size>
         <input_file_ref idref="fl-5"/>
      </object_component>
      <object_component id="oc-1ba">
         <name>.text</name>
         <load_address>0xb3e1</load_address>
         <run_address>0xb3e1</run_address>
         <size>0x18a</size>
         <input_file_ref idref="fl-7"/>
      </object_component>
      <object_component id="oc-1b4">
         <name>.text</name>
         <load_address>0xb56b</load_address>
         <run_address>0xb56b</run_address>
         <size>0x187</size>
         <input_file_ref idref="fl-7b"/>
      </object_component>
      <object_component id="oc-19a">
         <name>.text</name>
         <load_address>0xb6f2</load_address>
         <run_address>0xb6f2</run_address>
         <size>0x17f</size>
         <input_file_ref idref="fl-d"/>
      </object_component>
      <object_component id="oc-19c">
         <name>.text</name>
         <load_address>0xb871</load_address>
         <run_address>0xb871</run_address>
         <size>0x160</size>
         <input_file_ref idref="fl-35"/>
      </object_component>
      <object_component id="oc-1bd">
         <name>.text</name>
         <load_address>0xb9d1</load_address>
         <run_address>0xb9d1</run_address>
         <size>0x101</size>
         <input_file_ref idref="fl-14"/>
      </object_component>
      <object_component id="oc-199">
         <name>.text</name>
         <load_address>0xbad2</load_address>
         <run_address>0xbad2</run_address>
         <size>0xf5</size>
         <input_file_ref idref="fl-19"/>
      </object_component>
      <object_component id="oc-1b9">
         <name>.text</name>
         <load_address>0xbbc7</load_address>
         <run_address>0xbbc7</run_address>
         <size>0xa9</size>
         <input_file_ref idref="fl-1a"/>
      </object_component>
      <object_component id="oc-e3">
         <name>.text</name>
         <load_address>0xbc70</load_address>
         <run_address>0xbc70</run_address>
         <size>0x83</size>
         <input_file_ref idref="fl-28"/>
      </object_component>
      <object_component id="oc-f2">
         <name>.text</name>
         <load_address>0xbcf3</load_address>
         <run_address>0xbcf3</run_address>
         <size>0x83</size>
         <input_file_ref idref="fl-2b"/>
      </object_component>
      <object_component id="oc-1b1">
         <name>.text</name>
         <load_address>0xbd76</load_address>
         <run_address>0xbd76</run_address>
         <size>0x7d</size>
         <input_file_ref idref="fl-67"/>
      </object_component>
      <object_component id="oc-ed">
         <name>.text</name>
         <load_address>0xbdf3</load_address>
         <run_address>0xbdf3</run_address>
         <size>0x78</size>
         <input_file_ref idref="fl-2a"/>
      </object_component>
      <object_component id="oc-1c8">
         <name>.text</name>
         <load_address>0xbe6b</load_address>
         <run_address>0xbe6b</run_address>
         <size>0x75</size>
         <input_file_ref idref="fl-83"/>
      </object_component>
      <object_component id="oc-1b5">
         <name>.text</name>
         <load_address>0xbee0</load_address>
         <run_address>0xbee0</run_address>
         <size>0x69</size>
         <input_file_ref idref="fl-77"/>
      </object_component>
      <object_component id="oc-1cc">
         <name>.text</name>
         <load_address>0xbf49</load_address>
         <run_address>0xbf49</run_address>
         <size>0x5d</size>
         <input_file_ref idref="fl-81"/>
      </object_component>
      <object_component id="oc-1bc">
         <name>.text</name>
         <load_address>0xbfa6</load_address>
         <run_address>0xbfa6</run_address>
         <size>0x5b</size>
         <input_file_ref idref="fl-15"/>
      </object_component>
      <object_component id="oc-f7">
         <name>.text</name>
         <load_address>0xc001</load_address>
         <run_address>0xc001</run_address>
         <size>0x5a</size>
         <input_file_ref idref="fl-2c"/>
      </object_component>
      <object_component id="oc-14">
         <name>.text</name>
         <load_address>0xc05b</load_address>
         <run_address>0xc05b</run_address>
         <size>0x54</size>
         <input_file_ref idref="fl-73"/>
      </object_component>
      <object_component id="oc-1c1">
         <name>.text</name>
         <load_address>0xc0af</load_address>
         <run_address>0xc0af</run_address>
         <size>0x47</size>
         <input_file_ref idref="fl-10"/>
      </object_component>
      <object_component id="oc-1c3">
         <name>.text</name>
         <load_address>0xc0f6</load_address>
         <run_address>0xc0f6</run_address>
         <size>0x46</size>
         <input_file_ref idref="fl-20"/>
      </object_component>
      <object_component id="oc-1c5">
         <name>.text</name>
         <load_address>0xc13c</load_address>
         <run_address>0xc13c</run_address>
         <size>0x43</size>
         <input_file_ref idref="fl-18"/>
      </object_component>
      <object_component id="oc-1c6">
         <name>.text</name>
         <load_address>0xc17f</load_address>
         <run_address>0xc17f</run_address>
         <size>0x3e</size>
         <input_file_ref idref="fl-7f"/>
      </object_component>
      <object_component id="oc-1b8">
         <name>.text</name>
         <load_address>0xc1bd</load_address>
         <run_address>0xc1bd</run_address>
         <size>0x32</size>
         <input_file_ref idref="fl-1c"/>
      </object_component>
      <object_component id="oc-1c0">
         <name>.text</name>
         <load_address>0xc1ef</load_address>
         <run_address>0xc1ef</run_address>
         <size>0x2d</size>
         <input_file_ref idref="fl-11"/>
      </object_component>
      <object_component id="oc-198">
         <name>.text</name>
         <load_address>0xc21c</load_address>
         <run_address>0xc21c</run_address>
         <size>0x29</size>
         <input_file_ref idref="fl-79"/>
      </object_component>
      <object_component id="oc-1c2">
         <name>.text</name>
         <load_address>0xc245</load_address>
         <run_address>0xc245</run_address>
         <size>0x25</size>
         <input_file_ref idref="fl-8"/>
      </object_component>
      <object_component id="oc-106">
         <name>.text</name>
         <load_address>0xc26a</load_address>
         <run_address>0xc26a</run_address>
         <size>0x25</size>
         <input_file_ref idref="fl-2f"/>
      </object_component>
      <object_component id="oc-195">
         <name>.text</name>
         <load_address>0xc28f</load_address>
         <run_address>0xc28f</run_address>
         <size>0x24</size>
         <input_file_ref idref="fl-78"/>
      </object_component>
      <object_component id="oc-1a2">
         <name>.text</name>
         <load_address>0xc2b3</load_address>
         <run_address>0xc2b3</run_address>
         <size>0x21</size>
         <input_file_ref idref="fl-b"/>
      </object_component>
      <object_component id="oc-110">
         <name>.text</name>
         <load_address>0xc2d4</load_address>
         <run_address>0xc2d4</run_address>
         <size>0x21</size>
         <input_file_ref idref="fl-31"/>
      </object_component>
      <object_component id="oc-1c4">
         <name>.text</name>
         <load_address>0xc2f5</load_address>
         <run_address>0xc2f5</run_address>
         <size>0x20</size>
         <input_file_ref idref="fl-c"/>
      </object_component>
      <object_component id="oc-e8">
         <name>.text</name>
         <load_address>0xc315</load_address>
         <run_address>0xc315</run_address>
         <size>0x1f</size>
         <input_file_ref idref="fl-29"/>
      </object_component>
      <object_component id="oc-10b">
         <name>.text</name>
         <load_address>0xc334</load_address>
         <run_address>0xc334</run_address>
         <size>0x1d</size>
         <input_file_ref idref="fl-30"/>
      </object_component>
      <object_component id="oc-19e">
         <name>.text</name>
         <load_address>0xc351</load_address>
         <run_address>0xc351</run_address>
         <size>0x1d</size>
         <input_file_ref idref="fl-7e"/>
      </object_component>
      <object_component id="oc-101">
         <name>.text</name>
         <load_address>0xc36e</load_address>
         <run_address>0xc36e</run_address>
         <size>0x1c</size>
         <input_file_ref idref="fl-2e"/>
      </object_component>
      <object_component id="oc-115">
         <name>.text</name>
         <load_address>0xc38a</load_address>
         <run_address>0xc38a</run_address>
         <size>0x1a</size>
         <input_file_ref idref="fl-32"/>
      </object_component>
      <object_component id="oc-169">
         <name>.text</name>
         <load_address>0xc3a4</load_address>
         <run_address>0xc3a4</run_address>
         <size>0x1a</size>
         <input_file_ref idref="fl-7c"/>
      </object_component>
      <object_component id="oc-127">
         <name>.text</name>
         <load_address>0xc3be</load_address>
         <run_address>0xc3be</run_address>
         <size>0x17</size>
         <input_file_ref idref="fl-68"/>
      </object_component>
      <object_component id="oc-11f">
         <name>.text</name>
         <load_address>0xc3d5</load_address>
         <run_address>0xc3d5</run_address>
         <size>0x13</size>
         <input_file_ref idref="fl-34"/>
      </object_component>
      <object_component id="oc-197">
         <name>.text</name>
         <load_address>0xc3e8</load_address>
         <run_address>0xc3e8</run_address>
         <size>0x11</size>
         <input_file_ref idref="fl-74"/>
      </object_component>
      <object_component id="oc-11a">
         <name>.text</name>
         <load_address>0xc3f9</load_address>
         <run_address>0xc3f9</run_address>
         <size>0x10</size>
         <input_file_ref idref="fl-33"/>
      </object_component>
      <object_component id="oc-1ab">
         <name>.text</name>
         <load_address>0xc409</load_address>
         <run_address>0xc409</run_address>
         <size>0xd</size>
         <input_file_ref idref="fl-13"/>
      </object_component>
      <object_component id="oc-1cd">
         <name>.text</name>
         <load_address>0xc416</load_address>
         <run_address>0xc416</run_address>
         <size>0xa</size>
         <input_file_ref idref="fl-82"/>
      </object_component>
      <object_component id="oc-1b2">
         <name>.text</name>
         <load_address>0xc420</load_address>
         <run_address>0xc420</run_address>
         <size>0x9</size>
         <input_file_ref idref="fl-7a"/>
      </object_component>
      <object_component id="oc-46">
         <name>.text</name>
         <load_address>0xc429</load_address>
         <run_address>0xc429</run_address>
         <size>0x8</size>
         <input_file_ref idref="fl-4"/>
      </object_component>
      <object_component id="oc-1af">
         <name>.text</name>
         <load_address>0xc431</load_address>
         <run_address>0xc431</run_address>
         <size>0x7</size>
         <input_file_ref idref="fl-1b"/>
      </object_component>
      <object_component id="oc-1ad">
         <name>.text</name>
         <load_address>0xc438</load_address>
         <run_address>0xc438</run_address>
         <size>0x6</size>
         <input_file_ref idref="fl-6"/>
      </object_component>
      <object_component id="oc-1ae">
         <name>.text</name>
         <load_address>0xc43e</load_address>
         <run_address>0xc43e</run_address>
         <size>0x6</size>
         <input_file_ref idref="fl-f"/>
      </object_component>
      <object_component id="oc-1a3">
         <name>.text</name>
         <load_address>0xc444</load_address>
         <run_address>0xc444</run_address>
         <size>0x6</size>
         <input_file_ref idref="fl-12"/>
      </object_component>
      <object_component id="oc-1b0">
         <name>.text</name>
         <load_address>0xc44a</load_address>
         <run_address>0xc44a</run_address>
         <size>0x6</size>
         <input_file_ref idref="fl-1d"/>
      </object_component>
      <object_component id="oc-9e">
         <name>.text:retain</name>
         <load_address>0xc450</load_address>
         <run_address>0xc450</run_address>
         <size>0x5</size>
         <input_file_ref idref="fl-14"/>
      </object_component>
      <object_component id="oc-fc">
         <name>.text</name>
         <load_address>0xc455</load_address>
         <run_address>0xc455</run_address>
         <size>0x5</size>
         <input_file_ref idref="fl-2d"/>
      </object_component>
      <object_component id="oc-194">
         <name>.text</name>
         <load_address>0xc45a</load_address>
         <run_address>0xc45a</run_address>
         <size>0x2</size>
         <input_file_ref idref="fl-76"/>
      </object_component>
      <object_component id="oc-196">
         <name>.text</name>
         <load_address>0xc45c</load_address>
         <run_address>0xc45c</run_address>
         <size>0x1</size>
         <input_file_ref idref="fl-75"/>
      </object_component>
      <object_component id="oc-a9">
         <name>.cinit</name>
         <load_address>0x50</load_address>
         <run_address>0x50</run_address>
         <size>0x105</size>
         <input_file_ref idref="fl-16"/>
      </object_component>
      <object_component id="oc-158">
         <name>.cinit</name>
         <load_address>0x155</load_address>
         <run_address>0x155</run_address>
         <size>0xe</size>
         <input_file_ref idref="fl-79"/>
      </object_component>
      <object_component id="oc-1a1">
         <name>.cinit:__lock</name>
         <load_address>0x163</load_address>
         <run_address>0x163</run_address>
         <size>0x5</size>
         <input_file_ref idref="fl-7a"/>
      </object_component>
      <object_component id="oc-1b3">
         <name>.cinit:__unlock</name>
         <load_address>0x168</load_address>
         <run_address>0x168</run_address>
         <size>0x5</size>
         <input_file_ref idref="fl-7a"/>
      </object_component>
      <object_component id="oc-68">
         <name>.cinit</name>
         <load_address>0x16d</load_address>
         <run_address>0x16d</run_address>
         <size>0x4</size>
         <input_file_ref idref="fl-a"/>
      </object_component>
      <object_component id="oc-16f">
         <name>.cinit</name>
         <load_address>0x171</load_address>
         <run_address>0x171</run_address>
         <size>0x4</size>
         <input_file_ref idref="fl-7d"/>
      </object_component>
      <object_component id="oc-138">
         <name>.reset</name>
         <load_address>0x3fffc0</load_address>
         <run_address>0x3fffc0</run_address>
         <size>0x2</size>
         <input_file_ref idref="fl-73"/>
      </object_component>
      <object_component id="oc-137">
         <name>.stack</name>
         <uninitialized>true</uninitialized>
         <run_address>0x400</run_address>
         <size>0x0</size>
         <input_file_ref idref="fl-73"/>
      </object_component>
      <object_component id="oc-1ed">
         <name>.stack</name>
         <uninitialized>true</uninitialized>
         <run_address>0x400</run_address>
         <size>0x0</size>
      </object_component>
      <object_component id="oc-5c">
         <name>.ebss</name>
         <uninitialized>true</uninitialized>
         <run_address>0xc46c</run_address>
         <size>0x1</size>
         <input_file_ref idref="fl-8"/>
      </object_component>
      <object_component id="oc-69">
         <name>.ebss</name>
         <uninitialized>true</uninitialized>
         <run_address>0xc468</run_address>
         <size>0x2</size>
         <input_file_ref idref="fl-a"/>
      </object_component>
      <object_component id="oc-7e">
         <name>.ebss</name>
         <uninitialized>true</uninitialized>
         <run_address>0xc6c0</run_address>
         <size>0xac</size>
         <input_file_ref idref="fl-e"/>
      </object_component>
      <object_component id="oc-aa">
         <name>.ebss</name>
         <uninitialized>true</uninitialized>
         <run_address>0xc480</run_address>
         <size>0x22c</size>
         <input_file_ref idref="fl-16"/>
      </object_component>
      <object_component id="oc-124">
         <name>.ebss</name>
         <uninitialized>true</uninitialized>
         <run_address>0xc800</run_address>
         <size>0x28</size>
         <input_file_ref idref="fl-35"/>
      </object_component>
      <object_component id="oc-125">
         <name>.ebss</name>
         <uninitialized>true</uninitialized>
         <run_address>0xc46a</run_address>
         <size>0x2</size>
         <input_file_ref idref="fl-67"/>
      </object_component>
      <object_component id="oc-12c">
         <name>.ebss</name>
         <uninitialized>true</uninitialized>
         <run_address>0xc780</run_address>
         <size>0x66</size>
         <input_file_ref idref="fl-69"/>
      </object_component>
      <object_component id="oc-159">
         <name>.ebss</name>
         <uninitialized>true</uninitialized>
         <run_address>0xc45e</run_address>
         <size>0x6</size>
         <input_file_ref idref="fl-79"/>
      </object_component>
      <object_component id="oc-1a0">
         <name>.ebss:__lock</name>
         <uninitialized>true</uninitialized>
         <run_address>0xc464</run_address>
         <size>0x2</size>
         <input_file_ref idref="fl-7a"/>
      </object_component>
      <object_component id="oc-1c7">
         <name>.ebss:__unlock</name>
         <uninitialized>true</uninitialized>
         <run_address>0xc466</run_address>
         <size>0x2</size>
         <input_file_ref idref="fl-7a"/>
      </object_component>
      <object_component id="oc-170">
         <name>.ebss</name>
         <uninitialized>true</uninitialized>
         <run_address>0xc46d</run_address>
         <size>0x1</size>
         <input_file_ref idref="fl-7d"/>
      </object_component>
      <object_component id="oc-17e">
         <name>.econst</name>
         <load_address>0xc966</load_address>
         <run_address>0xc966</run_address>
         <size>0x32</size>
         <input_file_ref idref="fl-80"/>
      </object_component>
      <object_component id="oc-164">
         <name>.econst</name>
         <load_address>0xc998</load_address>
         <run_address>0xc998</run_address>
         <size>0x10</size>
         <input_file_ref idref="fl-7b"/>
      </object_component>
      <object_component id="oc-d9">
         <name>.econst</name>
         <load_address>0xc9a8</load_address>
         <run_address>0xc9a8</run_address>
         <size>0x8</size>
         <input_file_ref idref="fl-1f"/>
      </object_component>
      <object_component id="oc-184">
         <name>.econst</name>
         <load_address>0xc9b0</load_address>
         <run_address>0xc9b0</run_address>
         <size>0x6</size>
         <input_file_ref idref="fl-81"/>
      </object_component>
      <object_component id="oc-1a4">
         <name>.econst:_$P$T0$1</name>
         <load_address>0xc9b6</load_address>
         <run_address>0xc9b6</run_address>
         <size>0x4</size>
         <input_file_ref idref="fl-9"/>
      </object_component>
      <object_component id="oc-1a5">
         <name>.econst:_$P$T1$2</name>
         <load_address>0xc9ba</load_address>
         <run_address>0xc9ba</run_address>
         <size>0x4</size>
         <input_file_ref idref="fl-9"/>
      </object_component>
      <object_component id="oc-1a6">
         <name>.econst:_$P$T2$3</name>
         <load_address>0xc9be</load_address>
         <run_address>0xc9be</run_address>
         <size>0x4</size>
         <input_file_ref idref="fl-9"/>
      </object_component>
      <object_component id="oc-1a7">
         <name>.econst:_$P$T3$4</name>
         <load_address>0xc9c2</load_address>
         <run_address>0xc9c2</run_address>
         <size>0x4</size>
         <input_file_ref idref="fl-9"/>
      </object_component>
      <object_component id="oc-1a8">
         <name>.econst:_$P$T4$5</name>
         <load_address>0xc9c6</load_address>
         <run_address>0xc9c6</run_address>
         <size>0x4</size>
         <input_file_ref idref="fl-9"/>
      </object_component>
      <object_component id="oc-1a9">
         <name>.econst:_$P$T5$6</name>
         <load_address>0xc9ca</load_address>
         <run_address>0xc9ca</run_address>
         <size>0x4</size>
         <input_file_ref idref="fl-9"/>
      </object_component>
      <object_component id="oc-1c9">
         <name>.econst:_bp</name>
         <load_address>0xc9ce</load_address>
         <run_address>0xc9ce</run_address>
         <size>0x4</size>
         <input_file_ref idref="fl-80"/>
      </object_component>
      <object_component id="oc-1ca">
         <name>.econst:_dp_h</name>
         <load_address>0xc9d2</load_address>
         <run_address>0xc9d2</run_address>
         <size>0x4</size>
         <input_file_ref idref="fl-80"/>
      </object_component>
      <object_component id="oc-1cb">
         <name>.econst:_dp_l</name>
         <load_address>0xc9d6</load_address>
         <run_address>0xc9d6</run_address>
         <size>0x4</size>
         <input_file_ref idref="fl-80"/>
      </object_component>
      <object_component id="oc-62">
         <name>.econst</name>
         <load_address>0xc9da</load_address>
         <run_address>0xc9da</run_address>
         <size>0x4</size>
         <input_file_ref idref="fl-9"/>
      </object_component>
      <object_component id="oc-126">
         <name>.econst</name>
         <load_address>0xc9de</load_address>
         <run_address>0xc9de</run_address>
         <size>0x4</size>
         <input_file_ref idref="fl-67"/>
      </object_component>
      <object_component id="oc-7f">
         <name>.econst</name>
         <load_address>0xc9e2</load_address>
         <run_address>0xc9e2</run_address>
         <size>0x4</size>
         <input_file_ref idref="fl-e"/>
      </object_component>
      <object_component id="oc-12d">
         <name>.econst</name>
         <load_address>0xc9e6</load_address>
         <run_address>0xc9e6</run_address>
         <size>0x4</size>
         <input_file_ref idref="fl-69"/>
      </object_component>
      <object_component id="oc-18f">
         <name>.econst</name>
         <load_address>0xc9ea</load_address>
         <run_address>0xc9ea</run_address>
         <size>0x4</size>
         <input_file_ref idref="fl-83"/>
      </object_component>
      <object_component id="oc-14d">
         <name>.econst</name>
         <load_address>0xc9ee</load_address>
         <run_address>0xc9ee</run_address>
         <size>0x2</size>
         <input_file_ref idref="fl-77"/>
      </object_component>
      <object_component id="oc-178">
         <name>.econst</name>
         <load_address>0xc9f0</load_address>
         <run_address>0xc9f0</run_address>
         <size>0x2</size>
         <input_file_ref idref="fl-7f"/>
      </object_component>
      <object_component id="oc-130">
         <name>IQmath</name>
         <load_address>0xc828</load_address>
         <run_address>0xc828</run_address>
         <size>0x47</size>
         <input_file_ref idref="fl-6c"/>
      </object_component>
      <object_component id="oc-134">
         <name>IQmath</name>
         <load_address>0xc86f</load_address>
         <run_address>0xc86f</run_address>
         <size>0x42</size>
         <input_file_ref idref="fl-70"/>
      </object_component>
      <object_component id="oc-131">
         <name>IQmath</name>
         <load_address>0xc8b1</load_address>
         <run_address>0xc8b1</run_address>
         <size>0x3d</size>
         <input_file_ref idref="fl-6d"/>
      </object_component>
      <object_component id="oc-133">
         <name>IQmath</name>
         <load_address>0xc8ee</load_address>
         <run_address>0xc8ee</run_address>
         <size>0x29</size>
         <input_file_ref idref="fl-6f"/>
      </object_component>
      <object_component id="oc-12e">
         <name>IQmath</name>
         <load_address>0xc917</load_address>
         <run_address>0xc917</run_address>
         <size>0x27</size>
         <input_file_ref idref="fl-6a"/>
      </object_component>
      <object_component id="oc-135">
         <name>IQmath</name>
         <load_address>0xc93e</load_address>
         <run_address>0xc93e</run_address>
         <size>0x14</size>
         <input_file_ref idref="fl-71"/>
      </object_component>
      <object_component id="oc-136">
         <name>IQmath</name>
         <load_address>0xc952</load_address>
         <run_address>0xc952</run_address>
         <size>0x14</size>
         <input_file_ref idref="fl-72"/>
      </object_component>
      <object_component id="oc-12f">
         <name>IQmathTables</name>
         <load_address>0x3fdc30</load_address>
         <run_address>0x3fdc30</run_address>
         <size>0xb50</size>
         <input_file_ref idref="fl-6b"/>
      </object_component>
      <object_component id="oc-48">
         <name>.debug_line</name>
         <load_address>0x0</load_address>
         <run_address>0x0</run_address>
         <size>0xd8</size>
         <input_file_ref idref="fl-4"/>
      </object_component>
      <object_component id="oc-4e">
         <name>.debug_line</name>
         <load_address>0xd8</load_address>
         <run_address>0xd8</run_address>
         <size>0x3a8</size>
         <input_file_ref idref="fl-5"/>
      </object_component>
      <object_component id="oc-53">
         <name>.debug_line</name>
         <load_address>0x480</load_address>
         <run_address>0x480</run_address>
         <size>0xb5</size>
         <input_file_ref idref="fl-6"/>
      </object_component>
      <object_component id="oc-58">
         <name>.debug_line</name>
         <load_address>0x535</load_address>
         <run_address>0x535</run_address>
         <size>0x5be</size>
         <input_file_ref idref="fl-7"/>
      </object_component>
      <object_component id="oc-5e">
         <name>.debug_line</name>
         <load_address>0xaf3</load_address>
         <run_address>0xaf3</run_address>
         <size>0x184</size>
         <input_file_ref idref="fl-8"/>
      </object_component>
      <object_component id="oc-64">
         <name>.debug_line</name>
         <load_address>0xc77</load_address>
         <run_address>0xc77</run_address>
         <size>0x15f0</size>
         <input_file_ref idref="fl-9"/>
      </object_component>
      <object_component id="oc-6b">
         <name>.debug_line</name>
         <load_address>0x2267</load_address>
         <run_address>0x2267</run_address>
         <size>0x69c</size>
         <input_file_ref idref="fl-a"/>
      </object_component>
      <object_component id="oc-70">
         <name>.debug_line</name>
         <load_address>0x2903</load_address>
         <run_address>0x2903</run_address>
         <size>0x142</size>
         <input_file_ref idref="fl-b"/>
      </object_component>
      <object_component id="oc-75">
         <name>.debug_line</name>
         <load_address>0x2a45</load_address>
         <run_address>0x2a45</run_address>
         <size>0x20d</size>
         <input_file_ref idref="fl-c"/>
      </object_component>
      <object_component id="oc-7a">
         <name>.debug_line</name>
         <load_address>0x2c52</load_address>
         <run_address>0x2c52</run_address>
         <size>0x2b9</size>
         <input_file_ref idref="fl-d"/>
      </object_component>
      <object_component id="oc-81">
         <name>.debug_line</name>
         <load_address>0x2f0b</load_address>
         <run_address>0x2f0b</run_address>
         <size>0xf0d</size>
         <input_file_ref idref="fl-e"/>
      </object_component>
      <object_component id="oc-86">
         <name>.debug_line</name>
         <load_address>0x3e18</load_address>
         <run_address>0x3e18</run_address>
         <size>0xb3</size>
         <input_file_ref idref="fl-f"/>
      </object_component>
      <object_component id="oc-8b">
         <name>.debug_line</name>
         <load_address>0x3ecb</load_address>
         <run_address>0x3ecb</run_address>
         <size>0x128</size>
         <input_file_ref idref="fl-10"/>
      </object_component>
      <object_component id="oc-90">
         <name>.debug_line</name>
         <load_address>0x3ff3</load_address>
         <run_address>0x3ff3</run_address>
         <size>0x10d</size>
         <input_file_ref idref="fl-11"/>
      </object_component>
      <object_component id="oc-95">
         <name>.debug_line</name>
         <load_address>0x4100</load_address>
         <run_address>0x4100</run_address>
         <size>0xb1</size>
         <input_file_ref idref="fl-12"/>
      </object_component>
      <object_component id="oc-9a">
         <name>.debug_line</name>
         <load_address>0x41b1</load_address>
         <run_address>0x41b1</run_address>
         <size>0x142</size>
         <input_file_ref idref="fl-13"/>
      </object_component>
      <object_component id="oc-a0">
         <name>.debug_line</name>
         <load_address>0x42f3</load_address>
         <run_address>0x42f3</run_address>
         <size>0x331</size>
         <input_file_ref idref="fl-14"/>
      </object_component>
      <object_component id="oc-a5">
         <name>.debug_line</name>
         <load_address>0x4624</load_address>
         <run_address>0x4624</run_address>
         <size>0x21c</size>
         <input_file_ref idref="fl-15"/>
      </object_component>
      <object_component id="oc-ad">
         <name>.debug_line</name>
         <load_address>0x4840</load_address>
         <run_address>0x4840</run_address>
         <size>0x1569</size>
         <input_file_ref idref="fl-16"/>
      </object_component>
      <object_component id="oc-b2">
         <name>.debug_line</name>
         <load_address>0x5da9</load_address>
         <run_address>0x5da9</run_address>
         <size>0xa58</size>
         <input_file_ref idref="fl-17"/>
      </object_component>
      <object_component id="oc-b7">
         <name>.debug_line</name>
         <load_address>0x6801</load_address>
         <run_address>0x6801</run_address>
         <size>0x144</size>
         <input_file_ref idref="fl-18"/>
      </object_component>
      <object_component id="oc-bc">
         <name>.debug_line</name>
         <load_address>0x6945</load_address>
         <run_address>0x6945</run_address>
         <size>0x637</size>
         <input_file_ref idref="fl-19"/>
      </object_component>
      <object_component id="oc-c1">
         <name>.debug_line</name>
         <load_address>0x6f7c</load_address>
         <run_address>0x6f7c</run_address>
         <size>0x448</size>
         <input_file_ref idref="fl-1a"/>
      </object_component>
      <object_component id="oc-c6">
         <name>.debug_line</name>
         <load_address>0x73c4</load_address>
         <run_address>0x73c4</run_address>
         <size>0xc6</size>
         <input_file_ref idref="fl-1b"/>
      </object_component>
      <object_component id="oc-cb">
         <name>.debug_line</name>
         <load_address>0x748a</load_address>
         <run_address>0x748a</run_address>
         <size>0x159</size>
         <input_file_ref idref="fl-1c"/>
      </object_component>
      <object_component id="oc-d0">
         <name>.debug_line</name>
         <load_address>0x75e3</load_address>
         <run_address>0x75e3</run_address>
         <size>0xb1</size>
         <input_file_ref idref="fl-1d"/>
      </object_component>
      <object_component id="oc-d4">
         <name>.debug_line</name>
         <load_address>0x7694</load_address>
         <run_address>0x7694</run_address>
         <size>0xb9</size>
         <input_file_ref idref="fl-1e"/>
      </object_component>
      <object_component id="oc-db">
         <name>.debug_line</name>
         <load_address>0x774d</load_address>
         <run_address>0x774d</run_address>
         <size>0x4ea</size>
         <input_file_ref idref="fl-1f"/>
      </object_component>
      <object_component id="oc-e0">
         <name>.debug_line</name>
         <load_address>0x7c37</load_address>
         <run_address>0x7c37</run_address>
         <size>0x1a4</size>
         <input_file_ref idref="fl-20"/>
      </object_component>
      <object_component id="oc-e5">
         <name>.debug_line</name>
         <load_address>0x7ddb</load_address>
         <run_address>0x7ddb</run_address>
         <size>0xa2</size>
         <input_file_ref idref="fl-28"/>
      </object_component>
      <object_component id="oc-ea">
         <name>.debug_line</name>
         <load_address>0x7e7d</load_address>
         <run_address>0x7e7d</run_address>
         <size>0x58</size>
         <input_file_ref idref="fl-29"/>
      </object_component>
      <object_component id="oc-ef">
         <name>.debug_line</name>
         <load_address>0x7ed5</load_address>
         <run_address>0x7ed5</run_address>
         <size>0xa9</size>
         <input_file_ref idref="fl-2a"/>
      </object_component>
      <object_component id="oc-f4">
         <name>.debug_line</name>
         <load_address>0x7f7e</load_address>
         <run_address>0x7f7e</run_address>
         <size>0xab</size>
         <input_file_ref idref="fl-2b"/>
      </object_component>
      <object_component id="oc-f9">
         <name>.debug_line</name>
         <load_address>0x8029</load_address>
         <run_address>0x8029</run_address>
         <size>0x8d</size>
         <input_file_ref idref="fl-2c"/>
      </object_component>
      <object_component id="oc-fe">
         <name>.debug_line</name>
         <load_address>0x80b6</load_address>
         <run_address>0x80b6</run_address>
         <size>0x41</size>
         <input_file_ref idref="fl-2d"/>
      </object_component>
      <object_component id="oc-103">
         <name>.debug_line</name>
         <load_address>0x80f7</load_address>
         <run_address>0x80f7</run_address>
         <size>0x56</size>
         <input_file_ref idref="fl-2e"/>
      </object_component>
      <object_component id="oc-108">
         <name>.debug_line</name>
         <load_address>0x814d</load_address>
         <run_address>0x814d</run_address>
         <size>0x5e</size>
         <input_file_ref idref="fl-2f"/>
      </object_component>
      <object_component id="oc-10d">
         <name>.debug_line</name>
         <load_address>0x81ab</load_address>
         <run_address>0x81ab</run_address>
         <size>0x56</size>
         <input_file_ref idref="fl-30"/>
      </object_component>
      <object_component id="oc-112">
         <name>.debug_line</name>
         <load_address>0x8201</load_address>
         <run_address>0x8201</run_address>
         <size>0x59</size>
         <input_file_ref idref="fl-31"/>
      </object_component>
      <object_component id="oc-117">
         <name>.debug_line</name>
         <load_address>0x825a</load_address>
         <run_address>0x825a</run_address>
         <size>0x52</size>
         <input_file_ref idref="fl-32"/>
      </object_component>
      <object_component id="oc-11c">
         <name>.debug_line</name>
         <load_address>0x82ac</load_address>
         <run_address>0x82ac</run_address>
         <size>0x49</size>
         <input_file_ref idref="fl-33"/>
      </object_component>
      <object_component id="oc-121">
         <name>.debug_line</name>
         <load_address>0x82f5</load_address>
         <run_address>0x82f5</run_address>
         <size>0x4f</size>
         <input_file_ref idref="fl-34"/>
      </object_component>
      <object_component id="oc-129">
         <name>.debug_line</name>
         <load_address>0x8344</load_address>
         <run_address>0x8344</run_address>
         <size>0x52</size>
         <input_file_ref idref="fl-68"/>
      </object_component>
      <object_component id="oc-13a">
         <name>.debug_line</name>
         <load_address>0x8396</load_address>
         <run_address>0x8396</run_address>
         <size>0x7d</size>
         <input_file_ref idref="fl-73"/>
      </object_component>
      <object_component id="oc-13f">
         <name>.debug_line</name>
         <load_address>0x8413</load_address>
         <run_address>0x8413</run_address>
         <size>0x4f</size>
         <input_file_ref idref="fl-74"/>
      </object_component>
      <object_component id="oc-144">
         <name>.debug_line</name>
         <load_address>0x8462</load_address>
         <run_address>0x8462</run_address>
         <size>0x3a</size>
         <input_file_ref idref="fl-75"/>
      </object_component>
      <object_component id="oc-149">
         <name>.debug_line</name>
         <load_address>0x849c</load_address>
         <run_address>0x849c</run_address>
         <size>0x3e</size>
         <input_file_ref idref="fl-76"/>
      </object_component>
      <object_component id="oc-14f">
         <name>.debug_line</name>
         <load_address>0x84da</load_address>
         <run_address>0x84da</run_address>
         <size>0x7f</size>
         <input_file_ref idref="fl-77"/>
      </object_component>
      <object_component id="oc-154">
         <name>.debug_line</name>
         <load_address>0x8559</load_address>
         <run_address>0x8559</run_address>
         <size>0x50</size>
         <input_file_ref idref="fl-78"/>
      </object_component>
      <object_component id="oc-15b">
         <name>.debug_line</name>
         <load_address>0x85a9</load_address>
         <run_address>0x85a9</run_address>
         <size>0x65</size>
         <input_file_ref idref="fl-79"/>
      </object_component>
      <object_component id="oc-160">
         <name>.debug_line</name>
         <load_address>0x860e</load_address>
         <run_address>0x860e</run_address>
         <size>0x5e</size>
         <input_file_ref idref="fl-7a"/>
      </object_component>
      <object_component id="oc-166">
         <name>.debug_line</name>
         <load_address>0x866c</load_address>
         <run_address>0x866c</run_address>
         <size>0xb9</size>
         <input_file_ref idref="fl-7b"/>
      </object_component>
      <object_component id="oc-16b">
         <name>.debug_line</name>
         <load_address>0x8725</load_address>
         <run_address>0x8725</run_address>
         <size>0x53</size>
         <input_file_ref idref="fl-7c"/>
      </object_component>
      <object_component id="oc-174">
         <name>.debug_line</name>
         <load_address>0x8778</load_address>
         <run_address>0x8778</run_address>
         <size>0x62</size>
         <input_file_ref idref="fl-7e"/>
      </object_component>
      <object_component id="oc-17a">
         <name>.debug_line</name>
         <load_address>0x87da</load_address>
         <run_address>0x87da</run_address>
         <size>0x68</size>
         <input_file_ref idref="fl-7f"/>
      </object_component>
      <object_component id="oc-180">
         <name>.debug_line</name>
         <load_address>0x8842</load_address>
         <run_address>0x8842</run_address>
         <size>0x1d8</size>
         <input_file_ref idref="fl-80"/>
      </object_component>
      <object_component id="oc-186">
         <name>.debug_line</name>
         <load_address>0x8a1a</load_address>
         <run_address>0x8a1a</run_address>
         <size>0x73</size>
         <input_file_ref idref="fl-81"/>
      </object_component>
      <object_component id="oc-18b">
         <name>.debug_line</name>
         <load_address>0x8a8d</load_address>
         <run_address>0x8a8d</run_address>
         <size>0x49</size>
         <input_file_ref idref="fl-82"/>
      </object_component>
      <object_component id="oc-191">
         <name>.debug_line</name>
         <load_address>0x8ad6</load_address>
         <run_address>0x8ad6</run_address>
         <size>0xb5</size>
         <input_file_ref idref="fl-83"/>
      </object_component>
      <object_component id="oc-49">
         <name>.debug_info</name>
         <load_address>0x0</load_address>
         <run_address>0x0</run_address>
         <size>0x30a</size>
         <input_file_ref idref="fl-4"/>
      </object_component>
      <object_component id="oc-4c">
         <name>.debug_info</name>
         <load_address>0x30a</load_address>
         <run_address>0x30a</run_address>
         <size>0x5283</size>
         <input_file_ref idref="fl-5"/>
      </object_component>
      <object_component id="oc-51">
         <name>.debug_info</name>
         <load_address>0x558d</load_address>
         <run_address>0x558d</run_address>
         <size>0x616</size>
         <input_file_ref idref="fl-6"/>
      </object_component>
      <object_component id="oc-56">
         <name>.debug_info</name>
         <load_address>0x5ba3</load_address>
         <run_address>0x5ba3</run_address>
         <size>0x6497</size>
         <input_file_ref idref="fl-7"/>
      </object_component>
      <object_component id="oc-5b">
         <name>.debug_info</name>
         <load_address>0xc03a</load_address>
         <run_address>0xc03a</run_address>
         <size>0x15b9</size>
         <input_file_ref idref="fl-8"/>
      </object_component>
      <object_component id="oc-61">
         <name>.debug_info</name>
         <load_address>0xd5f3</load_address>
         <run_address>0xd5f3</run_address>
         <size>0xa892</size>
         <input_file_ref idref="fl-9"/>
      </object_component>
      <object_component id="oc-67">
         <name>.debug_info</name>
         <load_address>0x17e85</load_address>
         <run_address>0x17e85</run_address>
         <size>0x5b6f</size>
         <input_file_ref idref="fl-a"/>
      </object_component>
      <object_component id="oc-6e">
         <name>.debug_info</name>
         <load_address>0x1d9f4</load_address>
         <run_address>0x1d9f4</run_address>
         <size>0x1062</size>
         <input_file_ref idref="fl-b"/>
      </object_component>
      <object_component id="oc-73">
         <name>.debug_info</name>
         <load_address>0x1ea56</load_address>
         <run_address>0x1ea56</run_address>
         <size>0x27cf</size>
         <input_file_ref idref="fl-c"/>
      </object_component>
      <object_component id="oc-78">
         <name>.debug_info</name>
         <load_address>0x21225</load_address>
         <run_address>0x21225</run_address>
         <size>0x3e38</size>
         <input_file_ref idref="fl-d"/>
      </object_component>
      <object_component id="oc-7d">
         <name>.debug_info</name>
         <load_address>0x2505d</load_address>
         <run_address>0x2505d</run_address>
         <size>0x14757</size>
         <input_file_ref idref="fl-e"/>
      </object_component>
      <object_component id="oc-84">
         <name>.debug_info</name>
         <load_address>0x397b4</load_address>
         <run_address>0x397b4</run_address>
         <size>0x5a7</size>
         <input_file_ref idref="fl-f"/>
      </object_component>
      <object_component id="oc-89">
         <name>.debug_info</name>
         <load_address>0x39d5b</load_address>
         <run_address>0x39d5b</run_address>
         <size>0xf1d</size>
         <input_file_ref idref="fl-10"/>
      </object_component>
      <object_component id="oc-8e">
         <name>.debug_info</name>
         <load_address>0x3ac78</load_address>
         <run_address>0x3ac78</run_address>
         <size>0xc68</size>
         <input_file_ref idref="fl-11"/>
      </object_component>
      <object_component id="oc-93">
         <name>.debug_info</name>
         <load_address>0x3b8e0</load_address>
[...]
      <symbol id="sm-8e0">
         <name>_IPD_HFI_getSpeed_lp_pu</name>
         <value>0xac26</value>
         <object_component_ref idref="oc-19b"/>
      </symbol>
      <symbol id="sm-8e1">
         <name>_IPD_HFI_setFlag_motorSpinning</name>
         <value>0xa863</value>
         <object_component_ref idref="oc-19b"/>
      </symbol>
      <symbol id="sm-8e2">
         <name>_IPD_HFI_setSpeed_lp_pu</name>
         <value>0xa920</value>
         <object_component_ref idref="oc-19b"/>
      </symbol>
      <symbol id="sm-8e3">
         <name>_ipd_18_20141126</name>
         <value>0xc780</value>
         <object_component_ref idref="oc-12c"/>
      </symbol>
      <symbol id="sm-8e4">
         <name>_IPD_HFI_setTrajMags</name>
         <value>0xa8f4</value>
         <object_component_ref idref="oc-19b"/>
      </symbol>
      <symbol id="sm-8e5">
         <name>_IPD_HFI_updateState</name>
         <value>0xa865</value>
         <object_component_ref idref="oc-19b"/>
      </symbol>
      <symbol id="sm-8e6">
         <name>_IPD_HFI_getAngle_pu</name>
         <value>0xa85a</value>
         <object_component_ref idref="oc-19b"/>
      </symbol>
      <symbol id="sm-8e7">
         <name>_IPD_HFI_init</name>
         <value>0xac1c</value>
         <object_component_ref idref="oc-19b"/>
      </symbol>
      <symbol id="sm-8e8">
         <name>_IPD_HFI_setHpf_Idq_Params</name>
         <value>0xa923</value>
         <object_component_ref idref="oc-19b"/>
      </symbol>
      <symbol id="sm-8e9">
         <name>_IPD_HFI_getState</name>
         <value>0xa856</value>
         <object_component_ref idref="oc-19b"/>
      </symbol>
      <symbol id="sm-8ea">
         <name>_IPD_HFI_setAngle_pu</name>
         <value>0xa85d</value>
         <object_component_ref idref="oc-19b"/>
      </symbol>
      <symbol id="sm-8eb">
         <name>_IPD_HFI_isOnLine</name>
         <value>0xabd9</value>
         <object_component_ref idref="oc-19b"/>
      </symbol>
      <symbol id="sm-8ec">
         <name>_IPD_HFI_getSpeed_pu</name>
         <value>0xaab3</value>
         <object_component_ref idref="oc-19b"/>
      </symbol>
      <symbol id="sm-8ed">
         <name>_IPD_HFI_isEnabled</name>
         <value>0xa858</value>
         <object_component_ref idref="oc-19b"/>
      </symbol>
      <symbol id="sm-8ee">
         <name>_IPD_HFI_TRAJ_init</name>
         <value>0xabe0</value>
         <object_component_ref idref="oc-19b"/>
      </symbol>
      <symbol id="sm-8ef">
         <name>_IPD_HFI_setSpeed_pu</name>
         <value>0xa91d</value>
         <object_component_ref idref="oc-19b"/>
      </symbol>
      <symbol id="sm-8f0">
         <name>_IPD_HFI_run</name>
         <value>0xaab6</value>
         <object_component_ref idref="oc-19b"/>
      </symbol>
      <symbol id="sm-8f1">
         <name>_IPD_HFI_getVdValue</name>
         <value>0xac22</value>
         <object_component_ref idref="oc-19b"/>
      </symbol>
      <symbol id="sm-8f2">
         <name>_IPD_HFI_enable</name>
         <value>0xac29</value>
         <object_component_ref idref="oc-19b"/>
      </symbol>
      <symbol id="sm-8f3">
         <name>_IPD_HFI_setKspd_pu</name>
         <value>0xa970</value>
         <object_component_ref idref="oc-19b"/>
      </symbol>
      <symbol id="sm-8f4">
         <name>_IPD_HFI_getKspd_pu</name>
         <value>0xaab0</value>
         <object_component_ref idref="oc-19b"/>
      </symbol>
      <symbol id="sm-8f5">
         <name>_IPD_HFI_setWaitTimes</name>
         <value>0xa8e6</value>
         <object_component_ref idref="oc-19b"/>
      </symbol>
      <symbol id="sm-8f6">
         <name>_IPD_HFI_setParams</name>
         <value>0xa975</value>
         <object_component_ref idref="oc-19b"/>
      </symbol>
      <symbol id="sm-8f7">
         <name>_IPD_HFI_setTrajParams</name>
         <value>0xa8fb</value>
         <object_component_ref idref="oc-19b"/>
      </symbol>
      <symbol id="sm-8f8">
         <name>_IPD_HFI_setId_sum</name>
         <value>0xa860</value>
         <object_component_ref idref="oc-19b"/>
      </symbol>
      <symbol id="sm-8f9">
         <name>_IPD_HFI_init_int</name>
         <value>0xabe7</value>
         <object_component_ref idref="oc-19b"/>
      </symbol>
      <symbol id="sm-8fa">
         <name>_IPD_HFI_disable</name>
         <value>0xa973</value>
         <object_component_ref idref="oc-19b"/>
      </symbol>
      <symbol id="sm-8fb">
         <name>_IPD_HFI_setTrajPeriods</name>
         <value>0xa8ed</value>
         <object_component_ref idref="oc-19b"/>
      </symbol>
      <symbol id="sm-906">
         <name>__IQ24cosPU</name>
         <value>0xc917</value>
         <object_component_ref idref="oc-12e"/>
      </symbol>
      <symbol id="sm-90a">
         <name>_IQ16mpyRndSatTable</name>
         <value>0x3fe6c0</value>
         <object_component_ref idref="oc-12f"/>
      </symbol>
      <symbol id="sm-90b">
         <name>_IQ24mpyRndSatTable</name>
         <value>0x3fe660</value>
         <object_component_ref idref="oc-12f"/>
      </symbol>
      <symbol id="sm-90c">
         <name>_IQ13mpyRndSatTable</name>
         <value>0x3fe6e4</value>
         <object_component_ref idref="oc-12f"/>
      </symbol>
      <symbol id="sm-90d">
         <name>_IQ21mpyRndSatTable</name>
         <value>0x3fe684</value>
         <object_component_ref idref="oc-12f"/>
      </symbol>
      <symbol id="sm-90e">
         <name>_IQ10mpyRndSatTable</name>
         <value>0x3fe708</value>
         <object_component_ref idref="oc-12f"/>
      </symbol>
      <symbol id="sm-90f">
         <name>_IQdivTable</name>
         <value>0x3fe140</value>
         <object_component_ref idref="oc-12f"/>
      </symbol>
      <symbol id="sm-910">
         <name>_IQ9mpyRndSatTable</name>
         <value>0x3fe714</value>
         <object_component_ref idref="oc-12f"/>
      </symbol>
      <symbol id="sm-911">
         <name>_IQ6mpyRndSatTable</name>
         <value>0x3fe738</value>
         <object_component_ref idref="oc-12f"/>
      </symbol>
      <symbol id="sm-912">
         <name>_IQatan2TableEnd</name>
         <value>0x3fe618</value>
         <object_component_ref idref="oc-12f"/>
      </symbol>
      <symbol id="sm-913">
         <name>_IQdivTableEnd</name>
         <value>0x3fe342</value>
         <object_component_ref idref="oc-12f"/>
      </symbol>
      <symbol id="sm-914">
         <name>_IQ29mpyRndSatTable</name>
         <value>0x3fe624</value>
         <object_component_ref idref="oc-12f"/>
      </symbol>
      <symbol id="sm-915">
         <name>_IQ3mpyRndSatTable</name>
         <value>0x3fe75c</value>
         <object_component_ref idref="oc-12f"/>
      </symbol>
      <symbol id="sm-916">
         <name>_IQ18mpyRndSatTable</name>
         <value>0x3fe6a8</value>
         <object_component_ref idref="oc-12f"/>
      </symbol>
      <symbol id="sm-917">
         <name>_IQ26mpyRndSatTable</name>
         <value>0x3fe648</value>
         <object_component_ref idref="oc-12f"/>
      </symbol>
      <symbol id="sm-918">
         <name>_IQcosTableEnd</name>
         <value>0x3fe132</value>
         <object_component_ref idref="oc-12f"/>
      </symbol>
      <symbol id="sm-919">
         <name>_IQsinTableEnd</name>
         <value>0x3fe030</value>
         <object_component_ref idref="oc-12f"/>
      </symbol>
      <symbol id="sm-91a">
         <name>_IQ15mpyRndSatTable</name>
         <value>0x3fe6cc</value>
         <object_component_ref idref="oc-12f"/>
      </symbol>
      <symbol id="sm-91b">
         <name>_IQ23mpyRndSatTable</name>
         <value>0x3fe66c</value>
         <object_component_ref idref="oc-12f"/>
      </symbol>
      <symbol id="sm-91c">
         <name>_IQ12mpyRndSatTable</name>
         <value>0x3fe6f0</value>
         <object_component_ref idref="oc-12f"/>
      </symbol>
      <symbol id="sm-91d">
         <name>_IQ20mpyRndSatTable</name>
         <value>0x3fe690</value>
         <object_component_ref idref="oc-12f"/>
      </symbol>
      <symbol id="sm-91e">
         <name>_IQisqrtTableEnd</name>
         <value>0x3fe454</value>
         <object_component_ref idref="oc-12f"/>
      </symbol>
      <symbol id="sm-91f">
         <name>_IQ8mpyRndSatTable</name>
         <value>0x3fe720</value>
         <object_component_ref idref="oc-12f"/>
      </symbol>
      <symbol id="sm-920">
         <name>_IQisqrtRoundSatTable</name>
         <value>0x3fe342</value>
         <object_component_ref idref="oc-12f"/>
      </symbol>
      <symbol id="sm-921">
         <name>_IQ5mpyRndSatTable</name>
         <value>0x3fe744</value>
         <object_component_ref idref="oc-12f"/>
      </symbol>
      <symbol id="sm-922">
         <name>_IQmpyRndSatTable</name>
         <value>0x3fe618</value>
         <object_component_ref idref="oc-12f"/>
      </symbol>
      <symbol id="sm-923">
         <name>_IQ28mpyRndSatTable</name>
         <value>0x3fe630</value>
         <object_component_ref idref="oc-12f"/>
      </symbol>
      <symbol id="sm-924">
         <name>_IQatan2Table</name>
         <value>0x3fe492</value>
         <object_component_ref idref="oc-12f"/>
      </symbol>
      <symbol id="sm-925">
         <name>_IQ2mpyRndSatTable</name>
         <value>0x3fe768</value>
         <object_component_ref idref="oc-12f"/>
      </symbol>
      <symbol id="sm-926">
         <name>_IQatan2HalfPITable</name>
         <value>0x3fe454</value>
         <object_component_ref idref="oc-12f"/>
      </symbol>
      <symbol id="sm-927">
         <name>_IQ17mpyRndSatTable</name>
         <value>0x3fe6b4</value>
         <object_component_ref idref="oc-12f"/>
      </symbol>
      <symbol id="sm-928">
         <name>_IQ25mpyRndSatTable</name>
         <value>0x3fe654</value>
         <object_component_ref idref="oc-12f"/>
      </symbol>
      <symbol id="sm-929">
         <name>_IQsqrtTable</name>
         <value>0x3fe352</value>
         <object_component_ref idref="oc-12f"/>
      </symbol>
      <symbol id="sm-92a">
         <name>_IQsqrtTableEnd</name>
         <value>0x3fe454</value>
         <object_component_ref idref="oc-12f"/>
      </symbol>
      <symbol id="sm-92b">
         <name>_IQ14mpyRndSatTable</name>
         <value>0x3fe6d8</value>
         <object_component_ref idref="oc-12f"/>
      </symbol>
      <symbol id="sm-92c">
         <name>_IQ22mpyRndSatTable</name>
         <value>0x3fe678</value>
         <object_component_ref idref="oc-12f"/>
      </symbol>
      <symbol id="sm-92d">
         <name>_IQ30mpyRndSatTable</name>
         <value>0x3fe618</value>
         <object_component_ref idref="oc-12f"/>
      </symbol>
      <symbol id="sm-92e">
         <name>_IQsqrtRoundSatTable</name>
         <value>0x3fe342</value>
         <object_component_ref idref="oc-12f"/>
      </symbol>
      <symbol id="sm-92f">
         <name>_IQ11mpyRndSatTable</name>
         <value>0x3fe6fc</value>
         <object_component_ref idref="oc-12f"/>
      </symbol>
      <symbol id="sm-930">
         <name>_IQdivRoundSatTable</name>
         <value>0x3fe132</value>
         <object_component_ref idref="oc-12f"/>
      </symbol>
      <symbol id="sm-931">
         <name>_IQ7mpyRndSatTable</name>
         <value>0x3fe72c</value>
         <object_component_ref idref="oc-12f"/>
      </symbol>
      <symbol id="sm-932">
         <name>_IQcosTable</name>
         <value>0x3fdd30</value>
         <object_component_ref idref="oc-12f"/>
      </symbol>
      <symbol id="sm-933">
         <name>_IQisqrtTable</name>
         <value>0x3fe352</value>
         <object_component_ref idref="oc-12f"/>
      </symbol>
      <symbol id="sm-934">
         <name>_IQ4mpyRndSatTable</name>
         <value>0x3fe750</value>
         <object_component_ref idref="oc-12f"/>
      </symbol>
      <symbol id="sm-935">
         <name>_IQ19mpyRndSatTable</name>
         <value>0x3fe69c</value>
         <object_component_ref idref="oc-12f"/>
      </symbol>
      <symbol id="sm-936">
         <name>_IQ27mpyRndSatTable</name>
         <value>0x3fe63c</value>
         <object_component_ref idref="oc-12f"/>
      </symbol>
      <symbol id="sm-937">
         <name>_IQmpyRndSatTableEnd</name>
         <value>0x3fe780</value>
         <object_component_ref idref="oc-12f"/>
      </symbol>
      <symbol id="sm-938">
         <name>_IQ1mpyRndSatTable</name>
         <value>0x3fe774</value>
         <object_component_ref idref="oc-12f"/>
      </symbol>
      <symbol id="sm-939">
         <name>_IQsinTable</name>
         <value>0x3fdc30</value>
         <object_component_ref idref="oc-12f"/>
      </symbol>
      <symbol id="sm-944">
         <name>__IQ24div</name>
         <value>0xc828</value>
         <object_component_ref idref="oc-130"/>
      </symbol>
      <symbol id="sm-951">
         <name>__IQ24exp</name>
         <value>0xc8b1</value>
         <object_component_ref idref="oc-131"/>
      </symbol>
      <symbol id="sm-956">
         <name>_IQexpTable</name>
         <value>0x1ae</value>
         <object_component_ref idref="oc-132"/>
      </symbol>
      <symbol id="sm-957">
         <name>_IQexpTableCoeffEnd</name>
         <value>0x23a</value>
         <object_component_ref idref="oc-132"/>
      </symbol>
      <symbol id="sm-958">
         <name>_IQexpTableMinMax</name>
         <value>0x1ae</value>
         <object_component_ref idref="oc-132"/>
      </symbol>
      <symbol id="sm-959">
         <name>_IQexpTableMinMaxEnd</name>
         <value>0x226</value>
         <object_component_ref idref="oc-132"/>
      </symbol>
      <symbol id="sm-95a">
         <name>_IQexpTableCoeff</name>
         <value>0x226</value>
         <object_component_ref idref="oc-132"/>
      </symbol>
      <symbol id="sm-965">
         <name>__IQ24sinPU</name>
         <value>0xc8ee</value>
         <object_component_ref idref="oc-133"/>
      </symbol>
      <symbol id="sm-96f">
         <name>__IQ24sqrt</name>
         <value>0xc86f</value>
         <object_component_ref idref="oc-134"/>
      </symbol>
      <symbol id="sm-979">
         <name>__IQ24toF</name>
         <value>0xc93e</value>
         <object_component_ref idref="oc-135"/>
      </symbol>
      <symbol id="sm-983">
         <name>__IQ30toF</name>
         <value>0xc952</value>
         <object_component_ref idref="oc-136"/>
      </symbol>
      <symbol id="sm-99e">
         <name>_c_int00</name>
         <value>0xc05b</value>
         <object_component_ref idref="oc-14"/>
      </symbol>
      <symbol id="sm-99f">
         <name>__stack</name>
         <value>0x400</value>
         <object_component_ref idref="oc-137"/>
      </symbol>
      <symbol id="sm-9ae">
         <name>__args_main</name>
         <value>0xc3e8</value>
         <object_component_ref idref="oc-197"/>
      </symbol>
      <symbol id="sm-9bc">
         <name>__system_post_cinit</name>
         <value>0xc45c</value>
         <object_component_ref idref="oc-196"/>
      </symbol>
      <symbol id="sm-9c9">
         <name>__system_pre_init</name>
         <value>0xc45a</value>
         <object_component_ref idref="oc-194"/>
      </symbol>
      <symbol id="sm-9e2">
         <name>_ceilf</name>
         <value>0xbee0</value>
         <object_component_ref idref="oc-1b5"/>
      </symbol>
      <symbol id="sm-9e4">
         <name>_ceil</name>
         <value>0xbee0</value>
         <object_component_ref idref="oc-1b5"/>
      </symbol>
      <symbol id="sm-9f3">
         <name>_copy_in</name>
         <value>0xc28f</value>
         <object_component_ref idref="oc-195"/>
      </symbol>
      <symbol id="sm-a08">
         <name>C$$EXIT</name>
         <value>0xc21c</value>
         <object_component_ref idref="oc-198"/>
      </symbol>
      <symbol id="sm-a09">
         <name>_exit</name>
         <value>0xc21e</value>
         <object_component_ref idref="oc-198"/>
      </symbol>
      <symbol id="sm-a0b">
         <name>___TI_cleanup_ptr</name>
         <value>0xc460</value>
         <object_component_ref idref="oc-159"/>
      </symbol>
      <symbol id="sm-a0c">
         <name>___TI_enable_exit_profile_output</name>
         <value>0xc45e</value>
         <object_component_ref idref="oc-159"/>
      </symbol>
      <symbol id="sm-a0d">
         <name>_abort</name>
         <value>0xc21c</value>
         <object_component_ref idref="oc-198"/>
      </symbol>
      <symbol id="sm-a0f">
         <name>___TI_dtors_ptr</name>
         <value>0xc462</value>
         <object_component_ref idref="oc-159"/>
      </symbol>
      <symbol id="sm-a23">
         <name>__unlock</name>
         <value>0xc466</value>
         <object_component_ref idref="oc-1c7"/>
      </symbol>
      <symbol id="sm-a24">
         <name>__lock</name>
         <value>0xc464</value>
         <object_component_ref idref="oc-1a0"/>
      </symbol>
      <symbol id="sm-a25">
         <name>__register_lock</name>
         <value>0xc424</value>
         <object_component_ref idref="oc-1b2"/>
      </symbol>
      <symbol id="sm-a27">
         <name>__nop</name>
         <value>0xc428</value>
         <object_component_ref idref="oc-1b2"/>
      </symbol>
      <symbol id="sm-a29">
         <name>__register_unlock</name>
         <value>0xc420</value>
         <object_component_ref idref="oc-1b2"/>
      </symbol>
      <symbol id="sm-a52">
         <name>_logf</name>
         <value>0xb56b</value>
         <object_component_ref idref="oc-1b4"/>
      </symbol>
      <symbol id="sm-a54">
         <name>_log</name>
         <value>0xb56b</value>
         <object_component_ref idref="oc-1b4"/>
      </symbol>
      <symbol id="sm-a63">
         <name>L$$TOFS</name>
         <value>0xc3a4</value>
         <object_component_ref idref="oc-169"/>
      </symbol>
      <symbol id="sm-a6d">
         <name>_errno</name>
         <value>0xc46d</value>
         <object_component_ref idref="oc-170"/>
      </symbol>
      <symbol id="sm-a7e">
         <name>_memcpy</name>
         <value>0xc351</value>
         <object_component_ref idref="oc-19e"/>
      </symbol>
      <symbol id="sm-a94">
         <name>_modf</name>
         <value>0xc17f</value>
         <object_component_ref idref="oc-1c6"/>
      </symbol>
      <symbol id="sm-a95">
         <name>_modff</name>
         <value>0xc17f</value>
         <object_component_ref idref="oc-1c6"/>
      </symbol>
      <symbol id="sm-af0">
         <name>_powf</name>
         <value>0xa438</value>
         <object_component_ref idref="oc-1b6"/>
      </symbol>
      <symbol id="sm-af2">
         <name>_pow</name>
         <value>0xa438</value>
         <object_component_ref idref="oc-1b6"/>
      </symbol>
      <symbol id="sm-b0b">
         <name>_scalbn</name>
         <value>0xbf49</value>
         <object_component_ref idref="oc-1cc"/>
      </symbol>
      <symbol id="sm-b0c">
         <name>_ldexp</name>
         <value>0xbf49</value>
         <object_component_ref idref="oc-1cc"/>
      </symbol>
      <symbol id="sm-b0d">
         <name>_scalbnf</name>
         <value>0xbf49</value>
         <object_component_ref idref="oc-1cc"/>
      </symbol>
      <symbol id="sm-b0f">
         <name>_ldexpf</name>
         <value>0xbf49</value>
         <object_component_ref idref="oc-1cc"/>
      </symbol>
      <symbol id="sm-b1b">
         <name>_copysignf</name>
         <value>0xc416</value>
         <object_component_ref idref="oc-1cd"/>
      </symbol>
      <symbol id="sm-b1d">
         <name>_copysign</name>
         <value>0xc416</value>
         <object_component_ref idref="oc-1cd"/>
      </symbol>
      <symbol id="sm-b37">
         <name>_sqrtf</name>
         <value>0xbe6b</value>
         <object_component_ref idref="oc-1c8"/>
      </symbol>
      <symbol id="sm-b39">
         <name>_sqrt</name>
         <value>0xbe6b</value>
         <object_component_ref idref="oc-1c8"/>
      </symbol>
   </symbol_table>
   <title>Link successful</title>
</link_info>
