******************************************************************************
             TMS320C2000 Linker PC v22.6.0                     
******************************************************************************
>> Linked Thu Mar 23 16:33:49 2023

OUTPUT FILE NAME:   <proj_lab21.out>
ENTRY POINT SYMBOL: "_c_int00"  address: 0000c05b


MEMORY CONFIGURATION

         name            origin    length      used     unused   attr    fill
----------------------  --------  ---------  --------  --------  ----  --------
PAGE 0:
  BEGIN                 00000000   00000002  00000002  00000000  RWIX
  RAMM0                 00000050   000003b0  000001e9  000001c7  RWIX
  RAML0_L8              00008000   0000b800  000049f1  00006e0f  RWIX
  FPUTABLES             003fd590   000006a0  00000000  000006a0  RWIX
  IQTABLES              003fdc30   00000b50  00000b50  00000000  RWIX
  IQTABLES2             003fe780   0000008c  00000000  0000008c  RWIX
  IQTABLES3             003fe80c   000000aa  00000000  000000aa  RWIX
  BOOTROM               003ff3b0   00000c10  00000000  00000c10  RWIX
  RESET                 003fffc0   00000002  00000000  00000002  RWIX

PAGE 1:
  BOOT_RSVD             00000002   0000004e  00000000  0000004e  RWIX
  RAMM1                 00000400   00000400  00000200  00000200  RWIX
  USB_RAM               00040000   00000800  00000000  00000800  RWIX


SECTION ALLOCATION MAP

 output                                  attributes/
section   page    origin      length       input sections
--------  ----  ----------  ----------   ----------------
codestart 
*          0    00000000    00000002     
                  00000000    00000002     CodeStartBranch.obj (codestart)

.cinit     0    00000050    00000127     
                  00000050    00000105     proj_lab21.obj (.cinit)
                  00000155    0000000e     rts2800_ml.lib : exit.c.obj (.cinit)
                  00000163    00000005                    : _lock.c.obj (.cinit:__lock)
                  00000168    00000005                    : _lock.c.obj (.cinit:__unlock)
                  0000016d    00000004     drv8301.obj (.cinit)
                  00000171    00000004     rts2800_ml.lib : errno.c.obj (.cinit)
                  00000175    00000002     --HOLE-- [fill = 0]

ramfuncs   0    00000177    00000036     
                  00000177    00000032     flash.obj (ramfuncs)
                  000001a9    00000004     usDelay.obj (ramfuncs)

.text      0    00008000    0000445d     
                  00008000    00000b8b     hal.obj (.text)
                  00008b8b    00000994     ctrl.obj (.text)
                  0000951f    0000059e     proj_lab21.obj (.text:retain)
                  00009abd    0000054e     proj_lab21.obj (.text)
                  0000a00b    0000042d     user.obj (.text)
                  0000a438    0000041e     rts2800_ml.lib : e_powf.c.obj (.text)
                  0000a856    000003d6     ipd_hfi.lib : ipd_hfi_priv.obj (.text)
                  0000ac2c    000002f7     pwm.obj (.text)
                  0000af23    000002d1     drv8301.obj (.text)
                  0000b1f4    000001ed     adc.obj (.text)
                  0000b3e1    0000018a     clk.obj (.text)
                  0000b56b    00000187     rts2800_ml.lib : e_logf.c.obj (.text)
                  0000b6f2    0000017f     gpio.obj (.text)
                  0000b871    00000160     afsel.lib : afsel_priv.obj (.text)
                  0000b9d1    00000101     pie.obj (.text)
                  0000bad2    000000f5     sci.obj (.text)
                  0000bbc7    000000a9     spi.obj (.text)
                  0000bc70    00000083     rts2800_ml.lib : fd_mpy28.asm.obj (.text)
                  0000bcf3    00000083                    : fs_div28.asm.obj (.text)
                  0000bd76    0000007d     fstart.lib : fstart_priv.obj (.text)
                  0000bdf3    00000078     rts2800_ml.lib : fs_add28.asm.obj (.text)
                  0000be6b    00000075                    : e_sqrtf.c.obj (.text)
                  0000bee0    00000069                    : s_ceilf.c.obj (.text)
                  0000bf49    0000005d                    : s_scalbnf.c.obj (.text)
                  0000bfa6    0000005b     pll.obj (.text)
                  0000c001    0000005a     rts2800_ml.lib : fs_mpy28.asm.obj (.text)
                  0000c05b    00000054                    : boot28.asm.obj (.text)
                  0000c0af    00000047     offset.obj (.text)
                  0000c0f6    00000046     wdog.obj (.text)
                  0000c13c    00000043     pwr.obj (.text)
                  0000c17f    0000003e     rts2800_ml.lib : s_modff.c.obj (.text)
                  0000c1bd    00000032     timer.obj (.text)
                  0000c1ef    0000002d     osc.obj (.text)
                  0000c21c    00000029     rts2800_ml.lib : exit.c.obj (.text)
                  0000c245    00000025     cpu.obj (.text)
                  0000c26a    00000025     rts2800_ml.lib : fs_toi28.asm.obj (.text)
                  0000c28f    00000024                    : cpy_tbl.c.obj (.text)
                  0000c2b3    00000021     filter_fo.obj (.text)
                  0000c2d4    00000021     rts2800_ml.lib : fs_toul28.asm.obj (.text)
                  0000c2f5    00000020     flash.obj (.text)
                  0000c315    0000001f     rts2800_ml.lib : fd_tol28.asm.obj (.text)
                  0000c334    0000001d                    : fs_tou28.asm.obj (.text)
                  0000c351    0000001d                    : memcpy.c.obj (.text)
                  0000c36e    0000001c                    : fs_tofd28.asm.obj (.text)
                  0000c38a    0000001a                    : i_tofs28.asm.obj (.text)
                  0000c3a4    0000001a                    : l_tofs28.asm.obj (.text)
                  0000c3be    00000017                    : fs_cmp28.asm.obj (.text)
                  0000c3d5    00000013                    : ul_tofs28.asm.obj (.text)
                  0000c3e8    00000011                    : args_main.c.obj (.text)
                  0000c3f9    00000010                    : u_tofs28.asm.obj (.text)
                  0000c409    0000000d     pid.obj (.text)
                  0000c416    0000000a     rts2800_ml.lib : s_copysignf.c.obj (.text)
                  0000c420    00000009                    : _lock.c.obj (.text)
                  0000c429    00000008     CodeStartBranch.obj (.text)
                  0000c431    00000007     svgen.obj (.text)
                  0000c438    00000006     clarke.obj (.text)
                  0000c43e    00000006     ipark.obj (.text)
                  0000c444    00000006     park.obj (.text)
                  0000c44a    00000006     traj.obj (.text)
                  0000c450    00000005     pie.obj (.text:retain)
                  0000c455    00000005     rts2800_ml.lib : fs_neg28.asm.obj (.text)
                  0000c45a    00000002                    : pre_init.c.obj (.text)
                  0000c45c    00000001                    : startup.c.obj (.text)

.pinit     0    00000050    00000000     UNINITIALIZED

.reset     0    003fffc0    00000002     DSECT
                  003fffc0    00000002     rts2800_ml.lib : boot28.asm.obj (.reset)

.ebss      0    0000c45e    000003ca     UNINITIALIZED
                  0000c45e    00000006     rts2800_ml.lib : exit.c.obj (.ebss)
                  0000c464    00000002                    : _lock.c.obj (.ebss:__lock)
                  0000c466    00000002                    : _lock.c.obj (.ebss:__unlock)
                  0000c468    00000002     drv8301.obj (.ebss)
                  0000c46a    00000002     fstart.lib : fstart_priv.obj (.ebss)
                  0000c46c    00000001     cpu.obj (.ebss)
                  0000c46d    00000001     rts2800_ml.lib : errno.c.obj (.ebss)
                  0000c46e    00000012     --HOLE--
                  0000c480    0000022c     proj_lab21.obj (.ebss)
                  0000c6ac    00000014     --HOLE--
                  0000c6c0    000000ac     hal.obj (.ebss)
                  0000c76c    00000014     --HOLE--
                  0000c780    00000066     ipd_hfi.lib : ipd_hfi_priv.obj (.ebss)
                  0000c7e6    0000001a     --HOLE--
                  0000c800    00000028     afsel.lib : afsel_priv.obj (.ebss)

.econst    0    0000c966    0000008c     
                  0000c966    00000032     rts2800_ml.lib : e_powf.c.obj (.econst)
                  0000c998    00000010                    : e_logf.c.obj (.econst)
                  0000c9a8    00000008     user.obj (.econst)
                  0000c9b0    00000006     rts2800_ml.lib : s_scalbnf.c.obj (.econst)
                  0000c9b6    00000004     ctrl.obj (.econst:_$P$T0$1)
                  0000c9ba    00000004     ctrl.obj (.econst:_$P$T1$2)
                  0000c9be    00000004     ctrl.obj (.econst:_$P$T2$3)
                  0000c9c2    00000004     ctrl.obj (.econst:_$P$T3$4)
                  0000c9c6    00000004     ctrl.obj (.econst:_$P$T4$5)
                  0000c9ca    00000004     ctrl.obj (.econst:_$P$T5$6)
                  0000c9ce    00000004     rts2800_ml.lib : e_powf.c.obj (.econst:_bp)
                  0000c9d2    00000004                    : e_powf.c.obj (.econst:_dp_h)
                  0000c9d6    00000004                    : e_powf.c.obj (.econst:_dp_l)
                  0000c9da    00000004     ctrl.obj (.econst)
                  0000c9de    00000004     fstart.lib : fstart_priv.obj (.econst)
                  0000c9e2    00000004     hal.obj (.econst)
                  0000c9e6    00000004     ipd_hfi.lib : ipd_hfi_priv.obj (.econst)
                  0000c9ea    00000004     rts2800_ml.lib : e_sqrtf.c.obj (.econst)
                  0000c9ee    00000002                    : s_ceilf.c.obj (.econst)
                  0000c9f0    00000002                    : s_modff.c.obj (.econst)

.stack     1    00000400    00000200     UNINITIALIZED
                  00000400    00000200     --HOLE--

IQmath     0    0000c828    0000013e     
                  0000c828    00000047     IQmath.lib : IQ24div.obj (IQmath)
                  0000c86f    00000042                : IQ24sqrt.obj (IQmath)
                  0000c8b1    0000003d                : IQ24exp.obj (IQmath)
                  0000c8ee    00000029                : IQ24sinPU.obj (IQmath)
                  0000c917    00000027                : IQ24cosPU.obj (IQmath)
                  0000c93e    00000014                : IQ24toF.obj (IQmath)
                  0000c952    00000014                : IQ30toF.obj (IQmath)

IQmathTables 
*          0    003fdc30    00000b50     NOLOAD SECTION
                  003fdc30    00000b50     IQmath.lib : IQmathTables.obj (IQmathTables)

IQmathTablesRam 
*          0    000001ae    0000008c     
                  000001ae    0000008c     IQmath.lib : IQNexpTable.obj (IQmathTablesRam)

MODULE SUMMARY

       Module                code    initialized data   uninitialized data
       ------                ----    ----------------   ------------------
    .\
       proj_lab21.obj        2796    261                556               
       hal.obj               2955    4                  172               
       ctrl.obj              2452    28                 0                 
       user.obj              1069    8                  0                 
       pwm.obj               759     0                  0                 
       drv8301.obj           721     4                  2                 
       adc.obj               493     0                  0                 
       clk.obj               394     0                  0                 
       gpio.obj              383     0                  0                 
       pie.obj               262     0                  0                 
       sci.obj               245     0                  0                 
       spi.obj               169     0                  0                 
       pll.obj               91      0                  0                 
       flash.obj             82      0                  0                 
       offset.obj            71      0                  0                 
       wdog.obj              70      0                  0                 
       pwr.obj               67      0                  0                 
       timer.obj             50      0                  0                 
       osc.obj               45      0                  0                 
       cpu.obj               37      0                  1                 
       filter_fo.obj         33      0                  0                 
       pid.obj               13      0                  0                 
       CodeStartBranch.obj   10      0                  0                 
       svgen.obj             7       0                  0                 
       clarke.obj            6       0                  0                 
       ipark.obj             6       0                  0                 
       park.obj              6       0                  0                 
       traj.obj              6       0                  0                 
       usDelay.obj           4       0                  0                 
    +--+---------------------+-------+------------------+--------------------+
       Total:                13302   305                731               
                                                                          
    C:/ti/ccs1200/ccs/tools/compiler/ti-cgt-c2000_22.6.0.LTS/lib/rts2800_ml.lib
       e_powf.c.obj          1054    62                 0                 
       e_logf.c.obj          391     16                 0                 
       fd_mpy28.asm.obj      131     0                  0                 
       fs_div28.asm.obj      131     0                  0                 
       e_sqrtf.c.obj         117     4                  0                 
       fs_add28.asm.obj      120     0                  0                 
       s_ceilf.c.obj         105     2                  0                 
       s_scalbnf.c.obj       93      6                  0                 
       fs_mpy28.asm.obj      90      0                  0                 
       boot28.asm.obj        84      0                  0                 
       s_modff.c.obj         62      2                  0                 
       exit.c.obj            41      14                 6                 
       fs_toi28.asm.obj      37      0                  0                 
       cpy_tbl.c.obj         36      0                  0                 
       fs_toul28.asm.obj     33      0                  0                 
       fd_tol28.asm.obj      31      0                  0                 
       fs_tou28.asm.obj      29      0                  0                 
       memcpy.c.obj          29      0                  0                 
       fs_tofd28.asm.obj     28      0                  0                 
       i_tofs28.asm.obj      26      0                  0                 
       l_tofs28.asm.obj      26      0                  0                 
       _lock.c.obj           9       10                 4                 
       fs_cmp28.asm.obj      23      0                  0                 
       ul_tofs28.asm.obj     19      0                  0                 
       args_main.c.obj       17      0                  0                 
       u_tofs28.asm.obj      16      0                  0                 
       s_copysignf.c.obj     10      0                  0                 
       errno.c.obj           0       4                  1                 
       fs_neg28.asm.obj      5       0                  0                 
       pre_init.c.obj        2       0                  0                 
       startup.c.obj         1       0                  0                 
    +--+---------------------+-------+------------------+--------------------+
       Total:                2796    120                11                
                                                                          
    D:/GIANT/TI_instaspin_indoor_smart_trainer/motorware/motorware_1_01_00_18/sw/modules/afsel/lib/32b/f28x/afsel.lib
       afsel_priv.obj        352     0                  40                
    +--+---------------------+-------+------------------+--------------------+
       Total:                352     0                  40                
                                                                          
    D:/GIANT/TI_instaspin_indoor_smart_trainer/motorware/motorware_1_01_00_18/sw/modules/fstart/lib/32b/f28x/fstart.lib
       fstart_priv.obj       125     4                  2                 
    +--+---------------------+-------+------------------+--------------------+
       Total:                125     4                  2                 
                                                                          
    D:/GIANT/TI_instaspin_indoor_smart_trainer/motorware/motorware_1_01_00_18/sw/modules/ipd/lib/32b/f28x/ipd_hfi.lib
       ipd_hfi_priv.obj      982     4                  102               
    +--+---------------------+-------+------------------+--------------------+
       Total:                982     4                  102               
                                                                          
    D:/GIANT/TI_instaspin_indoor_smart_trainer/motorware/motorware_1_01_00_18/sw/modules/iqmath/lib/f28x/32b/IQmath.lib
       IQmathTables.obj      0       2896               0                 
       IQNexpTable.obj       0       140                0                 
       IQ24div.obj           0       71                 0                 
       IQ24sqrt.obj          0       66                 0                 
       IQ24exp.obj           0       61                 0                 
       IQ24sinPU.obj         0       41                 0                 
       IQ24cosPU.obj         0       39                 0                 
       IQ24toF.obj           0       20                 0                 
       IQ30toF.obj           0       20                 0                 
    +--+---------------------+-------+------------------+--------------------+
       Total:                0       3354               0                 
                                                                          
       Stack:                0       0                  512               
    +--+---------------------+-------+------------------+--------------------+
       Grand Total:          17557   3787               1398              


GLOBAL DATA SYMBOLS: SORTED BY DATA PAGE

address     data page           name
--------    ----------------    ----
000001ae       6 (00000180)     _IQexpTable
000001ae       6 (00000180)     _IQexpTableMinMax

00000226       8 (00000200)     _IQexpTableCoeff
00000226       8 (00000200)     _IQexpTableMinMaxEnd
0000023a       8 (00000200)     _IQexpTableCoeffEnd

00000400      10 (00000400)     __stack

0000c45e     311 (0000c440)     ___TI_enable_exit_profile_output
0000c460     311 (0000c440)     ___TI_cleanup_ptr
0000c462     311 (0000c440)     ___TI_dtors_ptr
0000c464     311 (0000c440)     __lock
0000c466     311 (0000c440)     __unlock
0000c46a     311 (0000c440)     _fstart_18_20141126
0000c46c     311 (0000c440)     _cpu
0000c46d     311 (0000c440)     _errno

0000c480     312 (0000c480)     _success
0000c481     312 (0000c480)     _dataTx_speed
0000c482     312 (0000c480)     _dataTx_torque
0000c483     312 (0000c480)     _dataTx_current
0000c484     312 (0000c480)     _dataRx
0000c485     312 (0000c480)     _gCounter_updateGlobals
0000c486     312 (0000c480)     _Flag_Latch_softwareUpdate
0000c487     312 (0000c480)     _gLEDcnt
0000c488     312 (0000c480)     _flag_update_ipd
0000c48a     312 (0000c480)     _xPotentiometer
0000c48c     312 (0000c480)     _yPotentiometer
0000c48e     312 (0000c480)     _fPotentiometer
0000c490     312 (0000c480)     _gPotentiometer
0000c492     312 (0000c480)     _torque_head
0000c494     312 (0000c480)     _pre_torque_head
0000c496     312 (0000c480)     _refspeed
0000c498     312 (0000c480)     _VDCSET
0000c49a     312 (0000c480)     _VDCPORTECT
0000c49c     312 (0000c480)     _Iq_Amp
0000c49e     312 (0000c480)     _Speed_kRPM
0000c4a0     312 (0000c480)     _pu_to_khz_sf
0000c4a2     312 (0000c480)     _khz_to_krpm_sf
0000c4a4     312 (0000c480)     _pidHandle_Tob
0000c4a6     312 (0000c480)     _pidHandle_Refmodel
0000c4a8     312 (0000c480)     _ctrlHandle
0000c4aa     312 (0000c480)     _clarkeHandle_I
0000c4ac     312 (0000c480)     _clarkeHandle_V
0000c4ae     312 (0000c480)     _estHandle
0000c4b0     312 (0000c480)     _iparkHandle
0000c4b2     312 (0000c480)     _parkHandle
0000c4b4     312 (0000c480)     _svgenHandle
0000c4b6     312 (0000c480)     _svgen
0000c4b8     312 (0000c480)     _ipdHandle
0000c4ba     312 (0000c480)     _afselHandle
0000c4bc     312 (0000c480)     _fstartHandle
0000c4be     312 (0000c480)     _trajHandle_Iq

0000c4c0     313 (0000c4c0)     _halHandle
0000c4c2     313 (0000c4c0)     _gMaxCurrentSlope
0000c4c4     313 (0000c4c0)     _controller_obj
0000c4c6     313 (0000c4c0)     _gFlux_pu_to_Wb_sf
0000c4c8     313 (0000c4c0)     _gFlux_pu_to_VpHz_sf
0000c4ca     313 (0000c4c0)     _gTorque_Ls_Id_Iq_pu_to_Nm_sf
0000c4cc     313 (0000c4c0)     _gTorque_Flux_Iq_pu_to_Nm_sf
0000c4ce     313 (0000c4c0)     _gUi
0000c4d0     313 (0000c4c0)     _gThrottle_Result
0000c4d2     313 (0000c4c0)     _gSpeed_krpm_to_pu_sf
0000c4d4     313 (0000c4c0)     _ipark
0000c4d8     313 (0000c4c0)     _park
0000c4dc     313 (0000c4c0)     _gAdcBiasI
0000c4e2     313 (0000c4c0)     _gAdcBiasV
0000c4e8     313 (0000c4c0)     _clarke_I
0000c4ee     313 (0000c4c0)     _clarke_V
0000c4f4     313 (0000c4c0)     _gPwmData

0000c500     314 (0000c500)     _traj_Iq
0000c50a     314 (0000c500)     _gAdcData
0000c518     314 (0000c500)     _pid_Tob
0000c528     314 (0000c500)     _pid_Refmodel

0000c540     315 (0000c540)     _gDrvSpi8301Vars

0000c580     316 (0000c580)     _gMotorVars

0000c600     318 (0000c600)     _gUserParams

0000c6c0     31b (0000c6c0)     _hal

0000c780     31e (0000c780)     _ipd_18_20141126

0000c800     320 (0000c800)     _afsel_18_20141126
0000c828     320 (0000c800)     __IQ24div

0000c86f     321 (0000c840)     __IQ24sqrt

0000c8b1     322 (0000c880)     __IQ24exp

0000c8ee     323 (0000c8c0)     __IQ24sinPU

0000c917     324 (0000c900)     __IQ24cosPU
0000c93e     324 (0000c900)     __IQ24toF

0000c952     325 (0000c940)     __IQ30toF

003fdc30    ff70 (003fdc00)     _IQsinTable

003fdd30    ff74 (003fdd00)     _IQcosTable

003fe030    ff80 (003fe000)     _IQsinTableEnd

003fe132    ff84 (003fe100)     _IQcosTableEnd
003fe132    ff84 (003fe100)     _IQdivRoundSatTable

003fe140    ff85 (003fe140)     _IQdivTable

003fe342    ff8d (003fe340)     _IQdivTableEnd
003fe342    ff8d (003fe340)     _IQisqrtRoundSatTable
003fe342    ff8d (003fe340)     _IQsqrtRoundSatTable
003fe352    ff8d (003fe340)     _IQisqrtTable
003fe352    ff8d (003fe340)     _IQsqrtTable

003fe454    ff91 (003fe440)     _IQatan2HalfPITable
003fe454    ff91 (003fe440)     _IQisqrtTableEnd
003fe454    ff91 (003fe440)     _IQsqrtTableEnd

003fe492    ff92 (003fe480)     _IQatan2Table

003fe618    ff98 (003fe600)     _IQ30mpyRndSatTable
003fe618    ff98 (003fe600)     _IQatan2TableEnd
003fe618    ff98 (003fe600)     _IQmpyRndSatTable
003fe624    ff98 (003fe600)     _IQ29mpyRndSatTable
003fe630    ff98 (003fe600)     _IQ28mpyRndSatTable
003fe63c    ff98 (003fe600)     _IQ27mpyRndSatTable

003fe648    ff99 (003fe640)     _IQ26mpyRndSatTable
003fe654    ff99 (003fe640)     _IQ25mpyRndSatTable
003fe660    ff99 (003fe640)     _IQ24mpyRndSatTable
003fe66c    ff99 (003fe640)     _IQ23mpyRndSatTable
003fe678    ff99 (003fe640)     _IQ22mpyRndSatTable

003fe684    ff9a (003fe680)     _IQ21mpyRndSatTable
003fe690    ff9a (003fe680)     _IQ20mpyRndSatTable
003fe69c    ff9a (003fe680)     _IQ19mpyRndSatTable
003fe6a8    ff9a (003fe680)     _IQ18mpyRndSatTable
003fe6b4    ff9a (003fe680)     _IQ17mpyRndSatTable

003fe6c0    ff9b (003fe6c0)     _IQ16mpyRndSatTable
003fe6cc    ff9b (003fe6c0)     _IQ15mpyRndSatTable
003fe6d8    ff9b (003fe6c0)     _IQ14mpyRndSatTable
003fe6e4    ff9b (003fe6c0)     _IQ13mpyRndSatTable
003fe6f0    ff9b (003fe6c0)     _IQ12mpyRndSatTable
003fe6fc    ff9b (003fe6c0)     _IQ11mpyRndSatTable

003fe708    ff9c (003fe700)     _IQ10mpyRndSatTable
003fe714    ff9c (003fe700)     _IQ9mpyRndSatTable
003fe720    ff9c (003fe700)     _IQ8mpyRndSatTable
003fe72c    ff9c (003fe700)     _IQ7mpyRndSatTable
003fe738    ff9c (003fe700)     _IQ6mpyRndSatTable

003fe744    ff9d (003fe740)     _IQ5mpyRndSatTable
003fe750    ff9d (003fe740)     _IQ4mpyRndSatTable
003fe75c    ff9d (003fe740)     _IQ3mpyRndSatTable
003fe768    ff9d (003fe740)     _IQ2mpyRndSatTable
003fe774    ff9d (003fe740)     _IQ1mpyRndSatTable

003fe780    ff9e (003fe780)     _IQmpyRndSatTableEnd


GLOBAL SYMBOLS: SORTED ALPHABETICALLY BY Name 

page  address   name                                             
----  -------   ----                                             
0     00008000  .text                                            
0     0000c21c  C$$EXIT                                          
0     0000bc70  FD$$MPY                                          
0     0000c315  FD$$TOL                                          
0     0000bdf8  FS$$ADD                                          
0     0000c3be  FS$$CMP                                          
0     0000bcf3  FS$$DIV                                          
0     0000c001  FS$$MPY                                          
0     0000c455  FS$$NEG                                          
0     0000bdf3  FS$$SUB                                          
0     0000c36e  FS$$TOFD                                         
0     0000c26a  FS$$TOI                                          
0     0000c334  FS$$TOU                                          
0     0000c2d4  FS$$TOUL                                         
0     0000c38a  I$$TOFS                                          
0     0000c3a4  L$$TOFS                                          
0     0000c3f9  U$$TOFS                                          
0     0000c3d5  UL$$TOFS                                         
0     0000b3d7  _ADC_disable                                     
0     0000b3cd  _ADC_disableBandGap                              
0     0000b3b6  _ADC_disableInt                                  
0     0000b3ac  _ADC_disableNoOverlapMode                        
0     0000b3a2  _ADC_disableRefBuffers                           
0     0000b398  _ADC_disableVoltRefLoConv                        
0     0000b38e  _ADC_enable                                      
0     0000b384  _ADC_enableBandGap                               
0     0000b36e  _ADC_enableInt                                   
0     0000b364  _ADC_enableNoOverlapMode                         
0     0000b35a  _ADC_enableRefBuffers                            
0     0000b350  _ADC_enableVoltRefLoConv                         
0     0000b348  _ADC_getDivideSelect                             
0     0000b341  _ADC_init                                        
0     0000b337  _ADC_powerDown                                   
0     0000b32d  _ADC_powerUp                                     
0     0000b323  _ADC_reset                                       
0     0000b312  _ADC_setDivideSelect                             
0     0000b2f1  _ADC_setIntMode                                  
0     0000b2e0  _ADC_setIntPulseGenMode                          
0     0000b2bf  _ADC_setIntSrc                                   
0     0000b2b8  _ADC_setOffTrim                                  
0     0000b2a1  _ADC_setSampleMode                               
0     0000b28e  _ADC_setSampleOverlapMode                        
0     0000b27a  _ADC_setSocChanNumber                            
0     0000b270  _ADC_setSocFrc                                   
0     0000b269  _ADC_setSocFrcWord                               
0     0000b255  _ADC_setSocSampleDelay                           
0     0000b241  _ADC_setSocTrigSrc                               
0     0000b230  _ADC_setTempSensorSrc                            
0     0000b21f  _ADC_setVoltRefSrc                               
0     0000b1f4  _ADC_setupSocTrigSrc                             
0     0000b94f  _AFSEL_disable                                   
0     0000b9cd  _AFSEL_enable                                    
0     0000b874  _AFSEL_getAngle_pu                               
0     0000b877  _AFSEL_getFreq_pu                                
0     0000b9cb  _AFSEL_getIqMax                                  
0     0000b9c8  _AFSEL_getIqSlope                                
0     0000b9c2  _AFSEL_init                                      
0     0000b9bb  _AFSEL_init_priv                                 
0     0000b9b5  _AFSEL_isDisabled                                
0     0000b871  _AFSEL_isEnabled                                 
0     0000b983  _AFSEL_run                                       
0     0000b94c  _AFSEL_setFreqHigh_pu                            
0     0000b949  _AFSEL_setFreqLow_pu                             
0     0000b952  _AFSEL_setParams                                 
0     0000b93d  _AFSEL_setup                                     
0     0000b87a  _AFSEL_updateState                               
0     0000c438  _CLARKE_init                                     
0     0000b564  _CLK_disableAdcClock                             
0     0000b55d  _CLK_disableClaClock                             
0     0000b557  _CLK_disableClkIn                                
0     0000b553  _CLK_disableCompClock                            
0     0000b54c  _CLK_disableCpuTimerClock                        
0     0000b546  _CLK_disableCrystalOsc                           
0     0000b53f  _CLK_disableEcanaClock                           
0     0000b538  _CLK_disableEcap1Clock                           
0     0000b531  _CLK_disableEqep1Clock                           
0     0000b52a  _CLK_disableEqep2Clock                           
0     0000b523  _CLK_disableGpioInputClock                       
0     0000b51c  _CLK_disableHrPwmClock                           
0     0000b515  _CLK_disableI2cClock                             
0     0000b50e  _CLK_disableLinAClock                            
0     0000b508  _CLK_disableOsc1                                 
0     0000b502  _CLK_disableOsc1HaltMode                         
0     0000b4fc  _CLK_disableOsc2                                 
0     0000b4f6  _CLK_disableOsc2HaltMode                         
0     0000b4ec  _CLK_disablePwmClock                             
0     0000b4e5  _CLK_disableSciaClock                            
0     0000b4de  _CLK_disableScibClock                            
0     0000b4d7  _CLK_disableSpiaClock                            
0     0000b4d3  _CLK_disableSpibClock                            
0     0000b4cc  _CLK_disableTbClockSync                          
0     0000b4c6  _CLK_disableWatchDogHaltMode                     
0     0000b4bf  _CLK_enableAdcClock                              
0     0000b4b8  _CLK_enableClaClock                              
0     0000b4b2  _CLK_enableClkIn                                 
0     0000b4ac  _CLK_enableCompClock                             
0     0000b4a6  _CLK_enableCpuTimerClock                         
0     0000b4a0  _CLK_enableCrystalOsc                            
0     0000b499  _CLK_enableEcanaClock                            
0     0000b492  _CLK_enableEcap1Clock                            
0     0000b48b  _CLK_enableEqep1Clock                            
0     0000b484  _CLK_enableEqep2Clock                            
0     0000b47d  _CLK_enableGpioInputClock                        
0     0000b476  _CLK_enableHrPwmClock                            
0     0000b46f  _CLK_enableI2cClock                              
0     0000b468  _CLK_enableLinAClock                             
0     0000b462  _CLK_enableOsc1                                  
0     0000b45c  _CLK_enableOsc1HaltMode                          
0     0000b456  _CLK_enableOsc2                                  
0     0000b450  _CLK_enableOsc2HaltMode                          
0     0000b447  _CLK_enablePwmClock                              
0     0000b440  _CLK_enableSciaClock                             
0     0000b439  _CLK_enableScibClock                             
0     0000b432  _CLK_enableSpiaClock                             
0     0000b42b  _CLK_enableSpibClock                             
0     0000b424  _CLK_enableTbClockSync                           
0     0000b41e  _CLK_enableWatchDogHaltMode                      
0     0000b418  _CLK_init                                        
0     0000b411  _CLK_setClkOutPreScaler                          
0     0000b40b  _CLK_setLowSpdPreScaler                          
0     0000b404  _CLK_setOsc2Src                                  
0     0000b3fd  _CLK_setOscSrc                                   
0     0000b3f6  _CLK_setTimer2PreScale                           
0     0000b3ef  _CLK_setTimer2Src                                
0     0000b3e8  _CLK_setWatchDogSrc                              
0     0000b3e1  _CLK_setXClkInSrc                                
0     0000c267  _CPU_clearIntFlags                               
0     0000c264  _CPU_disableDebugInt                             
0     0000c261  _CPU_disableGlobalInts                           
0     0000c25c  _CPU_disableInt                                  
0     0000c259  _CPU_disableInts                                 
0     0000c256  _CPU_disableProtectedRegisterWrite               
0     0000c253  _CPU_enableDebugInt                              
0     0000c250  _CPU_enableGlobalInts                            
0     0000c24c  _CPU_enableInt                                   
0     0000c249  _CPU_enableProtectedRegisterWrite                
0     0000c245  _CPU_init                                        
0     000094e3  _CTRL_getGains                                   
0     000094dc  _CTRL_getIab_filt_pu                             
0     000094d5  _CTRL_getIab_in_pu                               
0     000094ce  _CTRL_getIdq_in_pu                               
0     000094c7  _CTRL_getIdq_ref_pu                              
0     0000951c  _CTRL_getMagCurrent_pu                           
0     00009519  _CTRL_getMaximumSpeed_pu                         
0     000094c0  _CTRL_getVab_in_pu                               
0     000094b9  _CTRL_getVab_out_pu                              
0     000094b2  _CTRL_getVdq_out_pu                              
abs   003fa721  _CTRL_getVersion                                 
0     000094a9  _CTRL_getWaitTimes                               
abs   003fa6fb  _CTRL_initCtrl                                   
0     00008f7a  _CTRL_run                                        
abs   003fa5d1  _CTRL_runTraj                                    
abs   003f9e64  _CTRL_setEstParams                               
0     00008cf3  _CTRL_setGains                                   
0     00009516  _CTRL_setMagCurrent_pu                           
0     00009513  _CTRL_setMaximumSpeed_pu                         
0     00008d1b  _CTRL_setParams                                  
0     00008ce0  _CTRL_setSpd_ref_krpm                            
0     00008cdd  _CTRL_setSpd_ref_pu                              
abs   003f9d31  _CTRL_setUserMotorParams                         
0     00008cd4  _CTRL_setWaitTimes                               
0     00008cca  _CTRL_setup                                      
0     00008cae  _CTRL_setupClarke_I                              
0     00008c98  _CTRL_setupClarke_V                              
abs   003f9b43  _CTRL_setupCtrl                                  
abs   003f99a5  _CTRL_setupEstIdleState                          
abs   003f996a  _CTRL_setupEstOnLineState                        
abs   003f9806  _CTRL_setupTraj                                  
0     00008c3e  _CTRL_setup_user                                 
0     00008b8b  _CTRL_updateState                                
0     0000b1d2  _DRV8301_enable                                  
0     0000b1c0  _DRV8301_getDcCalMode                            
0     0000b1a5  _DRV8301_getFaultType                            
0     0000b19f  _DRV8301_getId                                   
0     0000b198  _DRV8301_getOcLevel                              
0     0000b191  _DRV8301_getOcMode                               
0     0000b18a  _DRV8301_getOcOffTimeMode                        
0     0000b183  _DRV8301_getOcTwMode                             
0     0000b17c  _DRV8301_getPeakCurrent                          
0     0000b175  _DRV8301_getPwmMode                              
0     0000b16e  _DRV8301_getShuntAmpGain                         
0     0000b165  _DRV8301_init                                    
0     0000b15f  _DRV8301_isFault                                 
0     0000b158  _DRV8301_isReset                                 
0     0000b0e2  _DRV8301_readData                                
0     0000af63  _DRV8301_readSpi                                 
0     0000b0d3  _DRV8301_reset                                   
0     0000b0b4  _DRV8301_setDcCalMode                            
0     0000b0b2  _DRV8301_setGpioHandle                           
0     0000b0b0  _DRV8301_setGpioNumber                           
0     0000b09c  _DRV8301_setOcLevel                              
0     0000b088  _DRV8301_setOcMode                               
0     0000b074  _DRV8301_setOcOffTimeMode                        
0     0000b060  _DRV8301_setOcTwMode                             
0     0000b04c  _DRV8301_setPeakCurrent                          
0     0000b038  _DRV8301_setPwmMode                              
0     0000b024  _DRV8301_setShuntAmpGain                         
0     0000b022  _DRV8301_setSpiHandle                            
0     0000af9b  _DRV8301_setupSpi                                
0     0000af3a  _DRV8301_writeData                               
0     0000af23  _DRV8301_writeSpi                                
abs   003f9760  _EST_doCurrentCtrl                               
abs   003f9758  _EST_doSpeedCtrl                                 
abs   003f8c0d  _EST_getAngle_pu                                 
abs   003f96be  _EST_getFlux_VpHz                                
abs   003f96ab  _EST_getFlux_pu                                  
abs   003f968e  _EST_getFm_pu                                    
abs   003f9632  _EST_getIdRated                                  
abs   003f95ff  _EST_getLs_coarse_max_pu                         
abs   003f95f5  _EST_getLs_d_H                                   
abs   003f95f0  _EST_getLs_d_pu                                  
abs   003f95ce  _EST_getLs_q_H                                   
abs   003f95c9  _EST_getLs_q_pu                                  
abs   003f95bd  _EST_getMaxCurrentSlope_pu                       
abs   003f95b3  _EST_getOneOverDcBus_pu                          
abs   003f95ad  _EST_getRr_Ohm                                   
abs   003f9513  _EST_getRs_Ohm                                   
abs   003f94c6  _EST_getSpeed_krpm                               
abs   003f861b  _EST_getState                                    
abs   003f9458  _EST_get_krpm_to_pu_sf                           
abs   003f9453  _EST_get_pu_to_krpm_sf                           
abs   003f938d  _EST_isError                                     
abs   003f9386  _EST_isIdle                                      
abs   003f937f  _EST_isLockRotor                                 
abs   003f8679  _EST_isMotorIdentified                           
abs   003f9378  _EST_isOnLine                                    
abs   003f927b  _EST_run                                         
abs   003f8bdb  _EST_setFlag_enableForceAngle                    
abs   003f8bd3  _EST_setFlag_enableRsRecalc                      
abs   003f8b80  _EST_setId_ref_pu                                
abs   003f8b7a  _EST_setIdle                                     
abs   003f8b67  _EST_setIdle_all                                 
abs   003f8b63  _EST_setIq_ref_pu                                
abs   003f8b45  _EST_setLs_d_pu                                  
abs   003f8af1  _EST_setLs_qFmt                                  
abs   003f8ae7  _EST_setLs_q_pu                                  
abs   003f8adb  _EST_setMaxCurrentSlope_pu                       
abs   003f8a18  _EST_setRs_pu                                    
abs   003f89f5  _EST_updateId_ref_pu                             
abs   003f8713  _EST_updateState                                 
abs   003f861d  _EST_useZeroIq_ref                               
0     0000c2d1  _FILTER_FO_getDenCoeffs                          
0     0000c2ca  _FILTER_FO_getInitialConditions                  
0     0000c2c4  _FILTER_FO_getNumCoeffs                          
0     0000c2be  _FILTER_FO_init                                  
0     0000c2bc  _FILTER_FO_setDenCoeffs                          
0     0000c2b7  _FILTER_FO_setInitialConditions                  
0     0000c2b3  _FILTER_FO_setNumCoeffs                          
0     0000c30f  _FLASH_clear3VStatus                             
0     000001a3  _FLASH_disablePipelineMode                       
0     0000019d  _FLASH_enablePipelineMode                        
0     0000c30c  _FLASH_get3VStatus                               
0     0000c309  _FLASH_getActiveWaitCount                        
0     0000c305  _FLASH_getActiveWaitStatus                       
0     0000c302  _FLASH_getPowerMode                              
0     0000c2ff  _FLASH_getStandbyWaitCount                       
0     0000c2fb  _FLASH_getStandbyWaitStatus                      
0     0000c2f5  _FLASH_init                                      
0     00000198  _FLASH_setActiveWaitCount                        
0     00000191  _FLASH_setNumPagedReadWaitStates                 
0     0000018a  _FLASH_setNumRandomReadWaitStates                
0     00000183  _FLASH_setOtpWaitStates                          
0     0000017c  _FLASH_setPowerMode                              
0     00000177  _FLASH_setStandbyWaitCount                       
0     0000bded  _FStart_init                                     
0     0000bde6  _FStart_init_priv                                
0     0000bdd8  _FStart_run                                      
0     0000bd76  _FStart_setParams                                
0     0000c486  _Flag_Latch_softwareUpdate                       
0     0000b863  _GPIO_getData                                    
0     0000b858  _GPIO_getPortData                                
0     0000b852  _GPIO_init                                       
0     0000b848  _GPIO_lpmSelect                                  
0     0000b835  _GPIO_read                                       
0     0000b81b  _GPIO_setDirection                               
0     0000b810  _GPIO_setExtInt                                  
0     0000b800  _GPIO_setHigh                                    
0     0000b7f0  _GPIO_setLow                                     
0     0000b7bc  _GPIO_setMode                                    
0     0000b7ae  _GPIO_setPortData                                
0     0000b794  _GPIO_setPullup                                  
0     0000b757  _GPIO_setQualification                           
0     0000b702  _GPIO_setQualificationPeriod                     
0     0000b6f2  _GPIO_toggle                                     
0     00008633  _HAL_AdcCalChanSelect                            
0     0000868a  _HAL_AdcCalConversion                            
0     000087e2  _HAL_AdcOffsetSelfCal                            
0     000088a8  _HAL_OscTempComp                                 
0     000088fc  _HAL_cal                                         
0     00008b87  _HAL_disableGlobalInts                           
0     00008a57  _HAL_disableWdog                                 
0     00008b76  _HAL_enableAdcInts                               
0     00008b72  _HAL_enableDebugInt                              
0     00008b6d  _HAL_enableDrv                                   
0     00008b69  _HAL_enableGlobalInts                            
0     00008b58  _HAL_enablePwmInt                                
0     00008b45  _HAL_enableSciInts                               
0     00008b35  _HAL_enableTimer0Int                             
0     00008815  _HAL_getOscTrimValue                             
0     00008a5c  _HAL_init                                        
0     00008828  _HAL_osc1Comp                                    
0     00008868  _HAL_osc2Comp                                    
0     00008a52  _HAL_readDrvData                                 
0     00008a37  _HAL_setDacParameters                            
0     00008913  _HAL_setParams                                   
0     0000855e  _HAL_setupAdcs                                   
0     00008542  _HAL_setupClks                                   
0     0000853d  _HAL_setupDrvSpi                                 
0     0000851f  _HAL_setupFaults                                 
0     00008501  _HAL_setupFlash                                  
0     000084ec  _HAL_setupGate                                   
0     00008342  _HAL_setupGpios                                  
0     000082f2  _HAL_setupPeripheralClks                         
0     000082d6  _HAL_setupPie                                    
0     00008297  _HAL_setupPll                                    
0     0000820a  _HAL_setupPwmDacs                                
0     00008132  _HAL_setupPwms                                   
0     00008106  _HAL_setupSciA                                   
0     000080da  _HAL_setupSciB                                   
0     00008094  _HAL_setupSpiA                                   
0     0000805e  _HAL_setupSpiB                                   
0     00008005  _HAL_setupTimers                                 
0     00008000  _HAL_writeDrvData                                
0     0000c43e  _IPARK_init                                      
0     0000abe0  _IPD_HFI_TRAJ_init                               
0     0000a973  _IPD_HFI_disable                                 
0     0000ac29  _IPD_HFI_enable                                  
0     0000a85a  _IPD_HFI_getAngle_pu                             
0     0000aab0  _IPD_HFI_getKspd_pu                              
0     0000ac26  _IPD_HFI_getSpeed_lp_pu                          
0     0000aab3  _IPD_HFI_getSpeed_pu                             
0     0000a856  _IPD_HFI_getState                                
0     0000ac22  _IPD_HFI_getVdValue                              
0     0000ac1c  _IPD_HFI_init                                    
0     0000abe7  _IPD_HFI_init_int                                
0     0000a858  _IPD_HFI_isEnabled                               
0     0000abd9  _IPD_HFI_isOnLine                                
0     0000aab6  _IPD_HFI_run                                     
0     0000a85d  _IPD_HFI_setAngle_pu                             
0     0000a863  _IPD_HFI_setFlag_motorSpinning                   
0     0000a923  _IPD_HFI_setHpf_Idq_Params                       
0     0000a860  _IPD_HFI_setId_sum                               
0     0000a970  _IPD_HFI_setKspd_pu                              
0     0000a950  _IPD_HFI_setLpf_spd_Params                       
0     0000a975  _IPD_HFI_setParams                               
0     0000a920  _IPD_HFI_setSpeed_lp_pu                          
0     0000a91d  _IPD_HFI_setSpeed_pu                             
0     0000a8f4  _IPD_HFI_setTrajMags                             
0     0000a8fb  _IPD_HFI_setTrajParams                           
0     0000a8ed  _IPD_HFI_setTrajPeriods                          
0     0000a8e6  _IPD_HFI_setWaitTimes                            
0     0000a865  _IPD_HFI_updateState                             
0     003fe708  _IQ10mpyRndSatTable                              
0     003fe6fc  _IQ11mpyRndSatTable                              
0     003fe6f0  _IQ12mpyRndSatTable                              
0     003fe6e4  _IQ13mpyRndSatTable                              
0     003fe6d8  _IQ14mpyRndSatTable                              
0     003fe6cc  _IQ15mpyRndSatTable                              
0     003fe6c0  _IQ16mpyRndSatTable                              
0     003fe6b4  _IQ17mpyRndSatTable                              
0     003fe6a8  _IQ18mpyRndSatTable                              
0     003fe69c  _IQ19mpyRndSatTable                              
0     003fe774  _IQ1mpyRndSatTable                               
0     003fe690  _IQ20mpyRndSatTable                              
0     003fe684  _IQ21mpyRndSatTable                              
0     003fe678  _IQ22mpyRndSatTable                              
0     003fe66c  _IQ23mpyRndSatTable                              
0     003fe660  _IQ24mpyRndSatTable                              
0     003fe654  _IQ25mpyRndSatTable                              
0     003fe648  _IQ26mpyRndSatTable                              
0     003fe63c  _IQ27mpyRndSatTable                              
0     003fe630  _IQ28mpyRndSatTable                              
0     003fe624  _IQ29mpyRndSatTable                              
0     003fe768  _IQ2mpyRndSatTable                               
0     003fe618  _IQ30mpyRndSatTable                              
0     003fe75c  _IQ3mpyRndSatTable                               
0     003fe750  _IQ4mpyRndSatTable                               
0     003fe744  _IQ5mpyRndSatTable                               
0     003fe738  _IQ6mpyRndSatTable                               
0     003fe72c  _IQ7mpyRndSatTable                               
0     003fe720  _IQ8mpyRndSatTable                               
0     003fe714  _IQ9mpyRndSatTable                               
0     003fe454  _IQatan2HalfPITable                              
0     003fe492  _IQatan2Table                                    
0     003fe618  _IQatan2TableEnd                                 
0     003fdd30  _IQcosTable                                      
0     003fe132  _IQcosTableEnd                                   
0     003fe132  _IQdivRoundSatTable                              
0     003fe140  _IQdivTable                                      
0     003fe342  _IQdivTableEnd                                   
0     000001ae  _IQexpTable                                      
0     00000226  _IQexpTableCoeff                                 
0     0000023a  _IQexpTableCoeffEnd                              
0     000001ae  _IQexpTableMinMax                                
0     00000226  _IQexpTableMinMaxEnd                             
0     003fe342  _IQisqrtRoundSatTable                            
0     003fe352  _IQisqrtTable                                    
0     003fe454  _IQisqrtTableEnd                                 
0     003fe618  _IQmpyRndSatTable                                
0     003fe780  _IQmpyRndSatTableEnd                             
0     003fdc30  _IQsinTable                                      
0     003fe030  _IQsinTableEnd                                   
0     003fe342  _IQsqrtRoundSatTable                             
0     003fe352  _IQsqrtTable                                     
0     003fe454  _IQsqrtTableEnd                                  
0     0000c49c  _Iq_Amp                                          
0     0000c0e7  _OFFSET_getBeta                                  
0     0000c0d6  _OFFSET_init                                     
0     0000c0c0  _OFFSET_setBeta                                  
0     0000c0b1  _OFFSET_setInitCond                              
0     0000c0af  _OFFSET_setOffset                                
0     0000c216  _OSC_init                                        
0     0000c209  _OSC_setCoarseTrim                               
0     0000c1f8  _OSC_setFineTrim                                 
0     0000c1ef  _OSC_setTrim                                     
0     0000c444  _PARK_init                                       
0     0000c409  _PID_init                                        
0     0000bacb  _PIE_clearAllFlags                               
0     0000bac8  _PIE_clearAllInts                                
0     0000bac5  _PIE_disable                                     
0     0000babe  _PIE_disableAllInts                              
0     0000baba  _PIE_disableCaptureInt                           
0     0000bab1  _PIE_disableExtInt                               
0     0000baa7  _PIE_disableInt                                  
0     0000baa4  _PIE_enable                                      
0     0000ba88  _PIE_enableAdcInt                                
0     0000ba84  _PIE_enableCaptureInt                            
0     0000ba67  _PIE_enableExtInt                                
0     0000ba5e  _PIE_enableInt                                   
0     0000ba59  _PIE_enablePwmInt                                
0     0000ba54  _PIE_enablePwmTzInt                              
0     0000ba51  _PIE_enableTimer0Int                             
0     0000ba48  _PIE_forceInt                                    
0     0000ba40  _PIE_getExtIntCount                              
0     0000ba39  _PIE_getIntEnables                               
0     0000ba32  _PIE_getIntFlags                                 
0     0000c450  _PIE_illegalIsr                                  
0     0000ba2b  _PIE_init                                        
0     0000ba19  _PIE_registerPieIntHandler                       
0     0000ba0e  _PIE_registerSystemIntHandler                    
0     0000ba03  _PIE_setDefaultIntVectorTable                    
0     0000b9f2  _PIE_setExtIntPolarity                           
0     0000b9de  _PIE_unregisterPieIntHandler                     
0     0000b9d1  _PIE_unregisterSystemIntHandler                  
0     0000bffb  _PLL_disable                                     
0     0000bff5  _PLL_disableClkDetect                            
0     0000bfef  _PLL_disableNormRdy                              
0     0000bfe9  _PLL_disableOsc                                  
0     0000bfe3  _PLL_enable                                      
0     0000bfdd  _PLL_enableClkDetect                             
0     0000bfd7  _PLL_enableNormRdy                               
0     0000bfd1  _PLL_enableOsc                                   
0     0000bfcd  _PLL_getClkFreq                                  
0     0000bfca  _PLL_getClkStatus                                
0     0000bfc7  _PLL_getDivideSelect                             
0     0000bfc4  _PLL_getLockStatus                               
0     0000bfbe  _PLL_init                                        
0     0000bfb8  _PLL_resetClkDetect                              
0     0000bfb2  _PLL_setClkFreq                                  
0     0000bfab  _PLL_setDivideSelect                             
0     0000bfa6  _PLL_setLockPeriod                               
0     0000af1d  _PWM_clearTripZone                               
0     0000af1a  _PWM_decrementDeadBandFallingEdgeDelay           
0     0000af17  _PWM_decrementDeadBandRisingEdgeDelay            
0     0000af10  _PWM_disableAutoConvert                          
0     0000af0c  _PWM_disableChopping                             
0     0000af09  _PWM_disableCounterLoad                          
0     0000af06  _PWM_disableDeadBand                             
0     0000af02  _PWM_disableDeadBandHalfCycle                    
0     0000aefb  _PWM_disableDigitalCompareBlankingWindow         
0     0000aef4  _PWM_disableDigitalCompareBlankingWindowInversion
0     0000aeed  _PWM_disableHrPeriod                             
0     0000aee6  _PWM_disableHrPhaseSync                          
0     0000aee2  _PWM_disableInt                                  
0     0000aede  _PWM_disableSocAPulse                            
0     0000aeda  _PWM_disableSocBPulse                            
0     0000aed3  _PWM_disableTripZoneInt                          
0     0000aecc  _PWM_disableTripZoneSrc                          
0     0000aec6  _PWM_disableTripZones                            
0     0000aebf  _PWM_enableAutoConvert                           
0     0000aebb  _PWM_enableChopping                              
0     0000aeb8  _PWM_enableCounterLoad                           
0     0000aeb4  _PWM_enableDeadBandHalfCycle                     
0     0000aead  _PWM_enableDigitalCompareBlankingWindow          
0     0000aea6  _PWM_enableDigitalCompareBlankingWindowInversion 
0     0000ae9f  _PWM_enableHrPeriod                              
0     0000ae98  _PWM_enableHrPhaseSync                           
0     0000ae94  _PWM_enableInt                                   
0     0000ae90  _PWM_enableSocAPulse                             
0     0000ae8c  _PWM_enableSocBPulse                             
0     0000ae86  _PWM_enableTripZoneInt                           
0     0000ae80  _PWM_enableTripZoneSrc                           
0     0000ae7d  _PWM_getDeadBandFallingEdgeDelay                 
0     0000ae7a  _PWM_getDeadBandRisingEdgeDelay                  
0     0000ae76  _PWM_getIntCount                                 
0     0000ae72  _PWM_getShadowStatus_CmpA                        
0     0000ae6e  _PWM_getShadowStatus_CmpB                        
0     0000ae69  _PWM_getSocACount                                
0     0000ae64  _PWM_getSocBCount                                
0     0000ae61  _PWM_incrementDeadBandFallingEdgeDelay           
0     0000ae5e  _PWM_incrementDeadBandRisingEdgeDelay            
0     0000ae58  _PWM_init                                        
0     0000ae51  _PWM_setActionQualContSWForce_PwmA               
0     0000ae48  _PWM_setActionQualContSWForce_PwmB               
0     0000ae3f  _PWM_setActionQual_CntDown_CmpA_PwmA             
0     0000ae36  _PWM_setActionQual_CntDown_CmpA_PwmB             
0     0000ae2d  _PWM_setActionQual_CntDown_CmpB_PwmA             
0     0000ae24  _PWM_setActionQual_CntDown_CmpB_PwmB             
0     0000ae1b  _PWM_setActionQual_CntUp_CmpA_PwmA               
0     0000ae12  _PWM_setActionQual_CntUp_CmpA_PwmB               
0     0000ae09  _PWM_setActionQual_CntUp_CmpB_PwmA               
0     0000ae00  _PWM_setActionQual_CntUp_CmpB_PwmB               
0     0000adf7  _PWM_setActionQual_Period_PwmA                   
0     0000adee  _PWM_setActionQual_Period_PwmB                   
0     0000ade7  _PWM_setActionQual_Zero_PwmA                     
0     0000ade0  _PWM_setActionQual_Zero_PwmB                     
0     0000add9  _PWM_setChoppingClkFreq                          
0     0000add2  _PWM_setChoppingDutyCycle                        
0     0000adcb  _PWM_setChoppingPulseWidth                       
0     0000adc7  _PWM_setClkDiv                                   
0     0000adc5  _PWM_setCount                                    
0     0000adc1  _PWM_setCounterMode                              
0     0000adbe  _PWM_setDeadBandFallingEdgeDelay                 
0     0000adb7  _PWM_setDeadBandInputMode                        
0     0000adb0  _PWM_setDeadBandOutputMode                       
0     0000ada9  _PWM_setDeadBandPolarity                         
0     0000ada6  _PWM_setDeadBandRisingEdgeDelay                  
0     0000ad8c  _PWM_setDigitalCompareAEvent1                    
0     0000ad7c  _PWM_setDigitalCompareAEvent2                    
0     0000ad62  _PWM_setDigitalCompareBEvent1                    
0     0000ad52  _PWM_setDigitalCompareBEvent2                    
0     0000ad46  _PWM_setDigitalCompareBlankingPulse              
0     0000ad43  _PWM_setDigitalCompareFilterOffset               
0     0000ad39  _PWM_setDigitalCompareFilterSource               
0     0000ad36  _PWM_setDigitalCompareFilterWindow               
0     0000ad27  _PWM_setDigitalCompareInput                      
0     0000ad23  _PWM_setHighSpeedClkDiv                          
0     0000ad19  _PWM_setHrControlMode                            
0     0000ad0f  _PWM_setHrEdgeMode                               
0     0000ad05  _PWM_setHrShadowMode                             
0     0000acfe  _PWM_setIntMode                                  
0     0000acf7  _PWM_setIntPeriod                                
0     0000acf3  _PWM_setLoadMode_CmpA                            
0     0000aced  _PWM_setLoadMode_CmpB                            
0     0000aceb  _PWM_setPeriod                                   
0     0000ace6  _PWM_setPeriodHr                                 
0     0000ace2  _PWM_setPeriodLoad                               
0     0000ace0  _PWM_setPhase                                    
0     0000acdc  _PWM_setPhaseDir                                 
0     0000acd8  _PWM_setRunMode                                  
0     0000acd2  _PWM_setShadowMode_CmpA                          
0     0000accc  _PWM_setShadowMode_CmpB                          
0     0000acc3  _PWM_setSocAPeriod                               
0     0000acb9  _PWM_setSocAPulseSrc                             
0     0000acb0  _PWM_setSocBPeriod                               
0     0000aca7  _PWM_setSocBPulseSrc                             
0     0000aca4  _PWM_setSwSync                                   
0     0000aca0  _PWM_setSyncMode                                 
0     0000ac96  _PWM_setTripZoneDCEventSelect_DCAEVT1            
0     0000ac8a  _PWM_setTripZoneDCEventSelect_DCAEVT2            
0     0000ac7e  _PWM_setTripZoneDCEventSelect_DCBEVT1            
0     0000ac72  _PWM_setTripZoneDCEventSelect_DCBEVT2            
0     0000ac66  _PWM_setTripZoneState_DCAEVT1                    
0     0000ac5a  _PWM_setTripZoneState_DCAEVT2                    
0     0000ac4e  _PWM_setTripZoneState_DCBEVT1                    
0     0000ac42  _PWM_setTripZoneState_DCBEVT2                    
0     0000ac38  _PWM_setTripZoneState_TZA                        
0     0000ac2c  _PWM_setTripZoneState_TZB                        
0     0000c17c  _PWR_disableBrownOutReset                        
0     0000c172  _PWR_disableWatchDogInt                          
0     0000c16f  _PWR_enableBrownOutReset                         
0     0000c165  _PWR_enableWatchDogInt                           
0     0000c15e  _PWR_init                                        
0     0000c14d  _PWR_setLowPowerMode                             
0     0000c13c  _PWR_setNumStandByClocks                         
0     000001ad  _RamfuncsLoadEnd                                 
abs   00000036  _RamfuncsLoadSize                                
0     00000177  _RamfuncsLoadStart                               
0     00000177  _RamfuncsRunStart                                
0     0000bbc3  _SCI_clearAutoBaudDetect                         
0     0000bbbf  _SCI_clearRxFifoInt                              
0     0000bbbb  _SCI_clearRxFifoOvf                              
0     0000bbb7  _SCI_clearTxFifoInt                              
0     0000bbb4  _SCI_disable                                     
0     0000bbb0  _SCI_disableAutoBaudAlign                        
0     0000bbad  _SCI_disableLoopBack                             
0     0000bbaa  _SCI_disableParity                               
0     0000bba7  _SCI_disableRx                                   
0     0000bba4  _SCI_disableRxErrorInt                           
0     0000bba0  _SCI_disableRxFifoInt                            
0     0000bb9d  _SCI_disableRxInt                                
0     0000bb9a  _SCI_disableSleep                                
0     0000bb97  _SCI_disableTx                                   
0     0000bb93  _SCI_disableTxFifoEnh                            
0     0000bb8f  _SCI_disableTxFifoInt                            
0     0000bb8c  _SCI_disableTxInt                                
0     0000bb89  _SCI_disableTxWake                               
0     0000bb86  _SCI_enable                                      
0     0000bb82  _SCI_enableAutoBaudAlign                         
0     0000bb7e  _SCI_enableChannels                              
0     0000bb7b  _SCI_enableLoopBack                              
0     0000bb78  _SCI_enableParity                                
0     0000bb75  _SCI_enableRx                                    
0     0000bb72  _SCI_enableRxErrorInt                            
0     0000bb6e  _SCI_enableRxFifo                                
0     0000bb6a  _SCI_enableRxFifoInt                             
0     0000bb67  _SCI_enableRxInt                                 
0     0000bb64  _SCI_enableSleep                                 
0     0000bb61  _SCI_enableTx                                    
0     0000bb5d  _SCI_enableTxFifo                                
0     0000bb59  _SCI_enableTxFifoEnh                             
0     0000bb55  _SCI_enableTxFifoInt                             
0     0000bb52  _SCI_enableTxInt                                 
0     0000bb4f  _SCI_enableTxWake                                
0     0000bb49  _SCI_getDataBlocking                             
0     0000bb40  _SCI_getDataNonBlocking                          
0     0000bb3c  _SCI_getRxFifoStatus                             
0     0000bb38  _SCI_getTxFifoStatus                             
0     0000bb32  _SCI_init                                        
0     0000bb2b  _SCI_putDataBlocking                             
0     0000bb21  _SCI_putDataNonBlocking                          
0     0000bb1e  _SCI_reset                                       
0     0000bb14  _SCI_resetChannels                               
0     0000bb0a  _SCI_resetRxFifo                                 
0     0000bb00  _SCI_resetTxFifo                                 
0     0000bafa  _SCI_setBaudRate                                 
0     0000baf6  _SCI_setCharLength                               
0     0000baf2  _SCI_setMode                                     
0     0000baee  _SCI_setNumStopBits                              
0     0000baea  _SCI_setParity                                   
0     0000bae7  _SCI_setPriority                                 
0     0000bae0  _SCI_setRxFifoIntLevel                           
0     0000bad9  _SCI_setTxDelay                                  
0     0000bad2  _SCI_setTxFifoIntLevel                           
0     0000bc6c  _SPI_clearRxFifoInt                              
0     0000bc68  _SPI_clearRxFifoOvf                              
0     0000bc64  _SPI_clearTxFifoInt                              
0     0000bc61  _SPI_disableInt                                  
0     0000bc5e  _SPI_disableLoopBack                             
0     0000bc5b  _SPI_disableOverRunInt                           
0     0000bc57  _SPI_disableRxFifoInt                            
0     0000bc54  _SPI_disableTx                                   
0     0000bc50  _SPI_disableTxFifoEnh                            
0     0000bc4c  _SPI_disableTxFifoInt                            
0     0000bc49  _SPI_enable                                      
0     0000bc45  _SPI_enableChannels                              
0     0000bc42  _SPI_enableInt                                   
0     0000bc3f  _SPI_enableLoopBack                              
0     0000bc3c  _SPI_enableOverRunInt                            
0     0000bc38  _SPI_enableRxFifo                                
0     0000bc34  _SPI_enableRxFifoInt                             
0     0000bc31  _SPI_enableTx                                    
0     0000bc2d  _SPI_enableTxFifo                                
0     0000bc29  _SPI_enableTxFifoEnh                             
0     0000bc25  _SPI_enableTxFifoInt                             
0     0000bc22  _SPI_getIntFlagStatus                            
0     0000bc1e  _SPI_getRxFifoStatus                             
0     0000bc1b  _SPI_getTxBufferStatus                           
0     0000bc17  _SPI_getTxFifoStatus                             
0     0000bc11  _SPI_init                                        
0     0000bc0e  _SPI_reset                                       
0     0000bc0a  _SPI_resetChannels                               
0     0000bc06  _SPI_resetRxFifo                                 
0     0000bc02  _SPI_resetTxFifo                                 
0     0000bc00  _SPI_setBaudRate                                 
0     0000bbfc  _SPI_setCharLength                               
0     0000bbfa  _SPI_setClkPhase                                 
0     0000bbf6  _SPI_setClkPolarity                              
0     0000bbf4  _SPI_setMode                                     
0     0000bbed  _SPI_setPriority                                 
0     0000bbe6  _SPI_setRxFifoIntLevel                           
0     0000bbdf  _SPI_setSteInv                                   
0     0000bbd8  _SPI_setSuspend                                  
0     0000bbd1  _SPI_setTriWire                                  
0     0000bbce  _SPI_setTxDelay                                  
0     0000bbc7  _SPI_setTxFifoIntLevel                           
0     0000c432  _SVGEN_init                                      
0     0000c431  _SVGEN_setup                                     
0     0000c49e  _Speed_kRPM                                      
0     0000c1ec  _TIMER_clearFlag                                 
0     0000c1e9  _TIMER_disableInt                                
0     0000c1e6  _TIMER_enableInt                                 
0     0000c1e3  _TIMER_getStatus                                 
0     0000c1dd  _TIMER_init                                      
0     0000c1cf  _TIMER_setDecimationFactor                       
0     0000c1cb  _TIMER_setEmulationMode                          
0     0000c1bd  _TIMER_setPreScaler                              
0     0000c44a  _TRAJ_init                                       
0     0000a377  _USER_calcPIgains                                
0     0000a373  _USER_checkForErrors                             
0     0000a365  _USER_computeFlux                                
0     0000a329  _USER_computeFlux_pu_to_VpHz_sf                  
0     0000a2ed  _USER_computeFlux_pu_to_Wb_sf                    
0     0000a2b1  _USER_computeTorque_Flux_Iq_pu_to_Nm_sf          
0     0000a277  _USER_computeTorque_Ls_Id_Iq_pu_to_Nm_sf         
0     0000a22a  _USER_computeTorque_Nm                           
0     0000a1d2  _USER_computeTorque_lbin                         
0     0000a1cf  _USER_getErrorCode                               
0     0000a1cc  _USER_setErrorCode                               
0     0000a08e  _USER_setParams                                  
0     0000a00b  _USER_softwareUpdate1p6                          
0     0000c49a  _VDCPORTECT                                      
0     0000c498  _VDCSET                                          
0     0000c134  _WDOG_clearCounter                               
0     0000c12c  _WDOG_disable                                    
0     0000c126  _WDOG_disableInt                                 
0     0000c120  _WDOG_disableOverRide                            
0     0000c117  _WDOG_enable                                     
0     0000c111  _WDOG_enableInt                                  
0     0000c10b  _WDOG_enableOverRide                             
0     0000c108  _WDOG_getIntStatus                               
0     0000c102  _WDOG_init                                       
0     0000c100  _WDOG_setCount                                   
0     0000c0f6  _WDOG_setPreScaler                               
0     0000c917  __IQ24cosPU                                      
0     0000c828  __IQ24div                                        
0     0000c8b1  __IQ24exp                                        
0     0000c8ee  __IQ24sinPU                                      
0     0000c86f  __IQ24sqrt                                       
0     0000c93e  __IQ24toF                                        
0     0000c952  __IQ30toF                                        
1     00000600  __STACK_END                                      
abs   00000200  __STACK_SIZE                                     
0     0000c460  ___TI_cleanup_ptr                                
0     0000c462  ___TI_dtors_ptr                                  
0     0000c45e  ___TI_enable_exit_profile_output                 
abs   ffffffff  ___TI_pprof_out_hndl                             
abs   ffffffff  ___TI_prof_data_size                             
abs   ffffffff  ___TI_prof_data_start                            
abs   ffffffff  ___binit__                                       
abs   ffffffff  ___c_args__                                      
0     00000050  ___cinit__                                       
0     0000c45d  ___etext__                                       
abs   ffffffff  ___pinit__                                       
0     00008000  ___text__                                        
0     0000c3e8  __args_main                                      
0     0000c464  __lock                                           
0     0000c428  __nop                                            
0     0000c424  __register_lock                                  
0     0000c420  __register_unlock                                
1     00000400  __stack                                          
0     0000c45c  __system_post_cinit                              
0     0000c45a  __system_pre_init                                
0     0000c466  __unlock                                         
0     0000c21c  _abort                                           
0     0000c4ba  _afselHandle                                     
0     0000c800  _afsel_18_20141126                               
0     0000c05b  _c_int00                                         
0     0000bee0  _ceil                                            
0     0000bee0  _ceilf                                           
0     0000c4aa  _clarkeHandle_I                                  
0     0000c4ac  _clarkeHandle_V                                  
0     0000c4e8  _clarke_I                                        
0     0000c4ee  _clarke_V                                        
0     0000c4c4  _controller_obj                                  
0     0000c28f  _copy_in                                         
0     0000c416  _copysign                                        
0     0000c416  _copysignf                                       
0     0000c46c  _cpu                                             
0     0000c4a8  _ctrlHandle                                      
0     0000c484  _dataRx                                          
0     0000c483  _dataTx_current                                  
0     0000c481  _dataTx_speed                                    
0     0000c482  _dataTx_torque                                   
0     0000c46d  _errno                                           
0     0000c4ae  _estHandle                                       
0     0000c21e  _exit                                            
0     0000c48e  _fPotentiometer                                  
0     0000c488  _flag_update_ipd                                 
0     0000c4bc  _fstartHandle                                    
0     0000c46a  _fstart_18_20141126                              
0     0000c4dc  _gAdcBiasI                                       
0     0000c4e2  _gAdcBiasV                                       
0     0000c50a  _gAdcData                                        
0     0000c485  _gCounter_updateGlobals                          
0     0000c540  _gDrvSpi8301Vars                                 
0     0000c4c8  _gFlux_pu_to_VpHz_sf                             
0     0000c4c6  _gFlux_pu_to_Wb_sf                               
0     0000c487  _gLEDcnt                                         
0     0000c4c2  _gMaxCurrentSlope                                
0     0000c580  _gMotorVars                                      
0     0000c490  _gPotentiometer                                  
0     0000c4f4  _gPwmData                                        
0     0000c4d2  _gSpeed_krpm_to_pu_sf                            
0     0000c4d0  _gThrottle_Result                                
0     0000c4cc  _gTorque_Flux_Iq_pu_to_Nm_sf                     
0     0000c4ca  _gTorque_Ls_Id_Iq_pu_to_Nm_sf                    
0     0000c4ce  _gUi                                             
0     0000c600  _gUserParams                                     
0     0000c6c0  _hal                                             
0     0000c4c0  _halHandle                                       
0     0000c4d4  _ipark                                           
0     0000c4b0  _iparkHandle                                     
0     0000c4b8  _ipdHandle                                       
0     0000c780  _ipd_18_20141126                                 
0     0000c4a2  _khz_to_krpm_sf                                  
0     0000bf49  _ldexp                                           
0     0000bf49  _ldexpf                                          
0     0000b56b  _log                                             
0     0000b56b  _logf                                            
0     00009b7c  _main                                            
0     00009541  _mainISR                                         
0     0000c351  _memcpy                                          
0     0000c17f  _modf                                            
0     0000c17f  _modff                                           
0     0000c4d8  _park                                            
0     0000c4b2  _parkHandle                                      
0     0000c4a6  _pidHandle_Refmodel                              
0     0000c4a4  _pidHandle_Tob                                   
0     0000c528  _pid_Refmodel                                    
0     0000c518  _pid_Tob                                         
0     0000a438  _pow                                             
0     0000a438  _powf                                            
0     0000c494  _pre_torque_head                                 
0     0000c4a0  _pu_to_khz_sf                                    
0     0000c496  _refspeed                                        
0     0000bf49  _scalbn                                          
0     0000bf49  _scalbnf                                         
0     0000951f  _sciBRxISR                                       
0     00009b64  _setupClarke_I                                   
0     00009b52  _setupClarke_V                                   
0     0000be6b  _sqrt                                            
0     0000be6b  _sqrtf                                           
0     0000c480  _success                                         
0     0000c4b6  _svgen                                           
0     0000c4b4  _svgenHandle                                     
0     0000c492  _torque_head                                     
0     0000c4be  _trajHandle_Iq                                   
[...]
0     0000bfab  _PLL_setDivideSelect                             
0     0000bfb2  _PLL_setClkFreq                                  
0     0000bfb8  _PLL_resetClkDetect                              
0     0000bfbe  _PLL_init                                        
0     0000bfc4  _PLL_getLockStatus                               
0     0000bfc7  _PLL_getDivideSelect                             
0     0000bfca  _PLL_getClkStatus                                
0     0000bfcd  _PLL_getClkFreq                                  
0     0000bfd1  _PLL_enableOsc                                   
0     0000bfd7  _PLL_enableNormRdy                               
0     0000bfdd  _PLL_enableClkDetect                             
0     0000bfe3  _PLL_enable                                      
0     0000bfe9  _PLL_disableOsc                                  
0     0000bfef  _PLL_disableNormRdy                              
0     0000bff5  _PLL_disableClkDetect                            
0     0000bffb  _PLL_disable                                     
0     0000c001  FS$$MPY                                          
0     0000c05b  _c_int00                                         
0     0000c0af  _OFFSET_setOffset                                
0     0000c0b1  _OFFSET_setInitCond                              
0     0000c0c0  _OFFSET_setBeta                                  
0     0000c0d6  _OFFSET_init                                     
0     0000c0e7  _OFFSET_getBeta                                  
0     0000c0f6  _WDOG_setPreScaler                               
0     0000c100  _WDOG_setCount                                   
0     0000c102  _WDOG_init                                       
0     0000c108  _WDOG_getIntStatus                               
0     0000c10b  _WDOG_enableOverRide                             
0     0000c111  _WDOG_enableInt                                  
0     0000c117  _WDOG_enable                                     
0     0000c120  _WDOG_disableOverRide                            
0     0000c126  _WDOG_disableInt                                 
0     0000c12c  _WDOG_disable                                    
0     0000c134  _WDOG_clearCounter                               
0     0000c13c  _PWR_setNumStandByClocks                         
0     0000c14d  _PWR_setLowPowerMode                             
0     0000c15e  _PWR_init                                        
0     0000c165  _PWR_enableWatchDogInt                           
0     0000c16f  _PWR_enableBrownOutReset                         
0     0000c172  _PWR_disableWatchDogInt                          
0     0000c17c  _PWR_disableBrownOutReset                        
0     0000c17f  _modf                                            
0     0000c17f  _modff                                           
0     0000c1bd  _TIMER_setPreScaler                              
0     0000c1cb  _TIMER_setEmulationMode                          
0     0000c1cf  _TIMER_setDecimationFactor                       
0     0000c1dd  _TIMER_init                                      
0     0000c1e3  _TIMER_getStatus                                 
0     0000c1e6  _TIMER_enableInt                                 
0     0000c1e9  _TIMER_disableInt                                
0     0000c1ec  _TIMER_clearFlag                                 
0     0000c1ef  _OSC_setTrim                                     
0     0000c1f8  _OSC_setFineTrim                                 
0     0000c209  _OSC_setCoarseTrim                               
0     0000c216  _OSC_init                                        
0     0000c21c  C$$EXIT                                          
0     0000c21c  _abort                                           
0     0000c21e  _exit                                            
0     0000c245  _CPU_init                                        
0     0000c249  _CPU_enableProtectedRegisterWrite                
0     0000c24c  _CPU_enableInt                                   
0     0000c250  _CPU_enableGlobalInts                            
0     0000c253  _CPU_enableDebugInt                              
0     0000c256  _CPU_disableProtectedRegisterWrite               
0     0000c259  _CPU_disableInts                                 
0     0000c25c  _CPU_disableInt                                  
0     0000c261  _CPU_disableGlobalInts                           
0     0000c264  _CPU_disableDebugInt                             
0     0000c267  _CPU_clearIntFlags                               
0     0000c26a  FS$$TOI                                          
0     0000c28f  _copy_in                                         
0     0000c2b3  _FILTER_FO_setNumCoeffs                          
0     0000c2b7  _FILTER_FO_setInitialConditions                  
0     0000c2bc  _FILTER_FO_setDenCoeffs                          
0     0000c2be  _FILTER_FO_init                                  
0     0000c2c4  _FILTER_FO_getNumCoeffs                          
0     0000c2ca  _FILTER_FO_getInitialConditions                  
0     0000c2d1  _FILTER_FO_getDenCoeffs                          
0     0000c2d4  FS$$TOUL                                         
0     0000c2f5  _FLASH_init                                      
0     0000c2fb  _FLASH_getStandbyWaitStatus                      
0     0000c2ff  _FLASH_getStandbyWaitCount                       
0     0000c302  _FLASH_getPowerMode                              
0     0000c305  _FLASH_getActiveWaitStatus                       
0     0000c309  _FLASH_getActiveWaitCount                        
0     0000c30c  _FLASH_get3VStatus                               
0     0000c30f  _FLASH_clear3VStatus                             
0     0000c315  FD$$TOL                                          
0     0000c334  FS$$TOU                                          
0     0000c351  _memcpy                                          
0     0000c36e  FS$$TOFD                                         
0     0000c38a  I$$TOFS                                          
0     0000c3a4  L$$TOFS                                          
0     0000c3be  FS$$CMP                                          
0     0000c3d5  UL$$TOFS                                         
0     0000c3e8  __args_main                                      
0     0000c3f9  U$$TOFS                                          
0     0000c409  _PID_init                                        
0     0000c416  _copysign                                        
0     0000c416  _copysignf                                       
0     0000c420  __register_unlock                                
0     0000c424  __register_lock                                  
0     0000c428  __nop                                            
0     0000c431  _SVGEN_setup                                     
0     0000c432  _SVGEN_init                                      
0     0000c438  _CLARKE_init                                     
0     0000c43e  _IPARK_init                                      
0     0000c444  _PARK_init                                       
0     0000c44a  _TRAJ_init                                       
0     0000c450  _PIE_illegalIsr                                  
0     0000c455  FS$$NEG                                          
0     0000c45a  __system_pre_init                                
0     0000c45c  __system_post_cinit                              
0     0000c45d  ___etext__                                       
0     0000c45d  etext                                            
0     0000c45e  ___TI_enable_exit_profile_output                 
0     0000c460  ___TI_cleanup_ptr                                
0     0000c462  ___TI_dtors_ptr                                  
0     0000c464  __lock                                           
0     0000c466  __unlock                                         
0     0000c46a  _fstart_18_20141126                              
0     0000c46c  _cpu                                             
0     0000c46d  _errno                                           
0     0000c480  _success                                         
0     0000c481  _dataTx_speed                                    
0     0000c482  _dataTx_torque                                   
0     0000c483  _dataTx_current                                  
0     0000c484  _dataRx                                          
0     0000c485  _gCounter_updateGlobals                          
0     0000c486  _Flag_Latch_softwareUpdate                       
0     0000c487  _gLEDcnt                                         
0     0000c488  _flag_update_ipd                                 
0     0000c48a  _xPotentiometer                                  
0     0000c48c  _yPotentiometer                                  
0     0000c48e  _fPotentiometer                                  
0     0000c490  _gPotentiometer                                  
0     0000c492  _torque_head                                     
0     0000c494  _pre_torque_head                                 
0     0000c496  _refspeed                                        
0     0000c498  _VDCSET                                          
0     0000c49a  _VDCPORTECT                                      
0     0000c49c  _Iq_Amp                                          
0     0000c49e  _Speed_kRPM                                      
0     0000c4a0  _pu_to_khz_sf                                    
0     0000c4a2  _khz_to_krpm_sf                                  
0     0000c4a4  _pidHandle_Tob                                   
0     0000c4a6  _pidHandle_Refmodel                              
0     0000c4a8  _ctrlHandle                                      
0     0000c4aa  _clarkeHandle_I                                  
0     0000c4ac  _clarkeHandle_V                                  
0     0000c4ae  _estHandle                                       
0     0000c4b0  _iparkHandle                                     
0     0000c4b2  _parkHandle                                      
0     0000c4b4  _svgenHandle                                     
0     0000c4b6  _svgen                                           
0     0000c4b8  _ipdHandle                                       
0     0000c4ba  _afselHandle                                     
0     0000c4bc  _fstartHandle                                    
0     0000c4be  _trajHandle_Iq                                   
0     0000c4c0  _halHandle                                       
0     0000c4c2  _gMaxCurrentSlope                                
0     0000c4c4  _controller_obj                                  
0     0000c4c6  _gFlux_pu_to_Wb_sf                               
0     0000c4c8  _gFlux_pu_to_VpHz_sf                             
0     0000c4ca  _gTorque_Ls_Id_Iq_pu_to_Nm_sf                    
0     0000c4cc  _gTorque_Flux_Iq_pu_to_Nm_sf                     
0     0000c4ce  _gUi                                             
0     0000c4d0  _gThrottle_Result                                
0     0000c4d2  _gSpeed_krpm_to_pu_sf                            
0     0000c4d4  _ipark                                           
0     0000c4d8  _park                                            
0     0000c4dc  _gAdcBiasI                                       
0     0000c4e2  _gAdcBiasV                                       
0     0000c4e8  _clarke_I                                        
0     0000c4ee  _clarke_V                                        
0     0000c4f4  _gPwmData                                        
0     0000c500  _traj_Iq                                         
0     0000c50a  _gAdcData                                        
0     0000c518  _pid_Tob                                         
0     0000c528  _pid_Refmodel                                    
0     0000c540  _gDrvSpi8301Vars                                 
0     0000c580  _gMotorVars                                      
0     0000c600  _gUserParams                                     
0     0000c6c0  _hal                                             
0     0000c780  _ipd_18_20141126                                 
0     0000c800  _afsel_18_20141126                               
0     0000c828  __IQ24div                                        
0     0000c86f  __IQ24sqrt                                       
0     0000c8b1  __IQ24exp                                        
0     0000c8ee  __IQ24sinPU                                      
0     0000c917  __IQ24cosPU                                      
0     0000c93e  __IQ24toF                                        
0     0000c952  __IQ30toF                                        
0     003fdc30  _IQsinTable                                      
0     003fdd30  _IQcosTable                                      
0     003fe030  _IQsinTableEnd                                   
0     003fe132  _IQcosTableEnd                                   
0     003fe132  _IQdivRoundSatTable                              
0     003fe140  _IQdivTable                                      
0     003fe342  _IQdivTableEnd                                   
0     003fe342  _IQisqrtRoundSatTable                            
0     003fe342  _IQsqrtRoundSatTable                             
0     003fe352  _IQisqrtTable                                    
0     003fe352  _IQsqrtTable                                     
0     003fe454  _IQatan2HalfPITable                              
0     003fe454  _IQisqrtTableEnd                                 
0     003fe454  _IQsqrtTableEnd                                  
0     003fe492  _IQatan2Table                                    
0     003fe618  _IQ30mpyRndSatTable                              
0     003fe618  _IQatan2TableEnd                                 
0     003fe618  _IQmpyRndSatTable                                
0     003fe624  _IQ29mpyRndSatTable                              
0     003fe630  _IQ28mpyRndSatTable                              
0     003fe63c  _IQ27mpyRndSatTable                              
0     003fe648  _IQ26mpyRndSatTable                              
0     003fe654  _IQ25mpyRndSatTable                              
0     003fe660  _IQ24mpyRndSatTable                              
0     003fe66c  _IQ23mpyRndSatTable                              
0     003fe678  _IQ22mpyRndSatTable                              
0     003fe684  _IQ21mpyRndSatTable                              
0     003fe690  _IQ20mpyRndSatTable                              
0     003fe69c  _IQ19mpyRndSatTable                              
0     003fe6a8  _IQ18mpyRndSatTable                              
0     003fe6b4  _IQ17mpyRndSatTable                              
0     003fe6c0  _IQ16mpyRndSatTable                              
0     003fe6cc  _IQ15mpyRndSatTable                              
0     003fe6d8  _IQ14mpyRndSatTable                              
0     003fe6e4  _IQ13mpyRndSatTable                              
0     003fe6f0  _IQ12mpyRndSatTable                              
0     003fe6fc  _IQ11mpyRndSatTable                              
0     003fe708  _IQ10mpyRndSatTable                              
0     003fe714  _IQ9mpyRndSatTable                               
0     003fe720  _IQ8mpyRndSatTable                               
0     003fe72c  _IQ7mpyRndSatTable                               
0     003fe738  _IQ6mpyRndSatTable                               
0     003fe744  _IQ5mpyRndSatTable                               
0     003fe750  _IQ4mpyRndSatTable                               
0     003fe75c  _IQ3mpyRndSatTable                               
0     003fe768  _IQ2mpyRndSatTable                               
0     003fe774  _IQ1mpyRndSatTable                               
0     003fe780  _IQmpyRndSatTableEnd                             
1     00000400  __stack                                          
1     00000600  __STACK_END                                      
abs   00000036  _RamfuncsLoadSize                                
abs   00000200  __STACK_SIZE                                     
abs   003f861b  _EST_getState                                    
abs   003f861d  _EST_useZeroIq_ref                               
abs   003f8679  _EST_isMotorIdentified                           
abs   003f8713  _EST_updateState                                 
abs   003f89f5  _EST_updateId_ref_pu                             
abs   003f8a18  _EST_setRs_pu                                    
abs   003f8adb  _EST_setMaxCurrentSlope_pu                       
abs   003f8ae7  _EST_setLs_q_pu                                  
abs   003f8af1  _EST_setLs_qFmt                                  
abs   003f8b45  _EST_setLs_d_pu                                  
abs   003f8b63  _EST_setIq_ref_pu                                
abs   003f8b67  _EST_setIdle_all                                 
abs   003f8b7a  _EST_setIdle                                     
abs   003f8b80  _EST_setId_ref_pu                                
abs   003f8bd3  _EST_setFlag_enableRsRecalc                      
abs   003f8bdb  _EST_setFlag_enableForceAngle                    
abs   003f8c0d  _EST_getAngle_pu                                 
abs   003f927b  _EST_run                                         
abs   003f9378  _EST_isOnLine                                    
abs   003f937f  _EST_isLockRotor                                 
abs   003f9386  _EST_isIdle                                      
abs   003f938d  _EST_isError                                     
abs   003f9453  _EST_get_pu_to_krpm_sf                           
abs   003f9458  _EST_get_krpm_to_pu_sf                           
abs   003f94c6  _EST_getSpeed_krpm                               
abs   003f9513  _EST_getRs_Ohm                                   
abs   003f95ad  _EST_getRr_Ohm                                   
abs   003f95b3  _EST_getOneOverDcBus_pu                          
abs   003f95bd  _EST_getMaxCurrentSlope_pu                       
abs   003f95c9  _EST_getLs_q_pu                                  
abs   003f95ce  _EST_getLs_q_H                                   
abs   003f95f0  _EST_getLs_d_pu                                  
abs   003f95f5  _EST_getLs_d_H                                   
abs   003f95ff  _EST_getLs_coarse_max_pu                         
abs   003f9632  _EST_getIdRated                                  
abs   003f968e  _EST_getFm_pu                                    
abs   003f96ab  _EST_getFlux_pu                                  
abs   003f96be  _EST_getFlux_VpHz                                
abs   003f9758  _EST_doSpeedCtrl                                 
abs   003f9760  _EST_doCurrentCtrl                               
abs   003f9806  _CTRL_setupTraj                                  
abs   003f996a  _CTRL_setupEstOnLineState                        
abs   003f99a5  _CTRL_setupEstIdleState                          
abs   003f9b43  _CTRL_setupCtrl                                  
abs   003f9d31  _CTRL_setUserMotorParams                         
abs   003f9e64  _CTRL_setEstParams                               
abs   003fa5d1  _CTRL_runTraj                                    
abs   003fa6fb  _CTRL_initCtrl                                   
abs   003fa721  _CTRL_getVersion                                 
abs   ffffffff  ___TI_pprof_out_hndl                             
abs   ffffffff  ___TI_prof_data_size                             
abs   ffffffff  ___TI_prof_data_start                            
abs   ffffffff  ___binit__                                       
abs   ffffffff  ___c_args__                                      
abs   ffffffff  ___pinit__                                       
abs   ffffffff  binit                                            
abs   ffffffff  pinit                                            

[839 symbols]
